04-30 22:31:34.843   605   605 I DOLayout: [OffloadLayoutManager] isTopActivityEquals(30) > Current: ComponentInfo{com.google.android.wearable.watchface.rwf/androidx.wear.watchface.ComplicationHelperActivity}, ToFront:ComponentInfo{com.google.android.wearable.watchface.rwf/com.google.android.wearable.libraries.watchface.watchfaceeditor.WatchFaceEditorActivity}
04-30 22:31:34.843   605   605 I DOLayout: onTopTaskChanged: activityToFront=ComponentInfo{com.google.android.wearable.watchface.rwf/com.google.android.wearable.libraries.watchface.watchfaceeditor.WatchFaceEditorActivity}
04-30 22:31:35.164   605   658 V SystemTransitions:    ChangeInfo{7be7354 container=ActivityRecord{51829605 u0 com.google.android.wearable.watchface.rwf/androidx.wear.watchface.ComplicationHelperActivity t2 f}} flags=0x0}
04-30 22:31:35.185   605   658 V WindowManager:    ChangeInfo{7be7354 container=ActivityRecord{51829605 u0 com.google.android.wearable.watchface.rwf/androidx.wear.watchface.ComplicationHelperActivity t2 f}} flags=0x0}
04-30 22:31:35.187   605   658 V WindowManager: Setting visibility of Window{64248c u0 com.google.android.wearable.watchface.rwf/androidx.wear.watchface.ComplicationHelperActivity}: false, caller=com.android.server.wm.WindowContainer.sendAppVisibilityToClients:19 com.android.server.wm.WindowToken.setClientVisible:48 com.android.server.wm.ActivityRecord.commitVisibility:186 com.android.server.wm.TransitionController.finishTransition:98 com.android.server.wm.WindowOrganizerController.finishTransition:49 
04-30 22:31:35.189   524   524 D SurfaceFlinger:        DEVICE |           22887880720471 | 00002102 | RGBA_8888    |    0.0    0.0  450.0  450.0 |    0    0  450  450 | com.google.android.wearable.watchfac[...]eeditor.WatchFaceEditorActivity#2173 (43)
04-30 22:31:35.229  5329  5329 I VRI[WatchFaceEditorActivity]@d6cd044: Relayout returned: old=(0,0,450,450) new=(0,0,450,450) req=(450,450)0 dur=1 res=0x0 s={true 0xe2666e80} ch=false seqId=0
04-30 22:31:35.236  5329  5329 I VRI[WatchFaceEditorActivity]@d6cd044: MSG_WINDOW_FOCUS_CHANGED 1 0
04-30 22:31:35.237   605  5940 V WindowManager: Relayout Window{15edcad u0 com.google.android.wearable.watchface.rwf/com.google.android.wearable.libraries.watchface.watchfaceeditor.WatchFaceEditorActivity}: viewVisibility=0 req=450x450 ty=1 d0
04-30 22:31:35.238   605  5940 D PowerManagerService: [api] acquire WakeLock SCREEN_BRIGHT_WAKE_LOCK           'WindowManager/displayId:0' ON_AFTER_RELEASE (uid=1000 pid=605 pkg=android ws=WorkSource{10214 com.google.android.wearable.watchface.rwf} displayId=0 lock=90b2276)
04-30 22:31:35.258   605   845 I ImeTracker: com.google.android.wearable.watchface.rwf:7b62828a: onRequestHide at ORIGIN_SERVER reason HIDE_UNSPECIFIED_WINDOW fromUser false
04-30 22:31:35.264   605  4215 V WindowManager: Relayout Window{64248c u0 com.google.android.wearable.watchface.rwf/androidx.wear.watchface.ComplicationHelperActivity}: viewVisibility=8 req=450x450 ty=1 d0
04-30 22:31:35.280   605  5940 D CoreBackPreview: Window{64248c u0 com.google.android.wearable.watchface.rwf/androidx.wear.watchface.ComplicationHelperActivity}: Setting back callback null
04-30 22:31:35.282   605  4215 V WindowManager: Remove Window{64248c u0 com.google.android.wearable.watchface.rwf/androidx.wear.watchface.ComplicationHelperActivity}: mSurfaceControl=Surface(name=com.google.android.wearable.watchface.rwf/androidx.wear.watchface.ComplicationHelperActivity)/@0xe7856d mAnimatingExit=false mRemoveOnExit=false mHasSurface=true surfaceShowing=false animating=false app-animation=false callers=com.android.server.wm.Session.remove:16 android.view.IWindowSession$Stub.onTransact:696 com.android.server.wm.Session.onTransact:1 android.os.Binder.execTransactInternal:1421 android.os.Binder.execTransact:1365 <bottom of call stack> 
04-30 22:31:35.286  5329  5329 I ImeTracker: com.google.android.wearable.watchface.rwf:7b62828a: onCancelled at PHASE_CLIENT_ALREADY_HIDDEN
04-30 22:31:35.289   524   833 I SurfaceFlinger: id=2205 Removed 8897f2e ActivityRecordInputSink com.google.android.wearable.watchface.rwf/androidx.wear.watchface.ComplicationHelperActivity#2205 (118)
04-30 22:31:35.317   524   524 I SurfaceFlinger: id=2200 Removed 64248c com.google.android.wearable.watchface.rwf/androidx.wear.watchface.ComplicationHelperActivity#2200 (118)
04-30 22:31:35.317   524   524 I SurfaceFlinger: id=2201 Removed com.google.android.wearable.watchface.rwf/androidx.wear.watchface.ComplicationHelperActivity#2201 (118)
04-30 22:31:35.333   524   524 I Layer   : id=2200 Destroyed 64248c com.google.android.wearable.watchface.rwf/androidx.wear.watchface.ComplicationHelperActivity#2200
04-30 22:31:35.333   524   524 I Layer   : id=2201 Destroyed com.google.android.wearable.watchface.rwf/androidx.wear.watchface.ComplicationHelperActivity#2201
04-30 22:31:36.160  5329  5329 I VRI[WatchFaceEditorActivity]@d6cd044: ViewPostIme pointer 0
04-30 22:31:36.217  5329  5329 I VRI[WatchFaceEditorActivity]@d6cd044: ViewPostIme pointer 1
04-30 22:31:36.254   605  2729 V WindowManager: Collecting in transition 624: ActivityRecord{33969436 u0 com.google.android.wearable.watchface.rwf/androidx.wear.watchface.ComplicationHelperActivity, caller=com.android.server.wm.TransitionController.collect:6 com.android.server.wm.ActivityStarter.executeRequest:317 com.android.server.wm.ActivityStarter.execute:979 com.android.server.wm.ActivityTaskManagerService.startActivityAsUser:37 com.android.server.wm.ActivityTaskManagerService.startActivity:28 
04-30 22:31:36.261   524   832 I SurfaceFlinger: id=2208 createSurf flag=84004, ActivityRecord{33969436 u0 com.google.android.wearable.watchface.rwf/androidx.wear.watchface.ComplicationHelperActivity t2}#2208
04-30 22:31:36.269   605  2729 V WindowManager: Collecting in transition 624: ActivityRecord{33969436 u0 com.google.android.wearable.watchface.rwf/androidx.wear.watchface.ComplicationHelperActivity t2}, caller=com.android.server.wm.Transition.collectExistenceChange:39 com.android.server.wm.ActivityStarter.handleStartResult:266 com.android.server.wm.ActivityStarter.executeRequest:324 com.android.server.wm.ActivityStarter.execute:979 com.android.server.wm.ActivityTaskManagerService.startActivityAsUser:37 
04-30 22:31:36.270   605  2729 V WindowManager:    ChangeInfo{aaae4ab container=ActivityRecord{33969436 u0 com.google.android.wearable.watchface.rwf/androidx.wear.watchface.ComplicationHelperActivity t2} flags=0x0}
04-30 22:31:36.271   605  2729 V SystemTransitions:    ChangeInfo{aaae4ab container=ActivityRecord{33969436 u0 com.google.android.wearable.watchface.rwf/androidx.wear.watchface.ComplicationHelperActivity t2} flags=0x0}
04-30 22:31:36.271   605  2729 V SystemTransitions: }}TransitionRequestInfo { type = OPEN, triggerTask = TaskInfo{userId=0 taskId=2 effectiveUid=10048 displayId=0 isRunning=true baseIntent=Intent { act=android.intent.action.MAIN cat=[android.intent.category.HOME] flg=0x10800100 cmp=com.samsung.android.wearable.sysui/com.google.android.clockwork.sysui.mainui.activity.SysUiActivity } baseActivity=ComponentInfo{com.samsung.android.wearable.sysui/com.google.android.clockwork.sysui.mainui.activity.SysUiActivity} topActivity=ComponentInfo{com.google.android.wearable.watchface.rwf/androidx.wear.watchface.ComplicationHelperActivity} origActivity=null realActivity=ComponentInfo{com.samsung.android.wearable.sysui/com.google.android.clockwork.sysui.mainui.activity.SysUiActivity} numActivities=3 lastActiveTime=175672720 supportsMultiWindow=false resizeMode=0 isResizeable=false minWidth=-1 minHeight=-1 defaultMinSize=220 token=WCT{RemoteToken{dad0406 Task{28586f5 #2 type=home A=10048:com.samsung.android.wearable.sysui nonResizable}}} topActivityType=2 pictureInPictureParams=null shouldDockBigOverlays=false launchIntoPipHostTaskId=-1 lastParentTaskIdBeforePip=-1 displayCutoutSafeInsets=Rect(0, 0 - 0, 0) topActivityInfo=ActivityInfo{a01a3dd androidx.wear.watchface.ComplicationHelperActivity} launchCookies=[] positionInParent=Point(0, 0) parentTaskId=-1 isFocused=true isVisible=true isVisibleRequested=true isTopActivityNoDisplay=false isSleeping=false locusId=null displayAreaFeatureId=1 isTopActivityTransparent=true isActivityStackTransparent=false lastNonFullscreenBounds=Rect(57, 57 - 393, 393) capturedLink=null capturedLinkTimestamp=0 requestedVisibleTypes=-9 topActivityRequestOpenInBrowserEducationTimestamp=0 appCompatTaskInfo=AppCompatTaskInfo { topActivityInSizeCompat=false eligibleForLetterboxEducation= false isLetterboxEducationEnabled= false isLetterboxDoubleTapEnabled= false eligibleForUserAspectRatioButton= false topActivityBoundsLetterboxed= false isFromLetterboxDoubleTap= false topActivityLetterboxVerticalPosition= -1 topActivityLetterboxHorizontalPosition= -1 topActivityLetterboxWidth=-1 topActivityLetterboxHeight=-1 topActivityAppBounds=Rect(0, 0 - 450, 450) isUserFullscreenOverrideEnabled=false isSystemFullscreenOverrideEnabled=false hasMinAspectRatioOverride=false topActivityLetterboxBounds=null cameraCompatTaskInfo=CameraCompatTaskInfo { freeformCameraCompatMode=inactive}} topActivityMainWindowFrame=null}, pipChange = null, remoteTransition = null, displayChange = null, flags = 0, debugId = 624 }
04-30 22:31:36.271   605  2729 I ActivityTaskManager: START u0 {act=android.support.wearable.complications.ACTION_START_PROVIDER_CHOOSER xflg=0x4 cmp=com.google.android.wearable.watchface.rwf/androidx.wear.watchface.ComplicationHelperActivity (has extras)} with LAUNCH_MULTIPLE from uid 10214 (rr=4132072) (BAL_ALLOW_VISIBLE_WINDOW) result code=0
04-30 22:31:36.277   605  2729 V WindowManager: Collecting in transition 624: ActivityRecord{33969436 u0 com.google.android.wearable.watchface.rwf/androidx.wear.watchface.ComplicationHelperActivity t2}, caller=com.android.server.wm.TransitionController.collect:6 com.android.server.wm.ActivityRecord.setVisibility:131 com.android.server.wm.ActivityRecord.makeVisibleIfNeeded:36 com.android.server.wm.EnsureActivitiesVisibleHelper.process:468 com.android.server.wm.TaskFragment.updateActivityVisibilities:8 
04-30 22:31:36.279   605  2729 V WindowManager: Collecting in transition 624: ActivityRecord{33969436 u0 com.google.android.wearable.watchface.rwf/androidx.wear.watchface.ComplicationHelperActivity t2}, caller=com.android.server.wm.TransitionController.collect:6 com.android.server.wm.ActivityRecord.setVisibility:131 com.android.server.wm.ActivityTaskSupervisor.realStartActivityLocked:177 com.android.server.wm.ActivityTaskSupervisor.startSpecificActivity:27 com.android.server.wm.TaskFragment.resumeTopActivity:1205 
04-30 22:31:36.281   605  2729 D InputDispatcher: Focused application(0): ActivityRecord{33969436 u0 com.google.android.wearable.watchface.rwf/androidx.wear.watchface.ComplicationHelperActivity t2}
04-30 22:31:36.281   605  2729 V WindowManager: Changing focus from Window{15edcad u0 com.google.android.wearable.watchface.rwf/com.google.android.wearable.libraries.watchface.watchfaceeditor.WatchFaceEditorActivity} to null displayId=0 Callers=com.android.server.wm.ActivityTaskManagerService.setLastResumedActivityUncheckLocked:173 com.android.server.wm.ActivityTaskSupervisor.updateTopResumedActivityIfNeeded:49 com.android.server.wm.TaskFragment.setResumedActivity:29 com.android.server.wm.ActivityRecord.setState:100 
04-30 22:31:36.285  5329  5329 I VRI[WatchFaceEditorActivity]@d6cd044: Relayout returned: old=(0,0,450,450) new=(0,0,450,450) req=(450,450)0 dur=0 res=0x0 s={true 0xe2666e80} ch=false seqId=0
04-30 22:31:36.287   605  5940 V WindowManager: Relayout Window{15edcad u0 com.google.android.wearable.watchface.rwf/com.google.android.wearable.libraries.watchface.watchfaceeditor.WatchFaceEditorActivity}: viewVisibility=0 req=450x450 ty=1 d0
04-30 22:31:36.287   605  5940 D PowerManagerService: [api] release WakeLock SCREEN_BRIGHT_WAKE_LOCK           'WindowManager/displayId:0' ON_AFTER_RELEASE ACQ=-1s48ms (uid=1000 pid=605 pkg=android ws=WorkSource{10214 com.google.android.wearable.watchface.rwf} displayId=0 lock=90b2276)
04-30 22:31:36.288   605  5940 D PowerManagerService: [api] applyWakeLockFlagsOnReleaseLocked : userActivityNoUpdateLocked is called : SCREEN_BRIGHT_WAKE_LOCK           'WindowManager/displayId:0' ON_AFTER_RELEASE DISABLED (uid=1000 pid=605 pkg=android ws=WorkSource{10214 com.google.android.wearable.watchface.rwf} displayId=0 lock=90b2276)
04-30 22:31:36.329   605  4215 D WindowManager: prepareSync <SYNC_STATE_WAITING_FOR_DRAW>, prepareSyncSeqId=0, w=Window{553997f u0 com.google.android.wearable.watchface.rwf/androidx.wear.watchface.ComplicationHelperActivity}
04-30 22:31:36.330   524   833 I SurfaceFlinger: id=2210 createSurf flag=84004, 553997f com.google.android.wearable.watchface.rwf/androidx.wear.watchface.ComplicationHelperActivity#2210
04-30 22:31:36.336   605  4215 D CoreBackPreview: Window{553997f u0 com.google.android.wearable.watchface.rwf/androidx.wear.watchface.ComplicationHelperActivity}: Setting back callback OnBackInvokedCallbackInfo{mCallback=android.window.IOnBackInvokedCallback$Stub$Proxy@dda7195, mPriority=-1, mIsAnimationCallback=false, mOverrideBehavior=0}
04-30 22:31:36.337   605  2881 V WindowManager: Relayout Window{553997f u0 com.google.android.wearable.watchface.rwf/androidx.wear.watchface.ComplicationHelperActivity}: viewVisibility=0 req=450x450 ty=1 d0
04-30 22:31:36.337   524   833 I SurfaceFlinger: id=2211 createSurf flag=44004, com.google.android.wearable.watchface.rwf/androidx.wear.watchface.ComplicationHelperActivity#2211
04-30 22:31:36.339   605  2881 V WindowManager: Changing focus from null to Window{553997f u0 com.google.android.wearable.watchface.rwf/androidx.wear.watchface.ComplicationHelperActivity} displayId=0 Callers=com.android.server.wm.Session.relayout:1308 android.view.IWindowSession$Stub.onTransact:721 com.android.server.wm.Session.onTransact:1 android.os.Binder.execTransactInternal:1421 
04-30 22:31:36.360   605  4215 D WindowManager: finishDrawingWindow: Window{553997f u0 com.google.android.wearable.watchface.rwf/androidx.wear.watchface.ComplicationHelperActivity} mDrawState=DRAW_PENDING seqId=0
04-30 22:31:36.368   605 28430 V WindowManager: Changing focus from Window{553997f u0 com.google.android.wearable.watchface.rwf/androidx.wear.watchface.ComplicationHelperActivity} to null displayId=0 Callers=com.android.server.wm.ActivityTaskManagerService.setLastResumedActivityUncheckLocked:173 com.android.server.wm.ActivityTaskSupervisor.updateTopResumedActivityIfNeeded:49 com.android.server.wm.TaskFragment.setResumedActivity:29 com.android.server.wm.ActivityRecord.setState:100 
04-30 22:31:36.403   605 28430 D InputDispatcher: Focus left window (0): 15edcad com.google.android.wearable.watchface.rwf/com.google.android.wearable.libraries.watchface.watchfaceeditor.WatchFaceEditorActivity
04-30 22:31:36.405  5329  5329 I VRI[WatchFaceEditorActivity]@d6cd044: MSG_WINDOW_FOCUS_CHANGED 0 0
04-30 22:31:36.411  1031  1031 I SysUI   : [ProviderChooserActivity]Requesting public complications with watchface: SysUiWatchFaceId[com.google.android.wearable.watchface.rwf,com.google.android.wearable.watchface.koru.reveal.RevealWatchFaceService]
04-30 22:31:36.440  1031  1031 I SysUI   : [ProviderChooserControl]setProviderAppsForOtherWatchface()
04-30 22:31:36.460   605   659 V WindowManager: performShowLocked: mDrawState=HAS_DRAWN in Window{553997f u0 com.google.android.wearable.watchface.rwf/androidx.wear.watchface.ComplicationHelperActivity}
04-30 22:31:36.461   605   659 V WindowManager:   Final targets: [ChangeInfo{7d83e4d container=ActivityRecord{116735523 u0 com.samsung.android.wearable.sysui/com.google.android.clockwork.sysui.experiences.complications.ProviderChooserActivity t2} flags=0x0}, ChangeInfo{aaae4ab container=ActivityRecord{33969436 u0 com.google.android.wearable.watchface.rwf/androidx.wear.watchface.ComplicationHelperActivity t2} flags=0x0}]
04-30 22:31:36.465   605   659 I SurfaceControlRegistry: show, t=StartTransaction_SyncId<624> sc=ActivityRecord{33969436 u0 com.google.android.wearable.watchface.rwf/androidx.wear.watchface.ComplicationHelperActivity t2}, caller=android.view.SurfaceControl$Transaction.show:3378 com.android.server.wm.Transition.onTransactionReady:1785 com.android.server.wm.BLASTSyncEngine$SyncGroup.finishNow:238 com.android.server.wm.BLASTSyncEngine.onSurfacePlacement:303 com.android.server.wm.RootWindowContainer.performSurfacePlacementNoTrace:971 com.android.server.wm.WindowSurfacePlacer.performSurfacePlacement:161 
04-30 22:31:36.479   605   659 V SystemTransitions:    ChangeInfo{aaae4ab container=ActivityRecord{33969436 u0 com.google.android.wearable.watchface.rwf/androidx.wear.watchface.ComplicationHelperActivity t2} flags=0x0}
04-30 22:31:36.479   605   659 V SystemTransitions:         {m=OPEN f=TRANSLUCENT|FILLS_TASK leash=Surface(name=ActivityRecord{33969436 u0 com.google.android.wearable.watchface.rwf/androidx.wear.watchface.ComplicationHelperActivity t2})/@0xb24174e sb=Rect(0, 0 - 0, 0) eb=Rect(0, 0 - 450, 450) epz=Point(450, 450) d=-1->0 r=-1->0:-1 bc=ff000000 component=com.google.android.wearable.watchface.rwf/androidx.wear.watchface.ComplicationHelperActivity opt={t=FROM_STYLE mUserId=0}}
04-30 22:31:36.479   605   659 I SurfaceControlRegistry: show, t=StartTransaction_SyncId<624> sc=ActivityRecord{33969436 u0 com.google.android.wearable.watchface.rwf/androidx.wear.watchface.ComplicationHelperActivity t2}, caller=android.view.SurfaceControl$Transaction.show:3378 com.android.server.wm.SystemTransitions.dispatchReady:542 com.android.server.wm.TransitionController$SystemTransitionPlayer.onTransitionReady:254 com.android.server.wm.Transition.onTransactionReady:2525 com.android.server.wm.BLASTSyncEngine$SyncGroup.finishNow:238 com.android.server.wm.BLASTSyncEngine.onSurfacePlacement:303 
04-30 22:31:36.480   605   659 I SurfaceControlRegistry: show, t=FinishTransaction_SyncId<624> sc=ActivityRecord{33969436 u0 com.google.android.wearable.watchface.rwf/androidx.wear.watchface.ComplicationHelperActivity t2}, caller=android.view.SurfaceControl$Transaction.show:3378 com.android.server.wm.SystemTransitions.dispatchReady:570 com.android.server.wm.TransitionController$SystemTransitionPlayer.onTransitionReady:254 com.android.server.wm.Transition.onTransactionReady:2525 com.android.server.wm.BLASTSyncEngine$SyncGroup.finishNow:238 com.android.server.wm.BLASTSyncEngine.onSurfacePlacement:303 
04-30 22:31:36.481   605   659 V SystemTransitions:    ChangeInfo{aaae4ab container=ActivityRecord{33969436 u0 com.google.android.wearable.watchface.rwf/androidx.wear.watchface.ComplicationHelperActivity t2} flags=0x0}
04-30 22:31:36.512   524   524 D SurfaceFlinger:        DEVICE |           22887880720472 | 00002102 | RGBA_8888    |    0.0    0.0  450.0  450.0 |    0    0  450  450 | com.google.android.wearable.watchfac[...]eeditor.WatchFaceEditorActivity#2173 (48)
04-30 22:31:36.517   524   832 I SurfaceFlinger: id=2215 createSurf flag=84000, 7840b69 ActivityRecordInputSink com.google.android.wearable.watchface.rwf/androidx.wear.watchface.ComplicationHelperActivity#2215
04-30 22:31:36.580   605   605 I DOLayout: [OffloadLayoutManager] isTopActivityEquals(30) > Current: ComponentInfo{com.google.android.wearable.watchface.rwf/com.google.android.wearable.libraries.watchface.watchfaceeditor.WatchFaceEditorActivity}, ToFront:ComponentInfo{com.samsung.android.wearable.sysui/com.google.android.clockwork.sysui.experiences.complications.ProviderChooserActivity}
04-30 22:31:36.650  1031  1031 I SysUI   : [ProviderAppSortHelper]App = [Pixel Bridge] Provider = [Active Minutes (Pixel Bridge)] pkg = [com.pixelbridge.complications] class = [com.pixelbridge.complications.ActiveMinutesComplicationService]
04-30 22:31:36.651  1031  1031 I SysUI   : [ProviderAppSortHelper]App = [Pixel Bridge] Provider = [Calories (Pixel Bridge)] pkg = [com.pixelbridge.complications] class = [com.pixelbridge.complications.CaloriesComplicationService]
04-30 22:31:36.651  1031  1031 I SysUI   : [ProviderAppSortHelper]App = [Pixel Bridge] Provider = [Distance (Pixel Bridge)] pkg = [com.pixelbridge.complications] class = [com.pixelbridge.complications.DistanceComplicationService]
04-30 22:31:36.651  1031  1031 I SysUI   : [ProviderAppSortHelper]App = [Pixel Bridge] Provider = [Elevation (Pixel Bridge)] pkg = [com.pixelbridge.complications] class = [com.pixelbridge.complications.ElevationComplicationService]
04-30 22:31:36.651  1031  1031 I SysUI   : [ProviderAppSortHelper]App = [Pixel Bridge] Provider = [Floors (Pixel Bridge)] pkg = [com.pixelbridge.complications] class = [com.pixelbridge.complications.FloorsComplicationService]
04-30 22:31:36.651  1031  1031 I SysUI   : [ProviderAppSortHelper]App = [Pixel Bridge] Provider = [HRV (Pixel Bridge)] pkg = [com.pixelbridge.complications] class = [com.pixelbridge.complications.HRVComplicationService]
04-30 22:31:36.651  1031  1031 I SysUI   : [ProviderAppSortHelper]App = [Pixel Bridge] Provider = [Heart Rate (Pixel Bridge)] pkg = [com.pixelbridge.complications] class = [com.pixelbridge.complications.HeartRateComplicationService]
04-30 22:31:36.651  1031  1031 I SysUI   : [ProviderAppSortHelper]App = [Pixel Bridge] Provider = [Resp. Rate (Pixel Bridge)] pkg = [com.pixelbridge.complications] class = [com.pixelbridge.complications.RespiratoryRateComplicationService]
04-30 22:31:36.651  1031  1031 I SysUI   : [ProviderAppSortHelper]App = [Pixel Bridge] Provider = [Sleep (Pixel Bridge)] pkg = [com.pixelbridge.complications] class = [com.pixelbridge.complications.SleepComplicationService]
04-30 22:31:36.651  1031  1031 I SysUI   : [ProviderAppSortHelper]App = [Pixel Bridge] Provider = [SpO2 (Pixel Bridge)] pkg = [com.pixelbridge.complications] class = [com.pixelbridge.complications.SpO2ComplicationService]
04-30 22:31:36.652  1031  1031 I SysUI   : [ProviderAppSortHelper]App = [Pixel Bridge] Provider = [Steps (Pixel Bridge)] pkg = [com.pixelbridge.complications] class = [com.pixelbridge.complications.StepsComplicationService]
04-30 22:31:36.909   605   658 V SystemTransitions:    ChangeInfo{aaae4ab container=ActivityRecord{33969436 u0 com.google.android.wearable.watchface.rwf/androidx.wear.watchface.ComplicationHelperActivity t2} flags=0x0}
04-30 22:31:36.912   605   658 V WindowManager:    ChangeInfo{aaae4ab container=ActivityRecord{33969436 u0 com.google.android.wearable.watchface.rwf/androidx.wear.watchface.ComplicationHelperActivity t2} flags=0x0}
04-30 22:31:37.776  1031  1031 I SysUI   : [WFEditingManagerImpl]complicationInfo: ComplicationInfo{slotId=1, providerComponent=ComponentInfo{com.pixelbridge.complications/com.pixelbridge.complications.SpO2ComplicationService}, type=5, isEnabled=true}
04-30 22:31:37.798   605  4215 D InputDispatcher: Focused application(0): ActivityRecord{33969436 u0 com.google.android.wearable.watchface.rwf/androidx.wear.watchface.ComplicationHelperActivity t2}
04-30 22:31:37.798   605  4215 V WindowManager: Changing focus from Window{3a0e238 u0 com.samsung.android.wearable.sysui/com.google.android.clockwork.sysui.experiences.complications.ProviderChooserActivity} to Window{553997f u0 com.google.android.wearable.watchface.rwf/androidx.wear.watchface.ComplicationHelperActivity} displayId=0 Callers=com.android.server.wm.ActivityTaskManagerService.setLastResumedActivityUncheckLocked:173 com.android.server.wm.ActivityTaskSupervisor.updateTopResumedActivityIfNeeded:49 com.android.server.wm.TaskFragment.setResumedActivity:29 com.android.server.wm.ActivityRecord.setState:100 
04-30 22:31:37.842   605  8232 V WindowManager: Collecting in transition 626: ActivityRecord{33969436 u0 com.google.android.wearable.watchface.rwf/androidx.wear.watchface.ComplicationHelperActivity t2 f}}, caller=com.android.server.wm.Transition.collectExistenceChange:39 com.android.server.wm.Transition.collectClose:7 com.android.server.wm.ActivityRecord.finishIfPossible:29 com.android.server.wm.ActivityClientController.finishActivity:266 android.app.IActivityClientController$Stub.onTransact:810 
04-30 22:31:37.849   605  8232 D WindowManager: prepareSync <SYNC_STATE_WAITING_FOR_DRAW>, prepareSyncSeqId=0, w=Window{553997f u0 com.google.android.wearable.watchface.rwf/androidx.wear.watchface.ComplicationHelperActivity}
04-30 22:31:37.854   605  8232 V WindowManager: Collecting in transition 626: ActivityRecord{33969436 u0 com.google.android.wearable.watchface.rwf/androidx.wear.watchface.ComplicationHelperActivity t2 f}}, caller=com.android.server.wm.TransitionController.collect:6 com.android.server.wm.ActivityRecord.setVisibility:131 com.android.server.wm.ActivityRecord.finishIfPossible:49 com.android.server.wm.ActivityClientController.finishActivity:266 android.app.IActivityClientController$Stub.onTransact:810 
04-30 22:31:37.861   605  4215 D InputDispatcher: Focused application(0): ActivityRecord{4132072 u0 com.google.android.wearable.watchface.rwf/com.google.android.wearable.libraries.watchface.watchfaceeditor.WatchFaceEditorActivity t2}
04-30 22:31:37.862   605  4215 V WindowManager: Changing focus from Window{553997f u0 com.google.android.wearable.watchface.rwf/androidx.wear.watchface.ComplicationHelperActivity} to Window{15edcad u0 com.google.android.wearable.watchface.rwf/com.google.android.wearable.libraries.watchface.watchfaceeditor.WatchFaceEditorActivity} displayId=0 Callers=com.android.server.wm.ActivityTaskManagerService.setLastResumedActivityUncheckLocked:173 com.android.server.wm.ActivityTaskSupervisor.updateTopResumedActivityIfNeeded:49 com.android.server.wm.TaskFragment.setResumedActivity:29 com.android.server.wm.ActivityRecord.setState:100 
04-30 22:31:37.942   605   659 V WindowManager:   Final targets: [ChangeInfo{dfc2a44 container=ActivityRecord{33969436 u0 com.google.android.wearable.watchface.rwf/androidx.wear.watchface.ComplicationHelperActivity t2 f}} flags=0x0}]
04-30 22:31:37.953   524   832 I SurfaceFlinger: id=2218 createSurf flag=84004, Transition Root: ActivityRecord{33969436 u0 com.google.android.wearable.watchface.rwf/androidx.wear.watchface.ComplicationHelperActivity t2 f}}#2218
04-30 22:31:37.966   605   659 V SystemTransitions:    ChangeInfo{dfc2a44 container=ActivityRecord{33969436 u0 com.google.android.wearable.watchface.rwf/androidx.wear.watchface.ComplicationHelperActivity t2 f}} flags=0x0}
04-30 22:31:37.966   605   659 V SystemTransitions:         {m=CLOSE f=TRANSLUCENT|FILLS_TASK leash=Surface(name=ActivityRecord{33969436 u0 com.google.android.wearable.watchface.rwf/androidx.wear.watchface.ComplicationHelperActivity t2})/@0xd3154ae sb=Rect(0, 0 - 450, 450) eb=Rect(0, 0 - 450, 450) epz=Point(450, 450) d=0 bc=ff000000 component=com.google.android.wearable.watchface.rwf/androidx.wear.watchface.ComplicationHelperActivity opt={t=FROM_STYLE mUserId=0}}
04-30 22:31:37.967   605   659 I SurfaceControlRegistry: hide, t=FinishTransaction_SyncId<626> sc=ActivityRecord{33969436 u0 com.google.android.wearable.watchface.rwf/androidx.wear.watchface.ComplicationHelperActivity t2}, caller=android.view.SurfaceControl$Transaction.hide:3404 com.android.server.wm.SystemTransitions.dispatchReady:538 com.android.server.wm.TransitionController$SystemTransitionPlayer.onTransitionReady:254 com.android.server.wm.Transition.onTransactionReady:2525 com.android.server.wm.BLASTSyncEngine$SyncGroup.finishNow:238 com.android.server.wm.BLASTSyncEngine.onSurfacePlacement:303 
04-30 22:31:37.974   605   659 V SystemTransitions:    ChangeInfo{dfc2a44 container=ActivityRecord{33969436 u0 com.google.android.wearable.watchface.rwf/androidx.wear.watchface.ComplicationHelperActivity t2 f}} flags=0x0}
04-30 22:31:37.988   524   570 D SurfaceFlinger: [input] setFocusedWindow: 553997f com.google.android.wearable.watchface.rwf/androidx.wear.watchface.ComplicationHelperActivity
04-30 22:31:37.993   524   524 D SurfaceFlinger:        DEVICE |           22887880720472 | 00002102 | RGBA_8888    |    0.0    0.0  450.0  450.0 |    0    0  450  450 | com.google.android.wearable.watchfac[...]eeditor.WatchFaceEditorActivity#2173 (48)
04-30 22:31:37.994   524   570 D SurfaceFlinger: [input] setFocusedWindow: 15edcad com.google.android.wearable.watchface.rwf/com.google.android.wearable.libraries.watchface.watchfaceeditor.WatchFaceEditorActivity
04-30 22:31:38.002   605  2729 D InputDispatcher: Once focus requested (0): 553997f com.google.android.wearable.watchface.rwf/androidx.wear.watchface.ComplicationHelperActivity
04-30 22:31:38.002   605  2729 D InputDispatcher: Focus entered window (0): 553997f com.google.android.wearable.watchface.rwf/androidx.wear.watchface.ComplicationHelperActivity
04-30 22:31:38.003   605  8232 D InputDispatcher: Once focus requested (0): 15edcad com.google.android.wearable.watchface.rwf/com.google.android.wearable.libraries.watchface.watchfaceeditor.WatchFaceEditorActivity
04-30 22:31:38.003   605  8232 D InputDispatcher: Focus left window (0): 553997f com.google.android.wearable.watchface.rwf/androidx.wear.watchface.ComplicationHelperActivity
04-30 22:31:38.003   605  8232 D InputDispatcher: Focus entered window (0): 15edcad com.google.android.wearable.watchface.rwf/com.google.android.wearable.libraries.watchface.watchfaceeditor.WatchFaceEditorActivity
04-30 22:31:38.011   605   658 V SystemTransitions:    ChangeInfo{dfc2a44 container=ActivityRecord{33969436 u0 com.google.android.wearable.watchface.rwf/androidx.wear.watchface.ComplicationHelperActivity t2 f}} flags=0x0}
04-30 22:31:38.012   605   658 I SurfaceControlRegistry: show, t=StartTransaction_SyncId<626> sc=Transition Root: ActivityRecord{33969436 u0 com.google.android.wearable.watchface.rwf/androidx.wear.watchface.ComplicationHelperActivity t2 f}}, caller=android.view.SurfaceControl$Transaction.show:3378 com.android.server.wm.SystemTransitions.processReadyQueue:235 com.android.server.wm.SystemTransitions.onFinishInner:218 com.android.server.wm.SystemTransitions.onFinish:9 com.android.server.wm.SystemTransitions$$ExternalSyntheticLambda6.onTransitionFinished:10 com.android.server.wm.SystemDefaultTransitionHandler$$ExternalSyntheticLambda1.run:35 
04-30 22:31:38.014   605   658 V SystemTransitions:    ChangeInfo{dfc2a44 container=ActivityRecord{33969436 u0 com.google.android.wearable.watchface.rwf/androidx.wear.watchface.ComplicationHelperActivity t2 f}} flags=0x0}
04-30 22:31:38.023   524   524 D SurfaceFlinger:        DEVICE |           22887880720472 | 00002102 | RGBA_8888    |    0.0    0.0  450.0  450.0 |    0    0  450  450 | com.google.android.wearable.watchfac[...]eeditor.WatchFaceEditorActivity#2173 (48)
04-30 22:31:38.038  1175  1175 I DisplayOffloadManager: updateTopActivity: taskId = 1; activityToFront=ComponentInfo{com.google.android.wearable.watchface.rwf/com.google.android.wearable.libraries.watchface.watchfaceeditor.WatchFaceEditorActivity}
04-30 22:31:38.041   605  2881 D DisplayOffload: updateTopTask: taskId=1; activityToFront=ComponentInfo{com.google.android.wearable.watchface.rwf/com.google.android.wearable.libraries.watchface.watchfaceeditor.WatchFaceEditorActivity}
04-30 22:31:38.047   605   658 V WindowManager:    ChangeInfo{dfc2a44 container=ActivityRecord{33969436 u0 com.google.android.wearable.watchface.rwf/androidx.wear.watchface.ComplicationHelperActivity t2 f}} flags=0x0}
04-30 22:31:38.048   605   658 V WindowManager: Setting visibility of Window{553997f u0 com.google.android.wearable.watchface.rwf/androidx.wear.watchface.ComplicationHelperActivity}: false, caller=com.android.server.wm.WindowContainer.sendAppVisibilityToClients:19 com.android.server.wm.WindowToken.setClientVisible:48 com.android.server.wm.ActivityRecord.commitVisibility:186 com.android.server.wm.TransitionController.finishTransition:98 com.android.server.wm.WindowOrganizerController.finishTransition:49 
04-30 22:31:38.052   524   524 I SurfaceFlinger: id=2218 Removed Transition Root: ActivityRecord{33969436 u0 com.google.android.wearable.watchface.rwf/androidx.wear.watchface.ComplicationHelperActivity t2 f}}#2218 (124)
04-30 22:31:38.070   524   524 I Layer   : id=2218 Destroyed Transition Root: ActivityRecord{33969436 u0 com.google.android.wearable.watchface.rwf/androidx.wear.watchface.ComplicationHelperActivity t2 f}}#2218
04-30 22:31:38.099   605   605 I DOLayout: [OffloadLayoutManager] isTopActivityEquals(30) > Current: ComponentInfo{com.samsung.android.wearable.sysui/com.google.android.clockwork.sysui.experiences.complications.ProviderChooserActivity}, ToFront:ComponentInfo{com.google.android.wearable.watchface.rwf/com.google.android.wearable.libraries.watchface.watchfaceeditor.WatchFaceEditorActivity}
04-30 22:31:38.100   605   605 I DOLayout: onTopTaskChanged: activityToFront=ComponentInfo{com.google.android.wearable.watchface.rwf/com.google.android.wearable.libraries.watchface.watchfaceeditor.WatchFaceEditorActivity}
04-30 22:31:38.327  5329  5329 I VRI[WatchFaceEditorActivity]@d6cd044: Relayout returned: old=(0,0,450,450) new=(0,0,450,450) req=(450,450)0 dur=0 res=0x0 s={true 0xe2666e80} ch=false seqId=0
04-30 22:31:38.328   605  8232 V WindowManager: Relayout Window{15edcad u0 com.google.android.wearable.watchface.rwf/com.google.android.wearable.libraries.watchface.watchfaceeditor.WatchFaceEditorActivity}: viewVisibility=0 req=450x450 ty=1 d0
04-30 22:31:38.328   605  8232 D PowerManagerService: [api] acquire WakeLock SCREEN_BRIGHT_WAKE_LOCK           'WindowManager/displayId:0' ON_AFTER_RELEASE (uid=1000 pid=605 pkg=android ws=WorkSource{10214 com.google.android.wearable.watchface.rwf} displayId=0 lock=90b2276)
04-30 22:31:38.345   605  8232 D CoreBackPreview: Window{553997f u0 com.google.android.wearable.watchface.rwf/androidx.wear.watchface.ComplicationHelperActivity}: Setting back callback null
04-30 22:31:38.350   605  8232 V WindowManager: Remove Window{553997f u0 com.google.android.wearable.watchface.rwf/androidx.wear.watchface.ComplicationHelperActivity}: mSurfaceControl=Surface(name=com.google.android.wearable.watchface.rwf/androidx.wear.watchface.ComplicationHelperActivity)/@0xfc20dba mAnimatingExit=false mRemoveOnExit=false mHasSurface=true surfaceShowing=false animating=false app-animation=false callers=com.android.server.wm.Session.remove:16 android.view.IWindowSession$Stub.onTransact:696 com.android.server.wm.Session.onTransact:1 android.os.Binder.execTransactInternal:1421 android.os.Binder.execTransact:1365 <bottom of call stack> 
04-30 22:31:38.355  5329  5329 I VRI[WatchFaceEditorActivity]@d6cd044: MSG_WINDOW_FOCUS_CHANGED 1 0
04-30 22:31:38.357   524   537 I SurfaceFlinger: id=2215 Removed 7840b69 ActivityRecordInputSink com.google.android.wearable.watchface.rwf/androidx.wear.watchface.ComplicationHelperActivity#2215 (120)
04-30 22:31:38.360   605   845 I ImeTracker: com.google.android.wearable.watchface.rwf:910d8dc9: onRequestHide at ORIGIN_SERVER reason HIDE_UNSPECIFIED_WINDOW fromUser false
04-30 22:31:38.362  5329  5329 I ImeTracker: com.google.android.wearable.watchface.rwf:910d8dc9: onCancelled at PHASE_CLIENT_ALREADY_HIDDEN
04-30 22:31:38.370   524   524 I SurfaceFlinger: id=2210 Removed 553997f com.google.android.wearable.watchface.rwf/androidx.wear.watchface.ComplicationHelperActivity#2210 (120)
04-30 22:31:38.370   524   524 I SurfaceFlinger: id=2211 Removed com.google.android.wearable.watchface.rwf/androidx.wear.watchface.ComplicationHelperActivity#2211 (120)
04-30 22:31:38.386   524   524 I Layer   : id=2210 Destroyed 553997f com.google.android.wearable.watchface.rwf/androidx.wear.watchface.ComplicationHelperActivity#2210
04-30 22:31:38.387   524   524 I Layer   : id=2211 Destroyed com.google.android.wearable.watchface.rwf/androidx.wear.watchface.ComplicationHelperActivity#2211
04-30 22:31:38.873  5329  5329 I VRI[WatchFaceEditorActivity]@d6cd044: ViewPostIme pointer 0
04-30 22:31:38.960  5329  5329 I VRI[WatchFaceEditorActivity]@d6cd044: ViewPostIme pointer 1
04-30 22:31:39.000   605  8232 V WindowManager: Collecting in transition 627: ActivityRecord{39890036 u0 com.google.android.wearable.watchface.rwf/androidx.wear.watchface.ComplicationHelperActivity, caller=com.android.server.wm.TransitionController.collect:6 com.android.server.wm.ActivityStarter.executeRequest:317 com.android.server.wm.ActivityStarter.execute:979 com.android.server.wm.ActivityTaskManagerService.startActivityAsUser:37 com.android.server.wm.ActivityTaskManagerService.startActivity:28 
04-30 22:31:39.007   524   832 I SurfaceFlinger: id=2219 createSurf flag=84004, ActivityRecord{39890036 u0 com.google.android.wearable.watchface.rwf/androidx.wear.watchface.ComplicationHelperActivity t2}#2219
04-30 22:31:39.010   605  8232 V WindowManager: Collecting in transition 627: ActivityRecord{39890036 u0 com.google.android.wearable.watchface.rwf/androidx.wear.watchface.ComplicationHelperActivity t2}, caller=com.android.server.wm.Transition.collectExistenceChange:39 com.android.server.wm.ActivityStarter.handleStartResult:266 com.android.server.wm.ActivityStarter.executeRequest:324 com.android.server.wm.ActivityStarter.execute:979 com.android.server.wm.ActivityTaskManagerService.startActivityAsUser:37 
04-30 22:31:39.011   605  8232 V WindowManager:    ChangeInfo{8a745e3 container=ActivityRecord{39890036 u0 com.google.android.wearable.watchface.rwf/androidx.wear.watchface.ComplicationHelperActivity t2} flags=0x0}
04-30 22:31:39.012   605  8232 V SystemTransitions:    ChangeInfo{8a745e3 container=ActivityRecord{39890036 u0 com.google.android.wearable.watchface.rwf/androidx.wear.watchface.ComplicationHelperActivity t2} flags=0x0}
04-30 22:31:39.012   605  8232 V SystemTransitions: }}TransitionRequestInfo { type = OPEN, triggerTask = TaskInfo{userId=0 taskId=2 effectiveUid=10048 displayId=0 isRunning=true baseIntent=Intent { act=android.intent.action.MAIN cat=[android.intent.category.HOME] flg=0x10800100 cmp=com.samsung.android.wearable.sysui/com.google.android.clockwork.sysui.mainui.activity.SysUiActivity } baseActivity=ComponentInfo{com.samsung.android.wearable.sysui/com.google.android.clockwork.sysui.mainui.activity.SysUiActivity} topActivity=ComponentInfo{com.google.android.wearable.watchface.rwf/androidx.wear.watchface.ComplicationHelperActivity} origActivity=null realActivity=ComponentInfo{com.samsung.android.wearable.sysui/com.google.android.clockwork.sysui.mainui.activity.SysUiActivity} numActivities=3 lastActiveTime=175675465 supportsMultiWindow=false resizeMode=0 isResizeable=false minWidth=-1 minHeight=-1 defaultMinSize=220 token=WCT{RemoteToken{dad0406 Task{28586f5 #2 type=home A=10048:com.samsung.android.wearable.sysui nonResizable}}} topActivityType=2 pictureInPictureParams=null shouldDockBigOverlays=false launchIntoPipHostTaskId=-1 lastParentTaskIdBeforePip=-1 displayCutoutSafeInsets=Rect(0, 0 - 0, 0) topActivityInfo=ActivityInfo{da63b55 androidx.wear.watchface.ComplicationHelperActivity} launchCookies=[] positionInParent=Point(0, 0) parentTaskId=-1 isFocused=true isVisible=true isVisibleRequested=true isTopActivityNoDisplay=false isSleeping=false locusId=null displayAreaFeatureId=1 isTopActivityTransparent=true isActivityStackTransparent=false lastNonFullscreenBounds=Rect(57, 57 - 393, 393) capturedLink=null capturedLinkTimestamp=0 requestedVisibleTypes=-9 topActivityRequestOpenInBrowserEducationTimestamp=0 appCompatTaskInfo=AppCompatTaskInfo { topActivityInSizeCompat=false eligibleForLetterboxEducation= false isLetterboxEducationEnabled= false isLetterboxDoubleTapEnabled= false eligibleForUserAspectRatioButton= false topActivityBoundsLetterboxed= false isFromLetterboxDoubleTap= false topActivityLetterboxVerticalPosition= -1 topActivityLetterboxHorizontalPosition= -1 topActivityLetterboxWidth=-1 topActivityLetterboxHeight=-1 topActivityAppBounds=Rect(0, 0 - 450, 450) isUserFullscreenOverrideEnabled=false isSystemFullscreenOverrideEnabled=false hasMinAspectRatioOverride=false topActivityLetterboxBounds=null cameraCompatTaskInfo=CameraCompatTaskInfo { freeformCameraCompatMode=inactive}} topActivityMainWindowFrame=null}, pipChange = null, remoteTransition = null, displayChange = null, flags = 0, debugId = 627 }
04-30 22:31:39.013   605  8232 I ActivityTaskManager: START u0 {act=android.support.wearable.complications.ACTION_START_PROVIDER_CHOOSER xflg=0x4 cmp=com.google.android.wearable.watchface.rwf/androidx.wear.watchface.ComplicationHelperActivity (has extras)} with LAUNCH_MULTIPLE from uid 10214 (rr=4132072) (BAL_ALLOW_VISIBLE_WINDOW) result code=0
04-30 22:31:39.027   605  4215 V WindowManager: Collecting in transition 627: ActivityRecord{39890036 u0 com.google.android.wearable.watchface.rwf/androidx.wear.watchface.ComplicationHelperActivity t2}, caller=com.android.server.wm.TransitionController.collect:6 com.android.server.wm.ActivityRecord.setVisibility:131 com.android.server.wm.ActivityRecord.makeVisibleIfNeeded:36 com.android.server.wm.EnsureActivitiesVisibleHelper.process:468 com.android.server.wm.TaskFragment.updateActivityVisibilities:8 
04-30 22:31:39.030   605  4215 V WindowManager: Collecting in transition 627: ActivityRecord{39890036 u0 com.google.android.wearable.watchface.rwf/androidx.wear.watchface.ComplicationHelperActivity t2}, caller=com.android.server.wm.TransitionController.collect:6 com.android.server.wm.ActivityRecord.setVisibility:131 com.android.server.wm.ActivityTaskSupervisor.realStartActivityLocked:177 com.android.server.wm.ActivityTaskSupervisor.startSpecificActivity:27 com.android.server.wm.TaskFragment.resumeTopActivity:1205 
04-30 22:31:39.031   605  4215 D InputDispatcher: Focused application(0): ActivityRecord{39890036 u0 com.google.android.wearable.watchface.rwf/androidx.wear.watchface.ComplicationHelperActivity t2}
04-30 22:31:39.032   605  4215 V WindowManager: Changing focus from Window{15edcad u0 com.google.android.wearable.watchface.rwf/com.google.android.wearable.libraries.watchface.watchfaceeditor.WatchFaceEditorActivity} to null displayId=0 Callers=com.android.server.wm.ActivityTaskManagerService.setLastResumedActivityUncheckLocked:173 com.android.server.wm.ActivityTaskSupervisor.updateTopResumedActivityIfNeeded:49 com.android.server.wm.TaskFragment.setResumedActivity:29 com.android.server.wm.ActivityRecord.setState:100 
04-30 22:31:39.036  5329  5329 I VRI[WatchFaceEditorActivity]@d6cd044: Relayout returned: old=(0,0,450,450) new=(0,0,450,450) req=(450,450)0 dur=0 res=0x0 s={true 0xe2666e80} ch=false seqId=0
04-30 22:31:39.036   605  8232 V WindowManager: Relayout Window{15edcad u0 com.google.android.wearable.watchface.rwf/com.google.android.wearable.libraries.watchface.watchfaceeditor.WatchFaceEditorActivity}: viewVisibility=0 req=450x450 ty=1 d0
04-30 22:31:39.037   605  8232 D PowerManagerService: [api] release WakeLock SCREEN_BRIGHT_WAKE_LOCK           'WindowManager/displayId:0' ON_AFTER_RELEASE ACQ=-708ms (uid=1000 pid=605 pkg=android ws=WorkSource{10214 com.google.android.wearable.watchface.rwf} displayId=0 lock=90b2276)
04-30 22:31:39.037   605  8232 D PowerManagerService: [api] applyWakeLockFlagsOnReleaseLocked : userActivityNoUpdateLocked is called : SCREEN_BRIGHT_WAKE_LOCK           'WindowManager/displayId:0' ON_AFTER_RELEASE DISABLED (uid=1000 pid=605 pkg=android ws=WorkSource{10214 com.google.android.wearable.watchface.rwf} displayId=0 lock=90b2276)
04-30 22:31:39.073   605  2729 D InputDispatcher: Focus left window (0): 15edcad com.google.android.wearable.watchface.rwf/com.google.android.wearable.libraries.watchface.watchfaceeditor.WatchFaceEditorActivity
04-30 22:31:39.090   605 28430 D WindowManager: prepareSync <SYNC_STATE_WAITING_FOR_DRAW>, prepareSyncSeqId=0, w=Window{304b537 u0 com.google.android.wearable.watchface.rwf/androidx.wear.watchface.ComplicationHelperActivity}
04-30 22:31:39.091   524   537 I SurfaceFlinger: id=2221 createSurf flag=84004, 304b537 com.google.android.wearable.watchface.rwf/androidx.wear.watchface.ComplicationHelperActivity#2221
04-30 22:31:39.106   605  4215 D CoreBackPreview: Window{304b537 u0 com.google.android.wearable.watchface.rwf/androidx.wear.watchface.ComplicationHelperActivity}: Setting back callback OnBackInvokedCallbackInfo{mCallback=android.window.IOnBackInvokedCallback$Stub$Proxy@9b800d, mPriority=-1, mIsAnimationCallback=false, mOverrideBehavior=0}
04-30 22:31:39.107   605  5940 V WindowManager: Relayout Window{304b537 u0 com.google.android.wearable.watchface.rwf/androidx.wear.watchface.ComplicationHelperActivity}: viewVisibility=0 req=450x450 ty=1 d0
04-30 22:31:39.108   524   832 I SurfaceFlinger: id=2222 createSurf flag=44004, com.google.android.wearable.watchface.rwf/androidx.wear.watchface.ComplicationHelperActivity#2222
04-30 22:31:39.130  5329  5329 I VRI[WatchFaceEditorActivity]@d6cd044: MSG_WINDOW_FOCUS_CHANGED 0 0
04-30 22:31:39.132   605  8232 D WindowManager: finishDrawingWindow: Window{304b537 u0 com.google.android.wearable.watchface.rwf/androidx.wear.watchface.ComplicationHelperActivity} mDrawState=DRAW_PENDING seqId=0
04-30 22:31:39.164   605   605 I DOLayout: [OffloadLayoutManager] isTopActivityEquals(30) > Current: ComponentInfo{com.google.android.wearable.watchface.rwf/com.google.android.wearable.libraries.watchface.watchfaceeditor.WatchFaceEditorActivity}, ToFront:ComponentInfo{com.samsung.android.wearable.sysui/com.google.android.clockwork.sysui.experiences.complications.ProviderChooserActivity}
04-30 22:31:39.185  1031  1031 I SysUI   : [ProviderChooserActivity]Requesting public complications with watchface: SysUiWatchFaceId[com.google.android.wearable.watchface.rwf,com.google.android.wearable.watchface.koru.reveal.RevealWatchFaceService]
04-30 22:31:39.221  1031  1031 I SysUI   : [ProviderChooserControl]setProviderAppsForOtherWatchface()
04-30 22:31:39.229   605   659 V WindowManager: performShowLocked: mDrawState=HAS_DRAWN in Window{304b537 u0 com.google.android.wearable.watchface.rwf/androidx.wear.watchface.ComplicationHelperActivity}
04-30 22:31:39.229   605   659 V WindowManager:   Final targets: [ChangeInfo{40f142f container=ActivityRecord{42307163 u0 com.samsung.android.wearable.sysui/com.google.android.clockwork.sysui.experiences.complications.ProviderChooserActivity t2} flags=0x0}, ChangeInfo{8a745e3 container=ActivityRecord{39890036 u0 com.google.android.wearable.watchface.rwf/androidx.wear.watchface.ComplicationHelperActivity t2} flags=0x0}]
04-30 22:31:39.233   605   659 I SurfaceControlRegistry: show, t=StartTransaction_SyncId<627> sc=ActivityRecord{39890036 u0 com.google.android.wearable.watchface.rwf/androidx.wear.watchface.ComplicationHelperActivity t2}, caller=android.view.SurfaceControl$Transaction.show:3378 com.android.server.wm.Transition.onTransactionReady:1785 com.android.server.wm.BLASTSyncEngine$SyncGroup.finishNow:238 com.android.server.wm.BLASTSyncEngine.onSurfacePlacement:303 com.android.server.wm.RootWindowContainer.performSurfacePlacementNoTrace:971 com.android.server.wm.WindowSurfacePlacer.performSurfacePlacement:161 
04-30 22:31:39.239   605   659 V SystemTransitions:    ChangeInfo{8a745e3 container=ActivityRecord{39890036 u0 com.google.android.wearable.watchface.rwf/androidx.wear.watchface.ComplicationHelperActivity t2} flags=0x0}
04-30 22:31:39.239   605   659 V SystemTransitions:         {m=OPEN f=TRANSLUCENT|FILLS_TASK leash=Surface(name=ActivityRecord{39890036 u0 com.google.android.wearable.watchface.rwf/androidx.wear.watchface.ComplicationHelperActivity t2})/@0x97e9e28 sb=Rect(0, 0 - 0, 0) eb=Rect(0, 0 - 450, 450) epz=Point(450, 450) d=-1->0 r=-1->0:-1 bc=ff000000 component=com.google.android.wearable.watchface.rwf/androidx.wear.watchface.ComplicationHelperActivity opt={t=FROM_STYLE mUserId=0}}
04-30 22:31:39.250   605   659 I SurfaceControlRegistry: show, t=StartTransaction_SyncId<627> sc=ActivityRecord{39890036 u0 com.google.android.wearable.watchface.rwf/androidx.wear.watchface.ComplicationHelperActivity t2}, caller=android.view.SurfaceControl$Transaction.show:3378 com.android.server.wm.SystemTransitions.dispatchReady:542 com.android.server.wm.TransitionController$SystemTransitionPlayer.onTransitionReady:254 com.android.server.wm.Transition.onTransactionReady:2525 com.android.server.wm.BLASTSyncEngine$SyncGroup.finishNow:238 com.android.server.wm.BLASTSyncEngine.onSurfacePlacement:303 
04-30 22:31:39.251   605   659 I SurfaceControlRegistry: show, t=FinishTransaction_SyncId<627> sc=ActivityRecord{39890036 u0 com.google.android.wearable.watchface.rwf/androidx.wear.watchface.ComplicationHelperActivity t2}, caller=android.view.SurfaceControl$Transaction.show:3378 com.android.server.wm.SystemTransitions.dispatchReady:570 com.android.server.wm.TransitionController$SystemTransitionPlayer.onTransitionReady:254 com.android.server.wm.Transition.onTransactionReady:2525 com.android.server.wm.BLASTSyncEngine$SyncGroup.finishNow:238 com.android.server.wm.BLASTSyncEngine.onSurfacePlacement:303 
04-30 22:31:39.259   605   659 V SystemTransitions:    ChangeInfo{8a745e3 container=ActivityRecord{39890036 u0 com.google.android.wearable.watchface.rwf/androidx.wear.watchface.ComplicationHelperActivity t2} flags=0x0}
04-30 22:31:39.312   524   524 D SurfaceFlinger:        DEVICE |           22887880720473 | 00002102 | RGBA_8888    |    0.0    0.0  450.0  450.0 |    0    0  450  450 | com.google.android.wearable.watchfac[...]eeditor.WatchFaceEditorActivity#2173 (53)
04-30 22:31:39.334   524   833 I SurfaceFlinger: id=2226 createSurf flag=84000, 11e7461 ActivityRecordInputSink com.google.android.wearable.watchface.rwf/androidx.wear.watchface.ComplicationHelperActivity#2226
04-30 22:31:39.649  1031  1031 I SysUI   : [ProviderAppSortHelper]App = [Pixel Bridge] Provider = [Active Minutes (Pixel Bridge)] pkg = [com.pixelbridge.complications] class = [com.pixelbridge.complications.ActiveMinutesComplicationService]
04-30 22:31:39.649  1031  1031 I SysUI   : [ProviderAppSortHelper]App = [Pixel Bridge] Provider = [Calories (Pixel Bridge)] pkg = [com.pixelbridge.complications] class = [com.pixelbridge.complications.CaloriesComplicationService]
