04-30 20:37:43.346   605  1728 V WindowManager: Setting visibility of Window{86925e2 u0 com.google.android.wearable.watchface.koru.reveal.RevealWatchFaceService}: false, caller=com.android.server.wm.WindowContainer.sendAppVisibilityToClients:19 com.android.server.wm.WindowToken.setClientVisible:48 com.android.server.wm.WallpaperWindowToken.setVisible$1:3 com.android.server.wm.WallpaperWindowToken.commitVisibility:48 com.android.server.wm.WallpaperWindowToken.setVisibility:190 
04-30 20:38:16.262   605   659 V WindowManager: Setting visibility of Window{86925e2 u0 com.google.android.wearable.watchface.koru.reveal.RevealWatchFaceService}: true, caller=com.android.server.wm.WindowContainer.sendAppVisibilityToClients:19 com.android.server.wm.WindowToken.setClientVisible:48 com.android.server.wm.WallpaperWindowToken.setVisible$1:3 com.android.server.wm.WallpaperWindowToken.commitVisibility:48 com.android.server.wm.WallpaperWindowToken.setVisibility:190 
04-30 20:38:21.305   605  1600 V WindowManager: Setting visibility of Window{86925e2 u0 com.google.android.wearable.watchface.koru.reveal.RevealWatchFaceService}: false, caller=com.android.server.wm.WindowContainer.sendAppVisibilityToClients:19 com.android.server.wm.WindowToken.setClientVisible:48 com.android.server.wm.WallpaperWindowToken.setVisible$1:3 com.android.server.wm.WallpaperWindowToken.commitVisibility:48 com.android.server.wm.WallpaperWindowToken.setVisibility:190 
04-30 20:54:27.353   605   659 V WindowManager: Setting visibility of Window{86925e2 u0 com.google.android.wearable.watchface.koru.reveal.RevealWatchFaceService}: true, caller=com.android.server.wm.WindowContainer.sendAppVisibilityToClients:19 com.android.server.wm.WindowToken.setClientVisible:48 com.android.server.wm.WallpaperWindowToken.setVisible$1:3 com.android.server.wm.WallpaperWindowToken.commitVisibility:48 com.android.server.wm.WallpaperWindowToken.setVisibility:190 
04-30 20:54:29.264   605 12333 V WindowManager: Setting visibility of Window{86925e2 u0 com.google.android.wearable.watchface.koru.reveal.RevealWatchFaceService}: false, caller=com.android.server.wm.WindowContainer.sendAppVisibilityToClients:19 com.android.server.wm.WindowToken.setClientVisible:48 com.android.server.wm.WallpaperWindowToken.setVisible$1:3 com.android.server.wm.WallpaperWindowToken.commitVisibility:48 com.android.server.wm.WallpaperWindowToken.setVisibility:190 
04-30 20:56:46.151   605   659 V WindowManager: Setting visibility of Window{86925e2 u0 com.google.android.wearable.watchface.koru.reveal.RevealWatchFaceService}: true, caller=com.android.server.wm.WindowContainer.sendAppVisibilityToClients:19 com.android.server.wm.WindowToken.setClientVisible:48 com.android.server.wm.WallpaperWindowToken.setVisible$1:3 com.android.server.wm.WallpaperWindowToken.commitVisibility:48 com.android.server.wm.WallpaperWindowToken.setVisibility:190 
04-30 20:56:47.284   605  1969 V WindowManager: Setting visibility of Window{86925e2 u0 com.google.android.wearable.watchface.koru.reveal.RevealWatchFaceService}: false, caller=com.android.server.wm.WindowContainer.sendAppVisibilityToClients:19 com.android.server.wm.WindowToken.setClientVisible:48 com.android.server.wm.WallpaperWindowToken.setVisible$1:3 com.android.server.wm.WallpaperWindowToken.commitVisibility:48 com.android.server.wm.WallpaperWindowToken.setVisibility:190 
04-30 20:57:55.275   605   659 V WindowManager: Setting visibility of Window{86925e2 u0 com.google.android.wearable.watchface.koru.reveal.RevealWatchFaceService}: true, caller=com.android.server.wm.WindowContainer.sendAppVisibilityToClients:19 com.android.server.wm.WindowToken.setClientVisible:48 com.android.server.wm.WallpaperWindowToken.setVisible$1:3 com.android.server.wm.WallpaperWindowToken.commitVisibility:48 com.android.server.wm.WallpaperWindowToken.setVisibility:190 
04-30 20:57:59.373   605   785 V WindowManager: Setting visibility of Window{86925e2 u0 com.google.android.wearable.watchface.koru.reveal.RevealWatchFaceService}: false, caller=com.android.server.wm.WindowContainer.sendAppVisibilityToClients:19 com.android.server.wm.WindowToken.setClientVisible:48 com.android.server.wm.WallpaperWindowToken.setVisible$1:3 com.android.server.wm.WallpaperWindowToken.commitVisibility:48 com.android.server.wm.WallpaperWindowToken.setVisibility:190 
04-30 21:13:14.137   324   324 D io_stats: !@ Read_top(KB): kworker/u4:3(11129) 236 .gms.persistent(4225) 124 e.watchface.rwf(5329) 124
04-30 21:30:11.232   605   659 V WindowManager: Setting visibility of Window{86925e2 u0 com.google.android.wearable.watchface.koru.reveal.RevealWatchFaceService}: true, caller=com.android.server.wm.WindowContainer.sendAppVisibilityToClients:19 com.android.server.wm.WindowToken.setClientVisible:48 com.android.server.wm.WallpaperWindowToken.setVisible$1:3 com.android.server.wm.WallpaperWindowToken.commitVisibility:48 com.android.server.wm.WallpaperWindowToken.setVisibility:190 
04-30 21:30:13.125   605  8232 V WindowManager: Setting visibility of Window{86925e2 u0 com.google.android.wearable.watchface.koru.reveal.RevealWatchFaceService}: false, caller=com.android.server.wm.WindowContainer.sendAppVisibilityToClients:19 com.android.server.wm.WindowToken.setClientVisible:48 com.android.server.wm.WallpaperWindowToken.setVisible$1:3 com.android.server.wm.WallpaperWindowToken.commitVisibility:48 com.android.server.wm.WallpaperWindowToken.setVisibility:190 
04-30 21:30:53.176   605   659 V WindowManager: Setting visibility of Window{86925e2 u0 com.google.android.wearable.watchface.koru.reveal.RevealWatchFaceService}: true, caller=com.android.server.wm.WindowContainer.sendAppVisibilityToClients:19 com.android.server.wm.WindowToken.setClientVisible:48 com.android.server.wm.WallpaperWindowToken.setVisible$1:3 com.android.server.wm.WallpaperWindowToken.commitVisibility:48 com.android.server.wm.WallpaperWindowToken.setVisibility:190 
04-30 21:30:54.225   324   324 D io_stats: !@ Read_top(KB): e.watchface.rwf(5329) 4984 c.android.sdhms(1612) 1368 d.process.acore(1771) 1316
04-30 21:30:54.851   605  2879 V WindowManager: Setting visibility of Window{86925e2 u0 com.google.android.wearable.watchface.koru.reveal.RevealWatchFaceService}: false, caller=com.android.server.wm.WindowContainer.sendAppVisibilityToClients:19 com.android.server.wm.WindowToken.setClientVisible:48 com.android.server.wm.WallpaperWindowToken.setVisible$1:3 com.android.server.wm.WallpaperWindowToken.commitVisibility:48 com.android.server.wm.WallpaperWindowToken.setVisibility:190 
04-30 21:31:04.173   605   659 V WindowManager: Setting visibility of Window{86925e2 u0 com.google.android.wearable.watchface.koru.reveal.RevealWatchFaceService}: true, caller=com.android.server.wm.WindowContainer.sendAppVisibilityToClients:19 com.android.server.wm.WindowToken.setClientVisible:48 com.android.server.wm.WallpaperWindowToken.setVisible$1:3 com.android.server.wm.WallpaperWindowToken.commitVisibility:48 com.android.server.wm.WallpaperWindowToken.setVisibility:190 
04-30 21:31:05.390   605  1043 V WindowManager: Setting visibility of Window{86925e2 u0 com.google.android.wearable.watchface.koru.reveal.RevealWatchFaceService}: false, caller=com.android.server.wm.WindowContainer.sendAppVisibilityToClients:19 com.android.server.wm.WindowToken.setClientVisible:48 com.android.server.wm.WallpaperWindowToken.setVisible$1:3 com.android.server.wm.WallpaperWindowToken.commitVisibility:48 com.android.server.wm.WallpaperWindowToken.setVisibility:190 
04-30 21:31:43.260   605   659 V WindowManager: Setting visibility of Window{86925e2 u0 com.google.android.wearable.watchface.koru.reveal.RevealWatchFaceService}: true, caller=com.android.server.wm.WindowContainer.sendAppVisibilityToClients:19 com.android.server.wm.WindowToken.setClientVisible:48 com.android.server.wm.WallpaperWindowToken.setVisible$1:3 com.android.server.wm.WallpaperWindowToken.commitVisibility:48 com.android.server.wm.WallpaperWindowToken.setVisibility:190 
04-30 21:31:44.425   605  9688 V WindowManager: Setting visibility of Window{86925e2 u0 com.google.android.wearable.watchface.koru.reveal.RevealWatchFaceService}: false, caller=com.android.server.wm.WindowContainer.sendAppVisibilityToClients:19 com.android.server.wm.WindowToken.setClientVisible:48 com.android.server.wm.WallpaperWindowToken.setVisible$1:3 com.android.server.wm.WallpaperWindowToken.commitVisibility:48 com.android.server.wm.WallpaperWindowToken.setVisibility:190 
04-30 21:32:14.288   605   659 V WindowManager: Setting visibility of Window{86925e2 u0 com.google.android.wearable.watchface.koru.reveal.RevealWatchFaceService}: true, caller=com.android.server.wm.WindowContainer.sendAppVisibilityToClients:19 com.android.server.wm.WindowToken.setClientVisible:48 com.android.server.wm.WallpaperWindowToken.setVisible$1:3 com.android.server.wm.WallpaperWindowToken.commitVisibility:48 com.android.server.wm.WallpaperWindowToken.setVisibility:190 
04-30 21:32:15.682   605   785 V WindowManager: Setting visibility of Window{86925e2 u0 com.google.android.wearable.watchface.koru.reveal.RevealWatchFaceService}: false, caller=com.android.server.wm.WindowContainer.sendAppVisibilityToClients:19 com.android.server.wm.WindowToken.setClientVisible:48 com.android.server.wm.WallpaperWindowToken.setVisible$1:3 com.android.server.wm.WallpaperWindowToken.commitVisibility:48 com.android.server.wm.WallpaperWindowToken.setVisibility:190 
04-30 21:32:23.717   605  1650 I ActivityManager: Process com.pixelbridge.complications (pid 18823) has died: cch+15 CEM (31,257)
04-30 21:32:24.923   605   659 V WindowManager: Setting visibility of Window{86925e2 u0 com.google.android.wearable.watchface.koru.reveal.RevealWatchFaceService}: true, caller=com.android.server.wm.WindowContainer.sendAppVisibilityToClients:19 com.android.server.wm.WindowToken.setClientVisible:48 com.android.server.wm.WallpaperWindowToken.setVisible$1:3 com.android.server.wm.WallpaperWindowToken.commitVisibility:48 com.android.server.wm.WallpaperWindowToken.setVisibility:190 
04-30 21:32:24.979   605 28430 D WindowManager: finishDrawingWindow: Window{86925e2 u0 com.google.android.wearable.watchface.koru.reveal.RevealWatchFaceService} mDrawState=DRAW_PENDING seqId=2147483647
04-30 21:32:24.980   605 28430 I WindowManager: finishDrawing of orientation change: Window{86925e2 u0 com.google.android.wearable.watchface.koru.reveal.RevealWatchFaceService} 55ms
04-30 21:32:24.996   605   659 V WindowManager: performShowLocked: mDrawState=HAS_DRAWN in Window{86925e2 u0 com.google.android.wearable.watchface.koru.reveal.RevealWatchFaceService}
04-30 21:32:25.411   605  2729 V WindowManager: Setting visibility of Window{86925e2 u0 com.google.android.wearable.watchface.koru.reveal.RevealWatchFaceService}: false, caller=com.android.server.wm.WindowContainer.sendAppVisibilityToClients:19 com.android.server.wm.WindowToken.setClientVisible:48 com.android.server.wm.WallpaperWindowToken.setVisible$1:3 com.android.server.wm.WallpaperWindowToken.commitVisibility:48 com.android.server.wm.WallpaperWindowToken.setVisibility:190 
04-30 21:33:01.922   324   324 D io_stats: !@ Read_top(KB): e.watchface.rwf(5329) 440 surfaceflinger(524) 128 arable.settings(14634) 64
04-30 21:35:03.153   605   673 I ActivityManager: Start proc 20138:com.pixelbridge.complications/u0a219 for service {com.pixelbridge.complications/com.pixelbridge.complications.HealthPassiveListenerService}
04-30 21:38:26.019 20138 20138 E AndroidRuntime: Process: com.pixelbridge.complications, PID: 20138
04-30 21:38:26.019 20138 20138 E AndroidRuntime: 	at androidx.wear.watchface.complications.data.RangedValueComplicationData.validate(Data.kt:940)
04-30 21:38:26.019 20138 20138 E AndroidRuntime: 	at androidx.wear.watchface.complications.datasource.ComplicationDataSourceService$IComplicationProviderWrapper$onUpdate2$1$1$1.onComplicationData(ComplicationDataSourceService.kt:485)
04-30 21:38:26.019 20138 20138 E AndroidRuntime: 	at androidx.wear.watchface.complications.datasource.SuspendingComplicationDataSourceService$onComplicationRequest$1.invokeSuspend(SuspendingComplicationDataSourceService.kt:36)
04-30 21:38:26.030   605  3141 E ActivityManager: App crashed on incremental package com.pixelbridge.complications which is 100% loaded.
04-30 21:38:26.151   605  3141 I ActivityManager: Process com.pixelbridge.complications (pid 20138) has died: vis IMPF(74,257)
04-30 21:38:26.152   605  3141 W ActivityManager: Scheduling restart of crashed service com.pixelbridge.complications/.HeartRateComplicationService in 1000ms for connection
04-30 21:38:26.862   605   671 W ActivityManager: Rescheduling restart of crashed service com.pixelbridge.complications/.HeartRateComplicationService in 19290ms for mem-pressure-event
04-30 21:38:28.146   605   671 W ActivityManager: Rescheduling restart of crashed service com.pixelbridge.complications/.HeartRateComplicationService in 8006ms for mem-pressure-event
04-30 21:38:36.181   605   673 I ActivityManager: Start proc 20324:com.pixelbridge.complications/u0a219 for service {com.pixelbridge.complications/com.pixelbridge.complications.HeartRateComplicationService}
04-30 21:59:45.217  1049  1049 W ContextImpl: Calling a method in the system process without a qualified user: android.app.ContextImpl.sendBroadcast:1274 android.content.ContextWrapper.sendBroadcast:511 com.google.wear.services.watchfaces.WatchFaceSystemPackagesMonitor.onDailyHygiene:15 com.google.wear.services.infra.hygiene.DailyHygieneJobService.onStartJob:69 android.app.job.JobService$1.onStartJob:118 
04-30 21:59:50.032   605   673 I ActivityManager: Start proc 20588:com.samsung.wear.watchface.runtime/u0a51 for service {com.samsung.wear.watchface.runtime/com.google.wear.watchface.runtime.RuntimeControlService}
04-30 21:59:50.584   324   324 D io_stats: !@ Read_top(KB): e.wear.services(1049) 17700 e.watchface.rwf(5329) 14324 .gms.persistent(20003) 8640
04-30 21:59:52.220   605   672 W BroadcastQueue: Failed to schedule BroadcastRecord{254b093 android.intent.action.BATTERY_CHANGED/u-1} to BroadcastFilter{80bec34 10014/u0 ReceiverList{4939307 20577 com.google.android.wearable.app/10014/u0 remote:4b71546}} via ProcessRecord{e5a8fc6 20577:com.google.android.wearable.app/u0a14}: android.os.DeadObjectException
04-30 22:00:08.975   605  3756 I ActivityManager: Process com.samsung.wear.watchface.runtime (pid 20588) has died: cch+5 CEM (40,231)
04-30 22:14:11.133   605   659 V WindowManager: Setting visibility of Window{86925e2 u0 com.google.android.wearable.watchface.koru.reveal.RevealWatchFaceService}: true, caller=com.android.server.wm.WindowContainer.sendAppVisibilityToClients:19 com.android.server.wm.WindowToken.setClientVisible:48 com.android.server.wm.WallpaperWindowToken.setVisible$1:3 com.android.server.wm.WallpaperWindowToken.commitVisibility:48 com.android.server.wm.WallpaperWindowToken.setVisibility:190 
04-30 22:14:11.437   605  2729 D WindowManager: finishDrawingWindow: Window{86925e2 u0 com.google.android.wearable.watchface.koru.reveal.RevealWatchFaceService} mDrawState=DRAW_PENDING seqId=2147483647
04-30 22:14:11.437   605  2729 I WindowManager: finishDrawing of orientation change: Window{86925e2 u0 com.google.android.wearable.watchface.koru.reveal.RevealWatchFaceService} 279ms
04-30 22:14:11.438   605   659 V WindowManager: performShowLocked: mDrawState=HAS_DRAWN in Window{86925e2 u0 com.google.android.wearable.watchface.koru.reveal.RevealWatchFaceService}
04-30 22:14:11.911   605  4221 I ActivityManager: Process com.pixelbridge.complications (pid 20324) has died: cch+5 CEM (29,284)
04-30 22:14:12.068   605   605 W ProcessStats: Tracking association SourceState{4fa1ce1 system/1000 BFgs #19931} whose proc state 4 is better than process ProcessState{8bc6b1f com.google.android.wearable.watchface.rwf/10214 pkg=com.google.android.wearable.watchface.rwf} proc state 5 (10 skipped)
04-30 22:14:13.269   324   324 D io_stats: !@ Read_top(KB): system_server(605) 20620 .wearable.sysui(1031) 12860 e.watchface.rwf(5329) 9104
04-30 22:14:15.110   605  5999 D WindowManager: finishDrawingWindow: Window{86925e2 u0 com.google.android.wearable.watchface.koru.reveal.RevealWatchFaceService} mDrawState=DRAW_PENDING seqId=2147483647
04-30 22:14:15.110   605  5999 I WindowManager: finishDrawing of orientation change: Window{86925e2 u0 com.google.android.wearable.watchface.koru.reveal.RevealWatchFaceService} 54ms
04-30 22:14:15.139   605   659 V WindowManager: performShowLocked: mDrawState=HAS_DRAWN in Window{86925e2 u0 com.google.android.wearable.watchface.koru.reveal.RevealWatchFaceService}
04-30 22:14:21.092   605  1600 V WindowManager: Setting visibility of Window{86925e2 u0 com.google.android.wearable.watchface.koru.reveal.RevealWatchFaceService}: false, caller=com.android.server.wm.WindowContainer.sendAppVisibilityToClients:19 com.android.server.wm.WindowToken.setClientVisible:48 com.android.server.wm.WallpaperWindowToken.setVisible$1:3 com.android.server.wm.WallpaperWindowToken.commitVisibility:48 com.android.server.wm.WallpaperWindowToken.setVisibility:190 
04-30 22:14:25.221 20989 21007 E ActivityThread: Failed to find provider info for com.samsung.android.watch.watchface.tickingsound.setting.provider
04-30 22:15:41.312   605   605 W ProcessStats: Tracking association SourceState{4fa1ce1 system/1000 BFgs #20050} whose proc state 4 is better than process ProcessState{8bc6b1f com.google.android.wearable.watchface.rwf/10214 pkg=com.google.android.wearable.watchface.rwf} proc state 5 (7 skipped)
04-30 22:15:41.365   605   659 V WindowManager: Setting visibility of Window{86925e2 u0 com.google.android.wearable.watchface.koru.reveal.RevealWatchFaceService}: true, caller=com.android.server.wm.WindowContainer.sendAppVisibilityToClients:19 com.android.server.wm.WindowToken.setClientVisible:48 com.android.server.wm.WallpaperWindowToken.setVisible$1:3 com.android.server.wm.WallpaperWindowToken.commitVisibility:48 com.android.server.wm.WallpaperWindowToken.setVisibility:190 
04-30 22:15:41.445   605  3756 D WindowManager: finishDrawingWindow: Window{86925e2 u0 com.google.android.wearable.watchface.koru.reveal.RevealWatchFaceService} mDrawState=DRAW_PENDING seqId=2147483647
04-30 22:15:41.445   605  3756 I WindowManager: finishDrawing of orientation change: Window{86925e2 u0 com.google.android.wearable.watchface.koru.reveal.RevealWatchFaceService} 79ms
04-30 22:15:41.446   605   659 V WindowManager: performShowLocked: mDrawState=HAS_DRAWN in Window{86925e2 u0 com.google.android.wearable.watchface.koru.reveal.RevealWatchFaceService}
04-30 22:15:42.104   605  4215 D WindowManager: finishDrawingWindow: Window{86925e2 u0 com.google.android.wearable.watchface.koru.reveal.RevealWatchFaceService} mDrawState=DRAW_PENDING seqId=2147483647
04-30 22:15:42.104   605  4215 I WindowManager: finishDrawing of orientation change: Window{86925e2 u0 com.google.android.wearable.watchface.koru.reveal.RevealWatchFaceService} 35ms
04-30 22:15:42.119   605   659 V WindowManager: performShowLocked: mDrawState=HAS_DRAWN in Window{86925e2 u0 com.google.android.wearable.watchface.koru.reveal.RevealWatchFaceService}
04-30 22:15:42.826   605  4215 D WindowManager: finishDrawingWindow: Window{86925e2 u0 com.google.android.wearable.watchface.koru.reveal.RevealWatchFaceService} mDrawState=DRAW_PENDING seqId=2147483647
04-30 22:15:42.826   605  4215 I WindowManager: finishDrawing of orientation change: Window{86925e2 u0 com.google.android.wearable.watchface.koru.reveal.RevealWatchFaceService} 39ms
04-30 22:15:42.876   605   659 V WindowManager: performShowLocked: mDrawState=HAS_DRAWN in Window{86925e2 u0 com.google.android.wearable.watchface.koru.reveal.RevealWatchFaceService}
04-30 22:15:43.468   605   658 V WindowManager: Setting visibility of Window{86925e2 u0 com.google.android.wearable.watchface.koru.reveal.RevealWatchFaceService}: false, caller=com.android.server.wm.WindowContainer.sendAppVisibilityToClients:19 com.android.server.wm.WindowToken.setClientVisible:48 com.android.server.wm.WallpaperWindowToken.setVisible$1:3 com.android.server.wm.WallpaperWindowToken.commitVisibility:48 com.android.server.wm.TransitionController.finishTransition:132 
04-30 22:15:46.436   605   659 V WindowManager: Setting visibility of Window{86925e2 u0 com.google.android.wearable.watchface.koru.reveal.RevealWatchFaceService}: true, caller=com.android.server.wm.WindowContainer.sendAppVisibilityToClients:19 com.android.server.wm.WindowToken.setClientVisible:48 com.android.server.wm.WallpaperWindowToken.setVisible$1:3 com.android.server.wm.WallpaperWindowToken.commitVisibility:48 com.android.server.wm.WallpaperWindowToken.setVisibility:190 
04-30 22:15:47.558   605   659 V WindowManager: Setting visibility of Window{86925e2 u0 com.google.android.wearable.watchface.koru.reveal.RevealWatchFaceService}: false, caller=com.android.server.wm.WindowContainer.sendAppVisibilityToClients:19 com.android.server.wm.WindowToken.setClientVisible:48 com.android.server.wm.WallpaperWindowToken.setVisible$1:3 com.android.server.wm.WallpaperWindowToken.commitVisibility:48 com.android.server.wm.WallpaperWindowToken.setVisibility:190 
04-30 22:15:50.439   605   659 V WindowManager: Setting visibility of Window{86925e2 u0 com.google.android.wearable.watchface.koru.reveal.RevealWatchFaceService}: true, caller=com.android.server.wm.WindowContainer.sendAppVisibilityToClients:19 com.android.server.wm.WindowToken.setClientVisible:48 com.android.server.wm.WallpaperWindowToken.setVisible$1:3 com.android.server.wm.WallpaperWindowToken.commitVisibility:48 com.android.server.wm.WallpaperWindowToken.setVisibility:190 
04-30 22:15:51.042   605   659 V WindowManager: Setting visibility of Window{86925e2 u0 com.google.android.wearable.watchface.koru.reveal.RevealWatchFaceService}: false, caller=com.android.server.wm.WindowContainer.sendAppVisibilityToClients:19 com.android.server.wm.WindowToken.setClientVisible:48 com.android.server.wm.WallpaperWindowToken.setVisible$1:3 com.android.server.wm.WallpaperWindowToken.commitVisibility:48 com.android.server.wm.WallpaperWindowToken.setVisibility:190 
04-30 22:15:51.404   605   658 W ProcessStats: Tracking association SourceState{4fa1ce1 system/1000 BFgs #20093} whose proc state 4 is better than process ProcessState{8bc6b1f com.google.android.wearable.watchface.rwf/10214 pkg=com.google.android.wearable.watchface.rwf} proc state 5 (2 skipped)
04-30 22:15:57.293 20989 21141 E ActivityThread: Failed to find provider info for com.samsung.android.watch.watchface.hideinformation.setting.provider
04-30 22:16:00.992   605   673 I ActivityManager: Start proc 21159:com.pixelbridge.complications/u0a219 for service {com.pixelbridge.complications/com.pixelbridge.complications.HealthPassiveListenerService}
04-30 22:16:02.113 21159 21159 E AndroidRuntime: Process: com.pixelbridge.complications, PID: 21159
04-30 22:16:02.113 21159 21159 E AndroidRuntime: 	at androidx.wear.watchface.complications.data.RangedValueComplicationData.validate(Data.kt:940)
04-30 22:16:02.113 21159 21159 E AndroidRuntime: 	at androidx.wear.watchface.complications.datasource.ComplicationDataSourceService$IComplicationProviderWrapper$onUpdate2$1$1$1.onComplicationData(ComplicationDataSourceService.kt:485)
04-30 22:16:02.113 21159 21159 E AndroidRuntime: 	at androidx.wear.watchface.complications.datasource.SuspendingComplicationDataSourceService$onComplicationRequest$1.invokeSuspend(SuspendingComplicationDataSourceService.kt:36)
04-30 22:16:02.120   605   862 E ActivityManager: App crashed on incremental package com.pixelbridge.complications which is 100% loaded.
04-30 22:16:02.302   605   862 I ActivityManager: Process com.pixelbridge.complications (pid 21159) has died: vis IMPF(70,237)
04-30 22:16:02.319   605   862 W ActivityManager: Scheduling restart of crashed service com.pixelbridge.complications/.HeartRateComplicationService in 1000ms for connection
04-30 22:16:02.319   605   862 W ActivityManager: Scheduling restart of crashed service com.pixelbridge.complications/androidx.health.services.client.VersionApiService in 10997ms for connection
04-30 22:16:02.759   605   671 W ActivityManager: Rescheduling restart of crashed service com.pixelbridge.complications/.HeartRateComplicationService in 9558ms for mem-pressure-event
04-30 22:16:02.763   605   671 W ActivityManager: Rescheduling restart of crashed service com.pixelbridge.complications/androidx.health.services.client.VersionApiService in 29558ms for mem-pressure-event
04-30 22:16:06.580   605   671 W ActivityManager: Rescheduling restart of crashed service com.pixelbridge.complications/.HeartRateComplicationService in 0ms for mem-pressure-event
04-30 22:16:06.581   605   671 W ActivityManager: Rescheduling restart of crashed service com.pixelbridge.complications/androidx.health.services.client.VersionApiService in 0ms for mem-pressure-event
04-30 22:16:06.650   605   673 I ActivityManager: Start proc 21189:com.pixelbridge.complications/u0a219 for service {com.pixelbridge.complications/com.pixelbridge.complications.HeartRateComplicationService}
04-30 22:16:08.179   605  9688 I DOLayout: canShowWatchFaceLayout: false
04-30 22:16:08.179   605  9688 I DOLayout: computeNextLayout: next=NONE canShowWatchFace=false canShowActivity=false
04-30 22:16:08.184   605  1650 I DOLayout: canShowWatchFaceLayout: false
04-30 22:16:08.184   605  1650 I DOLayout: computeNextLayout: next=NONE canShowWatchFace=false canShowActivity=false
04-30 22:16:08.187   605  1650 I DOLayout: canShowWatchFaceLayout: false
04-30 22:16:08.187   605  1650 I DOLayout: computeNextLayout: next=NONE canShowWatchFace=false canShowActivity=false
04-30 22:16:08.205   605   635 I DOLayout: canShowWatchFaceLayout: false
04-30 22:16:08.205   605   635 I DOLayout: computeNextLayout: next=NONE canShowWatchFace=false canShowActivity=false
04-30 22:16:08.208   605  9688 I DOLayout: canShowWatchFaceLayout: false
04-30 22:16:08.208   605  9688 I DOLayout: computeNextLayout: next=NONE canShowWatchFace=false canShowActivity=false
04-30 22:16:08.256   605   605 D DisplayOffload: [DisplayOffloadService] isAvailableWatchFaceOffloading(23) > isSysUIMainActivityOnTop: false
04-30 22:16:08.281   605   605 I DisplayOffload: [DisplayOffloadService] recomputeDozeOverrideLocked(299) > ambientDreamScreenState: 1, shouldBlock: false, forceFallbackToDream: true, inAmbient: false, mCanDozeOverride: true, readyToDisplayLocked(): false, mDisplayOffloadIsControlling: false, mDisplayOffloadScreenStateOverride: 0, isAvailableWatchFaceOffloading(): false, isAvailableActivityOffloading(): false, mIsBrghtnessOnlyModeLikely: true, mDozeTimerExpiredCount: 0
04-30 22:16:08.289   605  1969 D DisplayOffload: [DisplayOffloadService] isAvailableWatchFaceOffloading(23) > isSysUIMainActivityOnTop: false
04-30 22:16:16.144   605   605 W ProcessStats: Tracking association SourceState{4fa1ce1 system/1000 BFgs #20154} whose proc state 4 is better than process ProcessState{8bc6b1f com.google.android.wearable.watchface.rwf/10214 pkg=com.google.android.wearable.watchface.rwf} proc state 5 (6 skipped)
04-30 22:16:16.298  5329  5329 I DisplayOffloadManager: clearWatchFaceLayout, mShim: null, isPeleAvailable: false
04-30 22:16:16.300   605   635 I DOLayout: canShowWatchFaceLayout: false
04-30 22:16:16.300   605   635 I DOLayout: computeNextLayout: next=NONE canShowWatchFace=false canShowActivity=false
04-30 22:16:16.310  5329  5329 I DisplayOffloadManager: clearWatchFaceLayout, mShim: null, isPeleAvailable: false
04-30 22:16:16.311   605  1650 I DOLayout: canShowWatchFaceLayout: false
04-30 22:16:16.311   605  1650 I DOLayout: computeNextLayout: next=NONE canShowWatchFace=false canShowActivity=false
04-30 22:16:16.313  5329  5329 I DisplayOffloadManager: clearWatchFaceLayout, mShim: null, isPeleAvailable: false
04-30 22:16:16.313   605  1650 I DOLayout: canShowWatchFaceLayout: false
04-30 22:16:16.313   605  1650 I DOLayout: computeNextLayout: next=NONE canShowWatchFace=false canShowActivity=false
04-30 22:16:16.316  5329  5329 I DisplayOffloadManager: clearWatchFaceLayout, mShim: null, isPeleAvailable: false
04-30 22:16:16.317   605  1650 I DOLayout: canShowWatchFaceLayout: false
04-30 22:16:16.317   605  1650 I DOLayout: computeNextLayout: next=NONE canShowWatchFace=false canShowActivity=false
04-30 22:16:16.319  5329  5329 I DisplayOffloadManager: clearWatchFaceLayout, mShim: null, isPeleAvailable: false
04-30 22:16:16.322  5329  5329 I DisplayOffloadManager: clearWatchFaceLayout, mShim: null, isPeleAvailable: false
04-30 22:16:16.324  5329  5329 I DisplayOffloadManager: clearWatchFaceLayout, mShim: null, isPeleAvailable: false
04-30 22:16:16.327  5329  5329 I DisplayOffloadManager: clearWatchFaceLayout, mShim: null, isPeleAvailable: false
04-30 22:16:16.333   605   632 I DOLayout: canShowWatchFaceLayout: false
04-30 22:16:16.333   605   632 I DOLayout: computeNextLayout: next=NONE canShowWatchFace=false canShowActivity=false
04-30 22:16:16.335   605  8137 I DOLayout: canShowWatchFaceLayout: false
04-30 22:16:16.335   605  8137 I DOLayout: computeNextLayout: next=NONE canShowWatchFace=false canShowActivity=false
04-30 22:16:16.337   605   632 I DOLayout: canShowWatchFaceLayout: false
04-30 22:16:16.337   605   632 I DOLayout: computeNextLayout: next=NONE canShowWatchFace=false canShowActivity=false
04-30 22:16:16.338   605   632 I DOLayout: canShowWatchFaceLayout: false
04-30 22:16:16.338   605   632 I DOLayout: computeNextLayout: next=NONE canShowWatchFace=false canShowActivity=false
04-30 22:16:16.359  1031  1031 I WFModule: [WatchFaceModule] onScreenOn(23) > ScreenOn should update display: false
04-30 22:16:16.360  1031  1031 I SecWatchFaceOverlayUi: [SecWatchFaceOverlayUi] updateOngoingActivityAnimation(43) > stop lottie icon animation
04-30 22:16:16.361  1031  1031 I SecWatchFaceOverlayUi: [SecWatchFaceOverlayUi] updateOngoingActivityAnimation(121) > Container : com.google.android.clockwork.sysui.mainui.module.watchfaceoverlay2.container.WfImageButtonContainer@931b1b1
04-30 22:16:16.361  1031  1031 I SecWatchFaceOverlayUi: [SecWatchFaceOverlayUi] updateOngoingActivityAnimation(162) > stop icon animation
04-30 22:16:16.391  1031  1031 I WFModule: [WatchFaceModule] onKeyguardState(21) > keyguard locked: false
04-30 22:16:16.391  1031  1031 I AndroidXWFEngine: [AndroidXWatchFaceEngine] sendSystemState(6) > send system state in sub-thread
04-30 22:16:16.392  1031  1230 I AndroidXWFEngine: [AndroidXWatchFaceEngine$$ExternalSyntheticLambda0] run(28) > begin sendSystemStateInternal, WatchFaceSystemState{inAmbientMode=false, interruptionFilter=0, unreadNotificationCount=0, notificationCount=1, statusIndicator=Optional.absent()}
04-30 22:16:16.392  1031  1031 I SecWFOverlayController: [SecWatchFaceOverlayController] setScreenLockEnabled(27) > prev screenLockEnabled: false screenLockEnabled: false
04-30 22:16:16.392  1031  1230 I AndroidXWFEngine: [AndroidXWatchFaceEngine$$ExternalSyntheticLambda0] run(66) > end sendSystemStateInternal
04-30 22:16:16.394  5329  5329 D WatchFaceService: Setting Watch Ui State with WatchUiState{ interruptionFilter=0, inAmbientMode=false } and fromSysUi=true. Existing state: firstSetWatchUiState=false, systemHasSentWatchUiState=true, mutableWatchState.interruptionFilter=0, mutableWatchState.isAmbient=false
04-30 22:16:16.427  1031  1031 I SecScreenOnOffSubjectImpl: [SecScreenOnOffSubjectImpl$$ExternalSyntheticLambda0] accept(26) > com.google.android.clockwork.sysui.mainui.module.watchfaceoverlay2.SecWatchFaceOverlayUi@16db1ac onScreenChanged()
04-30 22:16:16.427  1031  1031 I SecWatchFaceOverlayUi: [SecWatchFaceOverlayUi] onScreenChanged(9) > No change in screen state
04-30 22:16:16.662   605   605 D DisplayOffload: [DisplayOffloadService] isAvailableWatchFaceOffloading(23) > isSysUIMainActivityOnTop: false
04-30 22:16:16.663   605   605 I DisplayOffload: [DisplayOffloadService] recomputeDozeOverrideLocked(299) > ambientDreamScreenState: 1, shouldBlock: false, forceFallbackToDream: true, inAmbient: false, mCanDozeOverride: true, readyToDisplayLocked(): false, mDisplayOffloadIsControlling: false, mDisplayOffloadScreenStateOverride: 0, isAvailableWatchFaceOffloading(): false, isAvailableActivityOffloading(): false, mIsBrghtnessOnlyModeLikely: true, mDozeTimerExpiredCount: 0
04-30 22:16:16.677  1031  1031 W Dashboard: [WatchfaceScrollVIDefault$updateWatchfaceScale$1] run(45) > watchface scale : 1.0 -> release(1)
04-30 22:16:16.711  1031  1031 I SecScreenOnOffSubjectImpl: [SecScreenOnOffSubjectImpl$$ExternalSyntheticLambda0] accept(26) > com.google.android.clockwork.sysui.mainui.module.watchfaceoverlay2.SecWatchFaceOverlayUi@16db1ac onScreenChanged()
04-30 22:16:16.711  1031  1031 I SecWatchFaceOverlayUi: [SecWatchFaceOverlayUi] onScreenChanged(9) > No change in screen state
04-30 22:16:16.791  1031  1031 I SecScreenOnOffSubjectImpl: [SecScreenOnOffSubjectImpl$$ExternalSyntheticLambda0] accept(26) > com.google.android.clockwork.sysui.mainui.module.watchfaceoverlay2.SecWatchFaceOverlayUi@16db1ac onScreenChanged()
04-30 22:16:16.791  1031  1031 I SecWatchFaceOverlayUi: [SecWatchFaceOverlayUi] onScreenChanged(9) > No change in screen state
04-30 22:16:16.863  1031  1031 I SecScreenOnOffSubjectImpl: [SecScreenOnOffSubjectImpl$$ExternalSyntheticLambda0] accept(26) > com.google.android.clockwork.sysui.mainui.module.watchfaceoverlay2.SecWatchFaceOverlayUi@16db1ac onScreenChanged()
04-30 22:16:16.863  1031  1031 I SecWatchFaceOverlayUi: [SecWatchFaceOverlayUi] onScreenChanged(9) > No change in screen state
04-30 22:16:16.893   605  1650 D DisplayOffload: [DisplayOffloadService] isAvailableWatchFaceOffloading(23) > isSysUIMainActivityOnTop: false
04-30 22:16:16.929   605   699 D DisplayOffload: [DisplayOffloadService] isAvailableWatchFaceOffloading(23) > isSysUIMainActivityOnTop: false
04-30 22:16:16.930   605   699 I DisplayOffload: [DisplayOffloadService] sendCustomCommand(71) > mDisplayOffloadIsControlling: false, mDisplayOffloadReady: false, mDisplayOffloadScreenStateOverride: 0, mUpdateOnNextDozeSuspend: false, isAvailableWatchFaceOffloading(): false, isAvailableActivityOffloading(): false
04-30 22:16:16.935   605   699 D DisplayOffload: [DisplayOffloadService] isAvailableWatchFaceOffloading(23) > isSysUIMainActivityOnTop: false
04-30 22:16:16.936   605   699 I DisplayOffload: [DisplayOffloadService] recomputeDozeOverrideLocked(299) > ambientDreamScreenState: 0, shouldBlock: true, forceFallbackToDream: true, inAmbient: false, mCanDozeOverride: true, readyToDisplayLocked(): false, mDisplayOffloadIsControlling: false, mDisplayOffloadScreenStateOverride: 0, isAvailableWatchFaceOffloading(): false, isAvailableActivityOffloading(): false, mIsBrghtnessOnlyModeLikely: true, mDozeTimerExpiredCount: 0
04-30 22:16:17.274   605   785 D DisplayOffload: [DisplayOffloadService] isAvailableWatchFaceOffloading(23) > isSysUIMainActivityOnTop: false
04-30 22:16:17.274   605   785 I DisplayOffload: [DisplayOffloadService] recomputeDozeOverrideLocked(299) > ambientDreamScreenState: 0, shouldBlock: false, forceFallbackToDream: true, inAmbient: false, mCanDozeOverride: true, readyToDisplayLocked(): false, mDisplayOffloadIsControlling: false, mDisplayOffloadScreenStateOverride: 0, isAvailableWatchFaceOffloading(): false, isAvailableActivityOffloading(): false, mIsBrghtnessOnlyModeLikely: true, mDozeTimerExpiredCount: 0
04-30 22:16:17.348  1031  1031 I SecScreenOnOffSubjectImpl: [SecScreenOnOffSubjectImpl$$ExternalSyntheticLambda0] accept(26) > com.google.android.clockwork.sysui.mainui.module.watchfaceoverlay2.SecWatchFaceOverlayUi@16db1ac onScreenChanged()
04-30 22:16:17.348  1031  1031 I SecWatchFaceOverlayUi: [SecWatchFaceOverlayUi] onScreenChanged(9) > No change in screen state
04-30 22:16:19.570 21189 21216 D ProfileInstaller: Installing profile for com.pixelbridge.complications
04-30 22:16:20.983  1031  1031 I SecScreenOnOffSubjectImpl: [SecScreenOnOffSubjectImpl$$ExternalSyntheticLambda0] accept(26) > com.google.android.clockwork.sysui.mainui.module.watchfaceoverlay2.SecWatchFaceOverlayUi@16db1ac onScreenChanged()
04-30 22:16:20.984  1031  1031 I SecWatchFaceOverlayUi: [SecWatchFaceOverlayUi] onScreenChanged(9) > No change in screen state
04-30 22:16:38.988   605 12472 D DisplayOffload: [DisplayOffloadService] isAvailableWatchFaceOffloading(23) > isSysUIMainActivityOnTop: false
04-30 22:16:38.989   605   699 D DisplayOffload: [DisplayOffloadService] isAvailableWatchFaceOffloading(23) > isSysUIMainActivityOnTop: false
04-30 22:16:39.014   605   699 I DisplayOffload: [DisplayOffloadService] sendCustomCommand(71) > mDisplayOffloadIsControlling: false, mDisplayOffloadReady: false, mDisplayOffloadScreenStateOverride: 0, mUpdateOnNextDozeSuspend: false, isAvailableWatchFaceOffloading(): false, isAvailableActivityOffloading(): false
04-30 22:16:39.036   605   699 D DisplayOffload: [DisplayOffloadService] isAvailableWatchFaceOffloading(23) > isSysUIMainActivityOnTop: false
04-30 22:16:39.037   605   699 I DisplayOffload: [DisplayOffloadService] recomputeDozeOverrideLocked(299) > ambientDreamScreenState: 1, shouldBlock: false, forceFallbackToDream: true, inAmbient: false, mCanDozeOverride: true, readyToDisplayLocked(): false, mDisplayOffloadIsControlling: false, mDisplayOffloadScreenStateOverride: 0, isAvailableWatchFaceOffloading(): false, isAvailableActivityOffloading(): false, mIsBrghtnessOnlyModeLikely: true, mDozeTimerExpiredCount: 0
04-30 22:16:39.139  5329  5329 I DisplayOffloadManager: sendEmptyWatchFaceLayout
04-30 22:16:39.144  5329  5329 I DisplayOffloadManager: sendEmptyWatchFaceLayout
04-30 22:16:39.148  5329  5329 I DisplayOffloadManager: sendEmptyWatchFaceLayout
04-30 22:16:39.153  5329  5329 I DisplayOffloadManager: sendEmptyWatchFaceLayout
04-30 22:16:39.157  5329  5329 I DisplayOffloadManager: sendEmptyWatchFaceLayout
04-30 22:16:39.160  5329  5329 I DisplayOffloadManager: sendEmptyWatchFaceLayout
04-30 22:16:39.161   605  1086 I DOLayout: canShowWatchFaceLayout: false
04-30 22:16:39.161   605  1086 I DOLayout: computeNextLayout: next=NONE canShowWatchFace=false canShowActivity=false
04-30 22:16:39.165   605  1216 I DOLayout: canShowWatchFaceLayout: false
04-30 22:16:39.165   605  1216 I DOLayout: computeNextLayout: next=NONE canShowWatchFace=false canShowActivity=false
04-30 22:16:39.165  5329  5329 I DisplayOffloadManager: sendEmptyWatchFaceLayout
04-30 22:16:39.168   605  1043 I DOLayout: canShowWatchFaceLayout: false
04-30 22:16:39.168   605  1043 I DOLayout: computeNextLayout: next=NONE canShowWatchFace=false canShowActivity=false
04-30 22:16:39.169  5329  5329 I DisplayOffloadManager: sendEmptyWatchFaceLayout
04-30 22:16:39.172   605  2881 I DOLayout: canShowWatchFaceLayout: false
04-30 22:16:39.172   605  2881 I DOLayout: computeNextLayout: next=NONE canShowWatchFace=false canShowActivity=false
04-30 22:16:39.175   605  1043 I DOLayout: canShowWatchFaceLayout: false
04-30 22:16:39.175   605  1043 I DOLayout: computeNextLayout: next=NONE canShowWatchFace=false canShowActivity=false
04-30 22:16:39.196  1031  1031 I WFModule: [WatchFaceModule] onScreenOff(23) > ScreenOff should update display: false
04-30 22:16:39.200  1031  1031 I SecWatchFaceOverlayUi: [SecWatchFaceOverlayUi] updateOngoingActivityAnimation(43) > stop lottie icon animation
04-30 22:16:39.200  1031  1031 I SecWatchFaceOverlayUi: [SecWatchFaceOverlayUi] updateOngoingActivityAnimation(121) > Container : com.google.android.clockwork.sysui.mainui.module.watchfaceoverlay2.container.WfImageButtonContainer@931b1b1
04-30 22:16:39.201  1031  1031 I SecWatchFaceOverlayUi: [SecWatchFaceOverlayUi] updateOngoingActivityAnimation(162) > stop icon animation
04-30 22:16:39.204   605  4215 I DOLayout: canShowWatchFaceLayout: false
04-30 22:16:39.204   605  4215 I DOLayout: computeNextLayout: next=NONE canShowWatchFace=false canShowActivity=false
04-30 22:16:39.206  1031  1031 I SecWatchFacePickerController: [SecWatchFacePickerController] exitInteractive(21) > isOpen = false, isInCustomizeProgress = false
04-30 22:16:39.206  1031  1031 I SecWatchFacePickerController: [SecWatchFacePickerController] exitInteractive(42) > isAddFavoriteInProgress = false, watchfaceUpdateBlocked = false
04-30 22:16:39.207  1031  1031 I WFModule: [WatchFaceModule] onKeyguardState(21) > keyguard locked: false
04-30 22:16:39.207  1031  1031 I AndroidXWFEngine: [AndroidXWatchFaceEngine] sendSystemState(6) > send system state in sub-thread
04-30 22:16:39.208  1031  1230 I AndroidXWFEngine: [AndroidXWatchFaceEngine$$ExternalSyntheticLambda0] run(28) > begin sendSystemStateInternal, WatchFaceSystemState{inAmbientMode=false, interruptionFilter=0, unreadNotificationCount=0, notificationCount=1, statusIndicator=Optional.absent()}
04-30 22:16:39.208  1031  1031 I SecWFOverlayController: [SecWatchFaceOverlayController] setScreenLockEnabled(27) > prev screenLockEnabled: false screenLockEnabled: false
04-30 22:16:39.208  1031  1230 I AndroidXWFEngine: [AndroidXWatchFaceEngine$$ExternalSyntheticLambda0] run(66) > end sendSystemStateInternal
04-30 22:16:39.210  1031  1031 I SecScreenOnOffSubjectImpl: [SecScreenOnOffSubjectImpl$$ExternalSyntheticLambda0] accept(26) > com.google.android.clockwork.sysui.mainui.module.watchfaceoverlay2.SecWatchFaceOverlayUi@16db1ac onScreenChanged()
04-30 22:16:39.211  1031  1031 I SecWatchFaceOverlayUi: [SecWatchFaceOverlayUi] onScreenChanged(9) > No change in screen state
04-30 22:16:39.212  5329  5329 D WatchFaceService: Setting Watch Ui State with WatchUiState{ interruptionFilter=0, inAmbientMode=false } and fromSysUi=true. Existing state: firstSetWatchUiState=false, systemHasSentWatchUiState=true, mutableWatchState.interruptionFilter=0, mutableWatchState.isAmbient=false
04-30 22:16:39.224   605  4215 I DOLayout: canShowWatchFaceLayout: false
04-30 22:16:39.224   605  4215 I DOLayout: computeNextLayout: next=NONE canShowWatchFace=false canShowActivity=false
04-30 22:16:39.227   605  4215 I DOLayout: canShowWatchFaceLayout: false
04-30 22:16:39.227   605  4215 I DOLayout: computeNextLayout: next=NONE canShowWatchFace=false canShowActivity=false
04-30 22:16:39.293   605   605 D DisplayOffload: [DisplayOffloadService] isAvailableWatchFaceOffloading(23) > isSysUIMainActivityOnTop: false
04-30 22:16:39.294   605   605 I DisplayOffload: [DisplayOffloadService] recomputeDozeOverrideLocked(299) > ambientDreamScreenState: 1, shouldBlock: false, forceFallbackToDream: true, inAmbient: false, mCanDozeOverride: true, readyToDisplayLocked(): false, mDisplayOffloadIsControlling: false, mDisplayOffloadScreenStateOverride: 0, isAvailableWatchFaceOffloading(): false, isAvailableActivityOffloading(): false, mIsBrghtnessOnlyModeLikely: true, mDozeTimerExpiredCount: 0
04-30 22:16:39.297   605  1362 D DisplayOffload: [DisplayOffloadService] isAvailableWatchFaceOffloading(23) > isSysUIMainActivityOnTop: false
04-30 22:17:20.187   605   605 W ProcessStats: Tracking association SourceState{4fa1ce1 system/1000 BFgs #20185} whose proc state 4 is better than process ProcessState{8bc6b1f com.google.android.wearable.watchface.rwf/10214 pkg=com.google.android.wearable.watchface.rwf} proc state 5 (2 skipped)
04-30 22:17:20.317  1031  1031 I SecScreenOnOffSubjectImpl: [SecScreenOnOffSubjectImpl$$ExternalSyntheticLambda0] accept(26) > com.google.android.clockwork.sysui.mainui.module.watchfaceoverlay2.SecWatchFaceOverlayUi@16db1ac onScreenChanged()
04-30 22:17:20.340  1031  1031 I SecWatchFaceOverlayUi: [SecWatchFaceOverlayUi] onScreenChanged(9) > No change in screen state
04-30 22:17:20.362   605  1043 D DisplayOffload: [DisplayOffloadService] isAvailableWatchFaceOffloading(23) > isSysUIMainActivityOnTop: false
04-30 22:17:20.392  1031  1031 I SecWatchFaceOverlayUi: [SetViewToggleButtonReceiver$$ExternalSyntheticOutline0] m(13) > setResumeState : true
04-30 22:17:20.394  1031  1031 I SecWatchFaceOverlayUi: [SecWatchFaceOverlayUi] hideNowBar(53) > NowBar should be hidden. Visibility of secWFNowBarCueContainer : 8, Visibility of secWFNowBarCardContainer : 8
04-30 22:17:20.394  1031  1031 I SecWatchFaceOverlayUi: [SecWatchFaceOverlayUi] hideNowBar(85) > Hide NowBar cue
04-30 22:17:20.394  1031  1031 I SecWatchFaceOverlayUi: [SecWatchFaceOverlayUi] hideNowBar(97) > Hide NowBar card
04-30 22:17:20.395  1031  1031 I SecWatchFaceOverlayUi: [SecWatchFaceOverlayUi] updateOngoingActivityAnimation(43) > stop lottie icon animation
04-30 22:17:20.395  1031  1031 I SecWatchFaceOverlayUi: [SecWatchFaceOverlayUi] updateOngoingActivityAnimation(121) > Container : com.google.android.clockwork.sysui.mainui.module.watchfaceoverlay2.container.WfImageButtonContainer@931b1b1
04-30 22:17:20.395  1031  1031 I SecWatchFaceOverlayUi: [SecWatchFaceOverlayUi] updateOngoingActivityAnimation(162) > stop icon animation
04-30 22:17:20.399  1031  1031 I SecWatchFacePickerController: [WatchFacePickerModule] onResume(14) > onResume()
04-30 22:17:20.400  1031  1031 I SysUI   : [WatchFaceUiController]showWatchFace: showingWatchFace=false
04-30 22:17:20.400  1031  1031 I SysUI   : [WatchFaceUiController]Showing watch face wallpaper.
04-30 22:17:20.400  1031  1031 W SysUI   : [WatchfaceVisibleImpl] setVisible(114) > diff : 1 / show (1) hide (0)
04-30 22:17:20.400  1031  1031 W SysUI   : [WatchfaceVisibleImpl] setVisible(137) > Show watchface
04-30 22:17:20.402  1031  1031 I SecWatchFaceOverlayUi: [SetViewToggleButtonReceiver$$ExternalSyntheticOutline0] m(13) > setVisible: true
04-30 22:17:20.402  1031  1031 I SecWatchFaceOverlayUi: [SecWatchFaceOverlayUi] updateOngoingActivityAnimation(43) > stop lottie icon animation
04-30 22:17:20.403  1031  1031 I SecWatchFaceOverlayUi: [SecWatchFaceOverlayUi] updateOngoingActivityAnimation(121) > Container : com.google.android.clockwork.sysui.mainui.module.watchfaceoverlay2.container.WfImageButtonContainer@931b1b1
04-30 22:17:20.403  1031  1031 I SecWatchFaceOverlayUi: [SecWatchFaceOverlayUi] updateOngoingActivityAnimation(162) > stop icon animation
04-30 22:17:20.403  1031  1031 I SecWatchFaceOverlayUi: [SecWatchFaceOverlayUi] setWatchFaceShowState(71) > changed view z : 0.0
04-30 22:17:20.403  1031  1031 I SecWatchFaceOverlayUi: [SetViewToggleButtonReceiver$$ExternalSyntheticOutline0] m(13) > setVisible: true
04-30 22:17:20.404  1031  1230 I SysUI   : [WatchFaceUiController]run to show watchface
04-30 22:17:20.404  1031  1230 I AndroidXWFEngine: [AndroidXWatchFaceEngine] sendSystemState(6) > send system state in sub-thread
04-30 22:17:20.407  1031  1792 I WNoti   : [WNotiPopupModule$$ExternalSyntheticLambda1] run(47) > WatchFaceVisibility: true
04-30 22:17:20.408  1031  1111 I AndroidXWFEngine: [AndroidXWatchFaceEngine$$ExternalSyntheticLambda0] run(28) > begin sendSystemStateInternal, WatchFaceSystemState{inAmbientMode=false, interruptionFilter=0, unreadNotificationCount=0, notificationCount=1, statusIndicator=Optional.absent()}
04-30 22:17:20.409  1031  1111 I AndroidXWFEngine: [AndroidXWatchFaceEngine$$ExternalSyntheticLambda0] run(66) > end sendSystemStateInternal
04-30 22:17:20.478  5329  5329 D WatchFaceService: Setting Watch Ui State with WatchUiState{ interruptionFilter=0, inAmbientMode=false } and fromSysUi=true. Existing state: firstSetWatchUiState=false, systemHasSentWatchUiState=true, mutableWatchState.interruptionFilter=0, mutableWatchState.isAmbient=false
04-30 22:17:20.570  1049 20924 D WearServices: [SynchronousComplicationSessionController]onWatchFaceStateChanged isWfInteractive=true
04-30 22:17:20.575   605   658 V WindowManager: Setting visibility of Window{86925e2 u0 com.google.android.wearable.watchface.koru.reveal.RevealWatchFaceService}: true, caller=com.android.server.wm.WindowContainer.sendAppVisibilityToClients:19 com.android.server.wm.WindowToken.setClientVisible:48 com.android.server.wm.WallpaperWindowToken.setVisible$1:3 com.android.server.wm.WallpaperWindowToken.commitVisibility:48 com.android.server.wm.WallpaperWindowToken.setVisibility:190 
04-30 22:17:20.577  5329  5329 I WatchFaceService: onVisibilityChanged(true)
04-30 22:17:20.626  1031  1031 I WFModule: [WatchFaceModule] onScreenOn(23) > ScreenOn should update display: false
04-30 22:17:20.627  1031  1031 I SecWatchFaceOverlayUi: [SecWatchFaceOverlayUi] updateOngoingActivityAnimation(43) > stop lottie icon animation
04-30 22:17:20.627  1031  1031 I SecWatchFaceOverlayUi: [SecWatchFaceOverlayUi] updateOngoingActivityAnimation(121) > Container : com.google.android.clockwork.sysui.mainui.module.watchfaceoverlay2.container.WfImageButtonContainer@931b1b1
04-30 22:17:20.627  1031  1031 I SecWatchFaceOverlayUi: [SecWatchFaceOverlayUi] updateOngoingActivityAnimation(162) > stop icon animation
04-30 22:17:20.628  1031  1031 I WFModule: [WatchFaceModule] onKeyguardState(21) > keyguard locked: false
04-30 22:17:20.631  1031  1031 I AndroidXWFEngine: [AndroidXWatchFaceEngine] sendSystemState(6) > send system state in sub-thread
04-30 22:17:20.633  1031  1031 I SecWFOverlayController: [SecWatchFaceOverlayController] setScreenLockEnabled(27) > prev screenLockEnabled: false screenLockEnabled: false
04-30 22:17:20.635  1031  1031 I SecScreenOnOffSubjectImpl: [SecScreenOnOffSubjectImpl$$ExternalSyntheticLambda0] accept(26) > com.google.android.clockwork.sysui.mainui.module.watchfaceoverlay2.SecWatchFaceOverlayUi@16db1ac onScreenChanged()
04-30 22:17:20.635  1031  1111 I AndroidXWFEngine: [AndroidXWatchFaceEngine$$ExternalSyntheticLambda0] run(28) > begin sendSystemStateInternal, WatchFaceSystemState{inAmbientMode=false, interruptionFilter=0, unreadNotificationCount=0, notificationCount=1, statusIndicator=Optional.absent()}
04-30 22:17:20.636  1031  1031 I SecWatchFaceOverlayUi: [SecWatchFaceOverlayUi] onScreenChanged(9) > No change in screen state
04-30 22:17:20.637  1031  1111 I AndroidXWFEngine: [AndroidXWatchFaceEngine$$ExternalSyntheticLambda0] run(66) > end sendSystemStateInternal
04-30 22:17:20.641  1031  1031 W Dashboard: [WatchfaceScrollVIDefault$updateWatchfaceScale$1] run(45) > watchface scale : 1.0 -> release(1)
