04-30 22:21:07.659   605  1600 I DOLayout: canShowWatchFaceLayout: true
04-30 22:21:07.659   605  1600 I DOLayout: computeNextLayout: next=NONE canShowWatchFace=true canShowActivity=false
04-30 22:21:07.665   605  1043 I DOLayout: canShowWatchFaceLayout: true
04-30 22:21:07.665   605  1043 I DOLayout: computeNextLayout: next=NONE canShowWatchFace=true canShowActivity=false
04-30 22:21:07.673  1031  1031 I AndroidXWFEngine: [AndroidXWatchFaceEngine] sendSystemState(6) > send system state in sub-thread
04-30 22:21:07.673   605  1043 I DOLayout: canShowWatchFaceLayout: true
04-30 22:21:07.673   605  1043 I DOLayout: computeNextLayout: next=NONE canShowWatchFace=true canShowActivity=false
04-30 22:21:07.674  1031  1031 I SecWatchFaceOverlayUi: [WatchFaceOverlayModule] onHomeActivityFocusChanged(50) > hasFocus : true isWearing : false
04-30 22:21:07.676  1031  1230 I AndroidXWFEngine: [AndroidXWatchFaceEngine$$ExternalSyntheticLambda0] run(28) > begin sendSystemStateInternal, WatchFaceSystemState{inAmbientMode=false, interruptionFilter=0, unreadNotificationCount=1, notificationCount=2, statusIndicator=Optional.absent()}
04-30 22:21:07.677  1031  1230 I AndroidXWFEngine: [AndroidXWatchFaceEngine$$ExternalSyntheticLambda0] run(66) > end sendSystemStateInternal
04-30 22:21:07.679  5329  5329 D WatchFaceService: Setting Watch Ui State with WatchUiState{ interruptionFilter=0, inAmbientMode=false } and fromSysUi=true. Existing state: firstSetWatchUiState=false, systemHasSentWatchUiState=true, mutableWatchState.interruptionFilter=0, mutableWatchState.isAmbient=false
04-30 22:21:07.682   605  1362 I DOLayout: canShowWatchFaceLayout: true
04-30 22:21:07.682   605  1362 I DOLayout: computeNextLayout: next=NONE canShowWatchFace=true canShowActivity=false
04-30 22:21:07.686   605  1362 I DOLayout: canShowWatchFaceLayout: true
04-30 22:21:07.686   605  1362 I DOLayout: computeNextLayout: next=NONE canShowWatchFace=true canShowActivity=false
04-30 22:21:07.689   605  1043 I DOLayout: canShowWatchFaceLayout: true
04-30 22:21:07.689   605  1043 I DOLayout: computeNextLayout: next=NONE canShowWatchFace=true canShowActivity=false
04-30 22:21:07.691   605  1043 I DOLayout: canShowWatchFaceLayout: true
04-30 22:21:07.691   605  1043 I DOLayout: computeNextLayout: next=NONE canShowWatchFace=true canShowActivity=false
04-30 22:21:07.693   605  1043 I DOLayout: canShowWatchFaceLayout: true
04-30 22:21:07.693   605  1043 I DOLayout: computeNextLayout: next=NONE canShowWatchFace=true canShowActivity=false
04-30 22:21:07.727  1049 21496 D WearServices: [SynchronousComplicationSessionController]onWatchFaceStateChanged isWfInteractive=true
04-30 22:21:07.835   605  2879 D DisplayOffload: [DisplayOffloadService] isAvailableWatchFaceOffloading(23) > isSysUIMainActivityOnTop: true
04-30 22:21:08.190   605  1600 V WindowManager: Relayout Window{86925e2 u0 com.google.android.wearable.watchface.koru.reveal.RevealWatchFaceService}: viewVisibility=0 req=-1x-1 ty=2013 d0
04-30 22:21:08.224   605  1216 D WindowManager: finishDrawingWindow: Window{86925e2 u0 com.google.android.wearable.watchface.koru.reveal.RevealWatchFaceService} mDrawState=DRAW_PENDING seqId=2147483647
04-30 22:21:08.224   605  1216 I WindowManager: finishDrawing of orientation change: Window{86925e2 u0 com.google.android.wearable.watchface.koru.reveal.RevealWatchFaceService} 68ms
04-30 22:21:08.226   605   699 D DisplayOffload: [DisplayOffloadService] isAvailableWatchFaceOffloading(23) > isSysUIMainActivityOnTop: true
04-30 22:21:08.227   605   699 I DisplayOffload: [DisplayOffloadService] sendCustomCommand(71) > mDisplayOffloadIsControlling: false, mDisplayOffloadReady: false, mDisplayOffloadScreenStateOverride: 0, mUpdateOnNextDozeSuspend: false, isAvailableWatchFaceOffloading(): true, isAvailableActivityOffloading(): false
04-30 22:21:08.255   605   659 V WindowManager: performShowLocked: mDrawState=HAS_DRAWN in Window{86925e2 u0 com.google.android.wearable.watchface.koru.reveal.RevealWatchFaceService}
04-30 22:21:08.259   605   699 D DisplayOffload: [DisplayOffloadService] isAvailableWatchFaceOffloading(23) > isSysUIMainActivityOnTop: true
04-30 22:21:08.259  1031  1031 I SecScreenOnOffSubjectImpl: [SecScreenOnOffSubjectImpl$$ExternalSyntheticLambda0] accept(26) > com.google.android.clockwork.sysui.mainui.module.watchfaceoverlay2.SecWatchFaceOverlayUi@16db1ac onScreenChanged()
04-30 22:21:08.260  1031  1031 I SecWatchFaceOverlayUi: [SecWatchFaceOverlayUi] onScreenChanged(9) > No change in screen state
04-30 22:21:08.260   605   699 I DisplayOffload: [DisplayOffloadService] recomputeDozeOverrideLocked(299) > ambientDreamScreenState: 0, shouldBlock: true, forceFallbackToDream: true, inAmbient: false, mCanDozeOverride: true, readyToDisplayLocked(): false, mDisplayOffloadIsControlling: false, mDisplayOffloadScreenStateOverride: 0, isAvailableWatchFaceOffloading(): true, isAvailableActivityOffloading(): false, mIsBrghtnessOnlyModeLikely: true, mDozeTimerExpiredCount: 0
04-30 22:21:08.325   605  1216 D DisplayOffload: [DisplayOffloadService] isAvailableWatchFaceOffloading(23) > isSysUIMainActivityOnTop: true
04-30 22:21:08.326   605  1216 I DisplayOffload: [DisplayOffloadService] recomputeDozeOverrideLocked(299) > ambientDreamScreenState: 0, shouldBlock: false, forceFallbackToDream: true, inAmbient: false, mCanDozeOverride: true, readyToDisplayLocked(): false, mDisplayOffloadIsControlling: false, mDisplayOffloadScreenStateOverride: 0, isAvailableWatchFaceOffloading(): true, isAvailableActivityOffloading(): false, mIsBrghtnessOnlyModeLikely: true, mDozeTimerExpiredCount: 0
04-30 22:21:10.071  1031  1031 I SysUI   : [WatchFaceUiController]Watchface touch event : 0, 42675192
04-30 22:21:10.079  1031  1031 I AndroidXWFEngine: [AndroidXWatchFaceEngine] sendTouchEvent(22) > watchface client : androidx.wear.watchface.client.InteractiveWatchFaceClientImpl@ccf1595
04-30 22:21:10.080  1031  1031 I AndroidXWFEngine: [AndroidXWatchFaceEngine] sendTouchEvent(57) > Send touch event : 271, 398
04-30 22:21:10.133  1049 21496 D WearServices: [SynchronousComplicationSessionController]onWatchFaceStateChanged isWfInteractive=false
04-30 22:21:10.137  1031  1031 I SecWatchFaceOverlayUi: [SetViewToggleButtonReceiver$$ExternalSyntheticOutline0] m(13) > setVisible: true
04-30 22:21:10.139  1031  1031 I SecWatchFaceOverlayUi: [SecWatchFaceOverlayUi] updateOngoingActivityAnimation(43) > stop lottie icon animation
04-30 22:21:10.139  1031  1031 I SecWatchFaceOverlayUi: [SecWatchFaceOverlayUi] updateOngoingActivityAnimation(121) > Container : com.google.android.clockwork.sysui.mainui.module.watchfaceoverlay2.container.WfImageButtonContainer@931b1b1
04-30 22:21:10.140  1031  1031 I SecWatchFaceOverlayUi: [SecWatchFaceOverlayUi] updateOngoingActivityAnimation(162) > stop icon animation
04-30 22:21:10.141  1031  1031 I SecWatchFaceOverlayUi: [SecWatchFaceOverlayUi] setWatchFaceShowState(71) > changed view z : -2.0
04-30 22:21:10.142  1031  1031 I SecWatchFaceOverlayUi: [SetViewToggleButtonReceiver$$ExternalSyntheticOutline0] m(13) > setVisible: false
04-30 22:21:10.152  1031  1792 I WNoti   : [WNotiPopupModule$$ExternalSyntheticLambda1] run(47) > WatchFaceVisibility: false
04-30 22:21:10.153  1031  1031 I SysUI   : [WatchFaceUiController]showWatchFace: showingWatchFace=true
04-30 22:21:10.156  1031  1031 I SysUI   : [WatchFaceUiController]showWatchFace: showingWatchFace=true
04-30 22:21:10.157  1031  1031 I SysUI   : [WatchFaceUiController]Watchface touch event : 1, 42675302
04-30 22:21:10.158  1031  1031 I AndroidXWFEngine: [AndroidXWatchFaceEngine] sendTouchEvent(22) > watchface client : androidx.wear.watchface.client.InteractiveWatchFaceClientImpl@ccf1595
04-30 22:21:10.158  1031  1031 I AndroidXWFEngine: [AndroidXWatchFaceEngine] sendTouchEvent(57) > Send touch event : 272, 360
04-30 22:21:10.196  1175  1175 D WatchFaceUIModeProvider: UI mode is changed to APPS
04-30 22:21:10.307  1031  1031 I SysUI   : [WatchFaceUiController]hideWatchFace: showingWatchFace=true
04-30 22:21:10.308  1031  1031 I SysUI   : [WatchFaceUiController]Hiding watch face wallpaper.
04-30 22:21:10.309  1031  1031 W SysUI   : [WatchfaceVisibleImpl] setVisible(114) > diff : -1 / show (0) hide (1)
04-30 22:21:10.309  1031  1031 W SysUI   : [WatchfaceVisibleImpl] setVisible(164) > Hide watchface
04-30 22:21:10.339   605   659 V WindowManager: Setting visibility of Window{86925e2 u0 com.google.android.wearable.watchface.koru.reveal.RevealWatchFaceService}: false, caller=com.android.server.wm.WindowContainer.sendAppVisibilityToClients:19 com.android.server.wm.WindowToken.setClientVisible:48 com.android.server.wm.WallpaperWindowToken.setVisible$1:3 com.android.server.wm.WallpaperWindowToken.commitVisibility:48 com.android.server.wm.WallpaperWindowToken.setVisibility:190 
04-30 22:21:10.340  5329  5329 I WatchFaceService: onVisibilityChanged(false)
04-30 22:21:10.379   324   324 D io_stats: !@ Read_top(KB): e.watchface.rwf(5329) 6160 .gms.persistent(20003) 3664 .wearable.sysui(1031) 3352
04-30 22:21:11.513  1031  1031 I SecWatchFacePickerController: [WatchFacePickerModule] onPause(12) > onPause
04-30 22:21:11.521  1031  1031 I SecWatchFaceOverlayUi: [SetViewToggleButtonReceiver$$ExternalSyntheticOutline0] m(13) > setResumeState : false
04-30 22:21:11.521  1031  1031 I SecWatchFaceOverlayUi: [SecWatchFaceOverlayUi] updateOngoingActivityAnimation(43) > stop lottie icon animation
04-30 22:21:11.521  1031  1031 I SecWatchFaceOverlayUi: [SecWatchFaceOverlayUi] updateOngoingActivityAnimation(121) > Container : com.google.android.clockwork.sysui.mainui.module.watchfaceoverlay2.container.WfImageButtonContainer@931b1b1
04-30 22:21:11.522  1031  1031 I SecWatchFaceOverlayUi: [SecWatchFaceOverlayUi] updateOngoingActivityAnimation(162) > stop icon animation
04-30 22:21:11.681  1031  1031 I SecWatchFaceOverlayUi: [WatchFaceOverlayModule] onHomeActivityFocusChanged(50) > hasFocus : false isWearing : false
04-30 22:21:11.681  1031  1031 I WFP2Module: [WatchFacePickerModule] onHomeActivityFocusEvent(11) > event.hasFocus() == false
04-30 22:21:11.682  1031  1031 I SecWatchFacePickerController: [WatchFacePickerModule] onHomeActivityFocusEvent(24) > shouldHidePicker false
04-30 22:21:11.834  1031  1031 I SecWatchFacePickerView2: [WatchFacePickerModule] onTrimMemory(25) > trimMemory
04-30 22:21:11.834  1031  1031 W SysUI   : [EventBus]WatchFacePickerModule block main thread too much time : (event : TrimMemoryEvent, 70ms). Move this operation to sub thread
04-30 22:21:12.350   605  3756 D DisplayOffload: [DisplayOffloadService] isAvailableWatchFaceOffloading(23) > isSysUIMainActivityOnTop: false
04-30 22:21:12.351   605  3756 I DisplayOffload: [DisplayOffloadService] recomputeDozeOverrideLocked(299) > ambientDreamScreenState: 0, shouldBlock: false, forceFallbackToDream: true, inAmbient: false, mCanDozeOverride: true, readyToDisplayLocked(): false, mDisplayOffloadIsControlling: false, mDisplayOffloadScreenStateOverride: 0, isAvailableWatchFaceOffloading(): false, isAvailableActivityOffloading(): false, mIsBrghtnessOnlyModeLikely: true, mDozeTimerExpiredCount: 0
04-30 22:21:12.357  1031  1031 I AndroidXWFEngine: [AndroidXWatchFaceEngine] sendSystemState(6) > send system state in sub-thread
04-30 22:21:12.357  1031  1230 I AndroidXWFEngine: [AndroidXWatchFaceEngine$$ExternalSyntheticLambda0] run(28) > begin sendSystemStateInternal, WatchFaceSystemState{inAmbientMode=false, interruptionFilter=0, unreadNotificationCount=1, notificationCount=2, statusIndicator=Optional.absent()}
04-30 22:21:12.358  1031  1230 I AndroidXWFEngine: [AndroidXWatchFaceEngine$$ExternalSyntheticLambda0] run(66) > end sendSystemStateInternal
04-30 22:21:12.359  5329  5329 D WatchFaceService: Setting Watch Ui State with WatchUiState{ interruptionFilter=0, inAmbientMode=false } and fromSysUi=true. Existing state: firstSetWatchUiState=false, systemHasSentWatchUiState=true, mutableWatchState.interruptionFilter=0, mutableWatchState.isAmbient=false
04-30 22:21:12.360  1031  1031 I WFModule: [WatchFaceModule] onBatteryStatusState(24) > end onBatteryStatusState
04-30 22:21:12.365  1031  1031 I SecWFOverlayController: [WatchFaceOverlayModule] onBatteryState(39) > setChargingStatus():: charging : false fullyCharged : true
04-30 22:21:12.367  1031  1031 I SecWFOverlayController: [SecWatchFaceOverlayController] updateIcons(8) > updateIcons()::
04-30 22:21:12.462  1031  1031 I SecWFOverlayController: [SecWatchFaceOverlayController] updateChargingIcon(6) > updateChargingIcon()::
04-30 22:21:12.471  1031  1031 I SecWFOverlayController: [SecWatchFaceOverlayController] updateAirplaneModeIcon(6) > updateAirplaneModeIcon()::
04-30 22:21:12.496  1031  1031 W SecWFOverlayController: [SecWatchFaceOverlayController] updateIcons(211) > isDeviceManaged: false, deviceType: 1
04-30 22:21:12.496  1031  1031 I SecWFOverlayController: [SecWatchFaceOverlayController] updateIcons(221) > BT disconnect icon is displayed.
04-30 22:21:12.496  1031  1031 I SecWFOverlayController: [SecWatchFaceOverlayController] updateIcons(246) > updateModes() ::
04-30 22:21:12.496  1031  1031 I SecWFOverlayController: [SecWatchFaceOverlayController] updateIcons(325) > updateStaminaModeIcon
04-30 22:21:12.550  1031  1031 I SecWFOverlayController: [SecWatchFaceOverlayController] updateIcons(380) > [{CHARGING_FULL, true}, {AIRPLANE_MODE, true}, {STANDALONE, true}]
04-30 22:21:12.656  1031  1031 W SysUI   : [SecWatchFaceOverlayController] updateIcons(505) > [SALogUtil] sending Samsung analytics logs: HM0007
04-30 22:21:12.656  1031  1031 W SysUI   : [EventBus]WatchFaceOverlayModule block main thread too much time : (event : BatteryChargeStateEvent, 296ms). Move this operation to sub thread
04-30 22:21:12.698  1031  1031 I AndroidXWFEngine: [AndroidXWatchFaceEngine] sendSystemState(6) > send system state in sub-thread
04-30 22:21:12.699  1031  1031 I WFModule: [WatchFaceModule] onBatteryStatusState(24) > end onBatteryStatusState
04-30 22:21:12.699  1031  1230 I AndroidXWFEngine: [AndroidXWatchFaceEngine$$ExternalSyntheticLambda0] run(28) > begin sendSystemStateInternal, WatchFaceSystemState{inAmbientMode=false, interruptionFilter=0, unreadNotificationCount=1, notificationCount=2, statusIndicator=Optional.absent()}
04-30 22:21:12.699  1031  1031 I SecWFOverlayController: [WatchFaceOverlayModule] onBatteryState(39) > setChargingStatus():: charging : false fullyCharged : false
04-30 22:21:12.699  1031  1031 I SecWFOverlayController: [SecWatchFaceOverlayController] updateIcons(8) > updateIcons()::
04-30 22:21:12.699  1031  1230 I AndroidXWFEngine: [AndroidXWatchFaceEngine$$ExternalSyntheticLambda0] run(66) > end sendSystemStateInternal
04-30 22:21:12.700  1031  1031 I SecWFOverlayController: [SecWatchFaceOverlayController] updateChargingIcon(6) > updateChargingIcon()::
04-30 22:21:12.700  1031  1031 I SecWFOverlayController: [SecWatchFaceOverlayController] updateAirplaneModeIcon(6) > updateAirplaneModeIcon()::
04-30 22:21:12.700  5329  5329 D WatchFaceService: Setting Watch Ui State with WatchUiState{ interruptionFilter=0, inAmbientMode=false } and fromSysUi=true. Existing state: firstSetWatchUiState=false, systemHasSentWatchUiState=true, mutableWatchState.interruptionFilter=0, mutableWatchState.isAmbient=false
04-30 22:21:12.725  1031  1031 W SecWFOverlayController: [SecWatchFaceOverlayController] updateIcons(211) > isDeviceManaged: false, deviceType: 1
04-30 22:21:12.725  1031  1031 I SecWFOverlayController: [SecWatchFaceOverlayController] updateIcons(221) > BT disconnect icon is displayed.
04-30 22:21:12.725  1031  1031 I SecWFOverlayController: [SecWatchFaceOverlayController] updateIcons(246) > updateModes() ::
04-30 22:21:12.726  1031  1031 I SecWFOverlayController: [SecWatchFaceOverlayController] updateIcons(325) > updateStaminaModeIcon
04-30 22:21:12.726  1031  1031 I SecWFOverlayController: [SecWatchFaceOverlayController] updateIcons(380) > [{AIRPLANE_MODE, true}, {STANDALONE, true}]
04-30 22:21:12.746  1031  1031 W SysUI   : [SecWatchFaceOverlayController] updateIcons(505) > [SALogUtil] sending Samsung analytics logs: HM0007
04-30 22:21:13.119  1031  1031 I SecScreenOnOffSubjectImpl: [SecScreenOnOffSubjectImpl$$ExternalSyntheticLambda0] accept(26) > com.google.android.clockwork.sysui.mainui.module.watchfaceoverlay2.SecWatchFaceOverlayUi@16db1ac onScreenChanged()
04-30 22:21:13.119  1031  1031 I SecWatchFaceOverlayUi: [SecWatchFaceOverlayUi] onScreenChanged(9) > No change in screen state
04-30 22:21:13.234  1031  1031 I SecScreenOnOffSubjectImpl: [SecScreenOnOffSubjectImpl$$ExternalSyntheticLambda0] accept(26) > com.google.android.clockwork.sysui.mainui.module.watchfaceoverlay2.SecWatchFaceOverlayUi@16db1ac onScreenChanged()
04-30 22:21:13.234  1031  1031 I SecWatchFaceOverlayUi: [SecWatchFaceOverlayUi] onScreenChanged(9) > No change in screen state
04-30 22:21:16.738 20989 21141 E ActivityThread: Failed to find provider info for com.samsung.android.watch.watchface.hideinformation.setting.provider
04-30 22:21:17.885   605   658 W ProcessStats: Tracking association SourceState{4fa1ce1 system/1000 BFgs #20357} whose proc state 4 is better than process ProcessState{8bc6b1f com.google.android.wearable.watchface.rwf/10214 pkg=com.google.android.wearable.watchface.rwf} proc state 5 (17 skipped)
04-30 22:21:28.787   605   658 W ProcessStats: Tracking association SourceState{4fa1ce1 system/1000 BFgs #20409} whose proc state 4 is better than process ProcessState{8bc6b1f com.google.android.wearable.watchface.rwf/10214 pkg=com.google.android.wearable.watchface.rwf} proc state 5 (18 skipped)
04-30 22:21:43.700   605   699 D DisplayOffload: [DisplayOffloadService] isAvailableWatchFaceOffloading(23) > isSysUIMainActivityOnTop: false
04-30 22:21:43.702   605   699 I DisplayOffload: [DisplayOffloadService] sendCustomCommand(71) > mDisplayOffloadIsControlling: false, mDisplayOffloadReady: false, mDisplayOffloadScreenStateOverride: 0, mUpdateOnNextDozeSuspend: false, isAvailableWatchFaceOffloading(): false, isAvailableActivityOffloading(): false
04-30 22:21:43.702   605  2879 D DisplayOffload: [DisplayOffloadService] isAvailableWatchFaceOffloading(23) > isSysUIMainActivityOnTop: false
04-30 22:21:43.715   605   699 D DisplayOffload: [DisplayOffloadService] isAvailableWatchFaceOffloading(23) > isSysUIMainActivityOnTop: false
04-30 22:21:43.716   605   699 I DisplayOffload: [DisplayOffloadService] recomputeDozeOverrideLocked(299) > ambientDreamScreenState: 1, shouldBlock: false, forceFallbackToDream: true, inAmbient: false, mCanDozeOverride: true, readyToDisplayLocked(): false, mDisplayOffloadIsControlling: false, mDisplayOffloadScreenStateOverride: 0, isAvailableWatchFaceOffloading(): false, isAvailableActivityOffloading(): false, mIsBrghtnessOnlyModeLikely: true, mDozeTimerExpiredCount: 0
04-30 22:21:43.941  5329  5329 I DisplayOffloadManager: sendEmptyWatchFaceLayout
04-30 22:21:43.950  5329  5329 I DisplayOffloadManager: sendEmptyWatchFaceLayout
04-30 22:21:43.955  5329  5329 I DisplayOffloadManager: sendEmptyWatchFaceLayout
04-30 22:21:43.960  5329  5329 I DisplayOffloadManager: sendEmptyWatchFaceLayout
04-30 22:21:43.965  5329  5329 I DisplayOffloadManager: sendEmptyWatchFaceLayout
04-30 22:21:43.969  5329  5329 I DisplayOffloadManager: sendEmptyWatchFaceLayout
04-30 22:21:43.973  5329  5329 I DisplayOffloadManager: sendEmptyWatchFaceLayout
04-30 22:21:43.974   605  1650 I DOLayout: canShowWatchFaceLayout: false
04-30 22:21:43.974   605  1650 I DOLayout: computeNextLayout: next=NONE canShowWatchFace=false canShowActivity=false
04-30 22:21:43.976  5329  5329 I DisplayOffloadManager: sendEmptyWatchFaceLayout
04-30 22:21:43.984   605  1216 I DOLayout: canShowWatchFaceLayout: false
04-30 22:21:43.984   605  1216 I DOLayout: computeNextLayout: next=NONE canShowWatchFace=false canShowActivity=false
04-30 22:21:43.987   605   785 I DOLayout: canShowWatchFaceLayout: false
04-30 22:21:43.987   605   785 I DOLayout: computeNextLayout: next=NONE canShowWatchFace=false canShowActivity=false
04-30 22:21:43.992   605  1965 I DOLayout: canShowWatchFaceLayout: false
04-30 22:21:43.992   605  1965 I DOLayout: computeNextLayout: next=NONE canShowWatchFace=false canShowActivity=false
04-30 22:21:43.996   605  1043 I DOLayout: canShowWatchFaceLayout: false
04-30 22:21:43.996   605  1043 I DOLayout: computeNextLayout: next=NONE canShowWatchFace=false canShowActivity=false
04-30 22:21:44.011   605  2879 I DOLayout: canShowWatchFaceLayout: false
04-30 22:21:44.011   605  2879 I DOLayout: computeNextLayout: next=NONE canShowWatchFace=false canShowActivity=false
04-30 22:21:44.016   605  2879 I DOLayout: canShowWatchFaceLayout: false
04-30 22:21:44.016   605  2879 I DOLayout: computeNextLayout: next=NONE canShowWatchFace=false canShowActivity=false
04-30 22:21:44.024   605  2879 I DOLayout: canShowWatchFaceLayout: false
04-30 22:21:44.024   605  2879 I DOLayout: computeNextLayout: next=NONE canShowWatchFace=false canShowActivity=false
04-30 22:21:44.081  1031  1031 I WFModule: [WatchFaceModule] onScreenOff(23) > ScreenOff should update display: false
04-30 22:21:44.081  1031  1031 W SysUI   : [EventBus]WatchFaceModule block main thread too much time : (event : ScreenOffEvent, 65ms). Move this operation to sub thread
04-30 22:21:44.109  1031  1031 I SecWatchFaceOverlayUi: [SecWatchFaceOverlayUi] updateOngoingActivityAnimation(43) > stop lottie icon animation
04-30 22:21:44.110  1031  1031 I SecWatchFaceOverlayUi: [SecWatchFaceOverlayUi] updateOngoingActivityAnimation(121) > Container : com.google.android.clockwork.sysui.mainui.module.watchfaceoverlay2.container.WfImageButtonContainer@931b1b1
04-30 22:21:44.110  1031  1031 I SecWatchFaceOverlayUi: [SecWatchFaceOverlayUi] updateOngoingActivityAnimation(162) > stop icon animation
04-30 22:21:44.130  1031  1031 I SecWatchFacePickerController: [SecWatchFacePickerController] exitInteractive(21) > isOpen = false, isInCustomizeProgress = false
04-30 22:21:44.130  1031  1031 I SecWatchFacePickerController: [SecWatchFacePickerController] exitInteractive(42) > isAddFavoriteInProgress = false, watchfaceUpdateBlocked = false
04-30 22:21:44.133  1031  1031 I WFModule: [WatchFaceModule] onKeyguardState(21) > keyguard locked: false
04-30 22:21:44.144  1031  1031 I AndroidXWFEngine: [AndroidXWatchFaceEngine] sendSystemState(6) > send system state in sub-thread
04-30 22:21:44.149  1031  1230 I AndroidXWFEngine: [AndroidXWatchFaceEngine$$ExternalSyntheticLambda0] run(28) > begin sendSystemStateInternal, WatchFaceSystemState{inAmbientMode=false, interruptionFilter=0, unreadNotificationCount=1, notificationCount=2, statusIndicator=Optional.absent()}
04-30 22:21:44.153  1031  1031 I SecWFOverlayController: [SecWatchFaceOverlayController] setScreenLockEnabled(27) > prev screenLockEnabled: false screenLockEnabled: false
04-30 22:21:44.153  1031  1230 I AndroidXWFEngine: [AndroidXWatchFaceEngine$$ExternalSyntheticLambda0] run(66) > end sendSystemStateInternal
04-30 22:21:44.156  5329  5329 D WatchFaceService: Setting Watch Ui State with WatchUiState{ interruptionFilter=0, inAmbientMode=false } and fromSysUi=true. Existing state: firstSetWatchUiState=false, systemHasSentWatchUiState=true, mutableWatchState.interruptionFilter=0, mutableWatchState.isAmbient=false
04-30 22:21:44.181  1031  1031 I SecScreenOnOffSubjectImpl: [SecScreenOnOffSubjectImpl$$ExternalSyntheticLambda0] accept(26) > com.google.android.clockwork.sysui.mainui.module.watchfaceoverlay2.SecWatchFaceOverlayUi@16db1ac onScreenChanged()
04-30 22:21:44.181  1031  1031 I SecWatchFaceOverlayUi: [SecWatchFaceOverlayUi] onScreenChanged(9) > No change in screen state
04-30 22:21:44.197   605   862 D DisplayOffload: [DisplayOffloadService] isAvailableWatchFaceOffloading(23) > isSysUIMainActivityOnTop: false
04-30 22:21:46.041   605  1600 D DisplayOffload: [DisplayOffloadService] isAvailableWatchFaceOffloading(23) > isSysUIMainActivityOnTop: false
04-30 22:21:46.042   605  1600 I DisplayOffload: [DisplayOffloadService] recomputeDozeOverrideLocked(299) > ambientDreamScreenState: 1, shouldBlock: false, forceFallbackToDream: true, inAmbient: false, mCanDozeOverride: true, readyToDisplayLocked(): false, mDisplayOffloadIsControlling: false, mDisplayOffloadScreenStateOverride: 0, isAvailableWatchFaceOffloading(): false, isAvailableActivityOffloading(): false, mIsBrghtnessOnlyModeLikely: true, mDozeTimerExpiredCount: 0
04-30 22:21:56.241   605   605 W ProcessStats: Tracking association SourceState{4fa1ce1 system/1000 BFgs #20426} whose proc state 4 is better than process ProcessState{8bc6b1f com.google.android.wearable.watchface.rwf/10214 pkg=com.google.android.wearable.watchface.rwf} proc state 5 (2 skipped)
04-30 22:21:56.342  5329  5329 I DisplayOffloadManager: clearWatchFaceLayout, mShim: null, isPeleAvailable: false
04-30 22:21:56.345  5329  5329 I DisplayOffloadManager: clearWatchFaceLayout, mShim: null, isPeleAvailable: false
04-30 22:21:56.347  5329  5329 I DisplayOffloadManager: clearWatchFaceLayout, mShim: null, isPeleAvailable: false
04-30 22:21:56.350  5329  5329 I DisplayOffloadManager: clearWatchFaceLayout, mShim: null, isPeleAvailable: false
04-30 22:21:56.353  5329  5329 I DisplayOffloadManager: clearWatchFaceLayout, mShim: null, isPeleAvailable: false
04-30 22:21:56.356  5329  5329 I DisplayOffloadManager: clearWatchFaceLayout, mShim: null, isPeleAvailable: false
04-30 22:21:56.359  5329  5329 I DisplayOffloadManager: clearWatchFaceLayout, mShim: null, isPeleAvailable: false
04-30 22:21:56.362  5329  5329 I DisplayOffloadManager: clearWatchFaceLayout, mShim: null, isPeleAvailable: false
04-30 22:21:56.369  1031  1031 I WFModule: [WatchFaceModule] onScreenOn(23) > ScreenOn should update display: false
04-30 22:21:56.371  1031  1031 I SecWatchFaceOverlayUi: [SecWatchFaceOverlayUi] updateOngoingActivityAnimation(43) > stop lottie icon animation
04-30 22:21:56.372  1031  1031 I SecWatchFaceOverlayUi: [SecWatchFaceOverlayUi] updateOngoingActivityAnimation(121) > Container : com.google.android.clockwork.sysui.mainui.module.watchfaceoverlay2.container.WfImageButtonContainer@931b1b1
04-30 22:21:56.372  1031  1031 I SecWatchFaceOverlayUi: [SecWatchFaceOverlayUi] updateOngoingActivityAnimation(162) > stop icon animation
04-30 22:21:56.384  1031  1031 I WFModule: [WatchFaceModule] onKeyguardState(21) > keyguard locked: false
04-30 22:21:56.384  1031  1031 I AndroidXWFEngine: [AndroidXWatchFaceEngine] sendSystemState(6) > send system state in sub-thread
04-30 22:21:56.384  1031  1031 I SecWFOverlayController: [SecWatchFaceOverlayController] setScreenLockEnabled(27) > prev screenLockEnabled: false screenLockEnabled: false
04-30 22:21:56.403  1031  1230 I AndroidXWFEngine: [AndroidXWatchFaceEngine$$ExternalSyntheticLambda0] run(28) > begin sendSystemStateInternal, WatchFaceSystemState{inAmbientMode=false, interruptionFilter=0, unreadNotificationCount=1, notificationCount=2, statusIndicator=Optional.absent()}
04-30 22:21:56.404  1031  1230 I AndroidXWFEngine: [AndroidXWatchFaceEngine$$ExternalSyntheticLambda0] run(66) > end sendSystemStateInternal
04-30 22:21:56.414  5329  5329 D WatchFaceService: Setting Watch Ui State with WatchUiState{ interruptionFilter=0, inAmbientMode=false } and fromSysUi=true. Existing state: firstSetWatchUiState=false, systemHasSentWatchUiState=true, mutableWatchState.interruptionFilter=0, mutableWatchState.isAmbient=false
04-30 22:21:56.419   605  1043 I DOLayout: canShowWatchFaceLayout: false
04-30 22:21:56.419   605  1043 I DOLayout: computeNextLayout: next=NONE canShowWatchFace=false canShowActivity=false
04-30 22:21:56.421   605  1043 I DOLayout: canShowWatchFaceLayout: false
04-30 22:21:56.421   605  1043 I DOLayout: computeNextLayout: next=NONE canShowWatchFace=false canShowActivity=false
04-30 22:21:56.423   605  1043 I DOLayout: canShowWatchFaceLayout: false
04-30 22:21:56.423   605  1043 I DOLayout: computeNextLayout: next=NONE canShowWatchFace=false canShowActivity=false
04-30 22:21:56.425   605  1043 I DOLayout: canShowWatchFaceLayout: false
04-30 22:21:56.425   605  1043 I DOLayout: computeNextLayout: next=NONE canShowWatchFace=false canShowActivity=false
04-30 22:21:56.426   605  2881 I DOLayout: canShowWatchFaceLayout: false
04-30 22:21:56.426   605  2881 I DOLayout: computeNextLayout: next=NONE canShowWatchFace=false canShowActivity=false
04-30 22:21:56.428   605  2881 I DOLayout: canShowWatchFaceLayout: false
04-30 22:21:56.428   605  2881 I DOLayout: computeNextLayout: next=NONE canShowWatchFace=false canShowActivity=false
04-30 22:21:56.433   605   785 I DOLayout: canShowWatchFaceLayout: false
04-30 22:21:56.433   605   785 I DOLayout: computeNextLayout: next=NONE canShowWatchFace=false canShowActivity=false
04-30 22:21:56.434   605   785 I DOLayout: canShowWatchFaceLayout: false
04-30 22:21:56.435   605   785 I DOLayout: computeNextLayout: next=NONE canShowWatchFace=false canShowActivity=false
04-30 22:21:56.512   605 12472 D DisplayOffload: [DisplayOffloadService] isAvailableWatchFaceOffloading(23) > isSysUIMainActivityOnTop: false
04-30 22:21:56.529  1031  1031 I SecScreenOnOffSubjectImpl: [SecScreenOnOffSubjectImpl$$ExternalSyntheticLambda0] accept(26) > com.google.android.clockwork.sysui.mainui.module.watchfaceoverlay2.SecWatchFaceOverlayUi@16db1ac onScreenChanged()
04-30 22:21:56.529  1031  1031 I SecWatchFaceOverlayUi: [SecWatchFaceOverlayUi] onScreenChanged(9) > No change in screen state
04-30 22:21:56.530   605   699 D DisplayOffload: [DisplayOffloadService] isAvailableWatchFaceOffloading(23) > isSysUIMainActivityOnTop: false
04-30 22:21:56.530   605   699 I DisplayOffload: [DisplayOffloadService] sendCustomCommand(71) > mDisplayOffloadIsControlling: false, mDisplayOffloadReady: false, mDisplayOffloadScreenStateOverride: 0, mUpdateOnNextDozeSuspend: false, isAvailableWatchFaceOffloading(): false, isAvailableActivityOffloading(): false
04-30 22:21:56.536   605   699 D DisplayOffload: [DisplayOffloadService] isAvailableWatchFaceOffloading(23) > isSysUIMainActivityOnTop: false
04-30 22:21:56.536   605   699 I DisplayOffload: [DisplayOffloadService] recomputeDozeOverrideLocked(299) > ambientDreamScreenState: 0, shouldBlock: true, forceFallbackToDream: true, inAmbient: false, mCanDozeOverride: true, readyToDisplayLocked(): false, mDisplayOffloadIsControlling: false, mDisplayOffloadScreenStateOverride: 0, isAvailableWatchFaceOffloading(): false, isAvailableActivityOffloading(): false, mIsBrghtnessOnlyModeLikely: true, mDozeTimerExpiredCount: 0
04-30 22:21:56.569  1031  1031 W Dashboard: [WatchfaceScrollVIDefault$updateWatchfaceScale$1] run(45) > watchface scale : 1.0 -> release(1)
04-30 22:21:56.836   605   862 D DisplayOffload: [DisplayOffloadService] isAvailableWatchFaceOffloading(23) > isSysUIMainActivityOnTop: false
04-30 22:21:56.837   605   862 I DisplayOffload: [DisplayOffloadService] recomputeDozeOverrideLocked(299) > ambientDreamScreenState: 0, shouldBlock: false, forceFallbackToDream: true, inAmbient: false, mCanDozeOverride: true, readyToDisplayLocked(): false, mDisplayOffloadIsControlling: false, mDisplayOffloadScreenStateOverride: 0, isAvailableWatchFaceOffloading(): false, isAvailableActivityOffloading(): false, mIsBrghtnessOnlyModeLikely: true, mDozeTimerExpiredCount: 0
04-30 22:21:58.377   605   699 D DisplayOffload: [DisplayOffloadService] isAvailableWatchFaceOffloading(23) > isSysUIMainActivityOnTop: false
04-30 22:21:58.378   605   862 D DisplayOffload: [DisplayOffloadService] isAvailableWatchFaceOffloading(23) > isSysUIMainActivityOnTop: false
04-30 22:21:58.378   605   699 I DisplayOffload: [DisplayOffloadService] sendCustomCommand(71) > mDisplayOffloadIsControlling: false, mDisplayOffloadReady: false, mDisplayOffloadScreenStateOverride: 0, mUpdateOnNextDozeSuspend: false, isAvailableWatchFaceOffloading(): false, isAvailableActivityOffloading(): false
04-30 22:21:58.384   605   699 D DisplayOffload: [DisplayOffloadService] isAvailableWatchFaceOffloading(23) > isSysUIMainActivityOnTop: false
04-30 22:21:58.385   605   699 I DisplayOffload: [DisplayOffloadService] recomputeDozeOverrideLocked(299) > ambientDreamScreenState: 1, shouldBlock: false, forceFallbackToDream: true, inAmbient: false, mCanDozeOverride: true, readyToDisplayLocked(): false, mDisplayOffloadIsControlling: false, mDisplayOffloadScreenStateOverride: 0, isAvailableWatchFaceOffloading(): false, isAvailableActivityOffloading(): false, mIsBrghtnessOnlyModeLikely: true, mDozeTimerExpiredCount: 0
04-30 22:21:58.474  1031  1031 I WFModule: [WatchFaceModule] onScreenOff(23) > ScreenOff should update display: false
04-30 22:21:58.503  1031  1031 I SecWatchFaceOverlayUi: [SecWatchFaceOverlayUi] updateOngoingActivityAnimation(43) > stop lottie icon animation
04-30 22:21:58.504  1031  1031 I SecWatchFaceOverlayUi: [SecWatchFaceOverlayUi] updateOngoingActivityAnimation(121) > Container : com.google.android.clockwork.sysui.mainui.module.watchfaceoverlay2.container.WfImageButtonContainer@931b1b1
04-30 22:21:58.504  1031  1031 I SecWatchFaceOverlayUi: [SecWatchFaceOverlayUi] updateOngoingActivityAnimation(162) > stop icon animation
04-30 22:21:58.506  1031  1031 I SecWatchFacePickerController: [SecWatchFacePickerController] exitInteractive(21) > isOpen = false, isInCustomizeProgress = false
04-30 22:21:58.507  1031  1031 I SecWatchFacePickerController: [SecWatchFacePickerController] exitInteractive(42) > isAddFavoriteInProgress = false, watchfaceUpdateBlocked = false
04-30 22:21:58.507  1031  1031 I WFModule: [WatchFaceModule] onKeyguardState(21) > keyguard locked: false
04-30 22:21:58.507  1031  1031 I AndroidXWFEngine: [AndroidXWatchFaceEngine] sendSystemState(6) > send system state in sub-thread
04-30 22:21:58.508  1031  1230 I AndroidXWFEngine: [AndroidXWatchFaceEngine$$ExternalSyntheticLambda0] run(28) > begin sendSystemStateInternal, WatchFaceSystemState{inAmbientMode=false, interruptionFilter=0, unreadNotificationCount=1, notificationCount=2, statusIndicator=Optional.absent()}
04-30 22:21:58.509  1031  1230 I AndroidXWFEngine: [AndroidXWatchFaceEngine$$ExternalSyntheticLambda0] run(66) > end sendSystemStateInternal
04-30 22:21:58.510  5329  5329 D WatchFaceService: Setting Watch Ui State with WatchUiState{ interruptionFilter=0, inAmbientMode=false } and fromSysUi=true. Existing state: firstSetWatchUiState=false, systemHasSentWatchUiState=true, mutableWatchState.interruptionFilter=0, mutableWatchState.isAmbient=false
04-30 22:21:58.511  1031  1031 I SecWFOverlayController: [SecWatchFaceOverlayController] setScreenLockEnabled(27) > prev screenLockEnabled: false screenLockEnabled: false
04-30 22:21:58.562  5329  5329 I DisplayOffloadManager: sendEmptyWatchFaceLayout
04-30 22:21:58.566  5329  5329 I DisplayOffloadManager: sendEmptyWatchFaceLayout
04-30 22:21:58.569  5329  5329 I DisplayOffloadManager: sendEmptyWatchFaceLayout
04-30 22:21:58.573  5329  5329 I DisplayOffloadManager: sendEmptyWatchFaceLayout
04-30 22:21:58.576  5329  5329 I DisplayOffloadManager: sendEmptyWatchFaceLayout
04-30 22:21:58.583  5329  5329 I DisplayOffloadManager: sendEmptyWatchFaceLayout
04-30 22:21:58.588  5329  5329 I DisplayOffloadManager: sendEmptyWatchFaceLayout
04-30 22:21:58.592  5329  5329 I DisplayOffloadManager: sendEmptyWatchFaceLayout
04-30 22:21:58.603   605   785 I DOLayout: canShowWatchFaceLayout: false
04-30 22:21:58.603   605   785 I DOLayout: computeNextLayout: next=NONE canShowWatchFace=false canShowActivity=false
04-30 22:21:58.606  1031  1031 I SecScreenOnOffSubjectImpl: [SecScreenOnOffSubjectImpl$$ExternalSyntheticLambda0] accept(26) > com.google.android.clockwork.sysui.mainui.module.watchfaceoverlay2.SecWatchFaceOverlayUi@16db1ac onScreenChanged()
04-30 22:21:58.606   605 12472 I DOLayout: canShowWatchFaceLayout: false
04-30 22:21:58.606   605 12472 I DOLayout: computeNextLayout: next=NONE canShowWatchFace=false canShowActivity=false
04-30 22:21:58.607  1031  1031 I SecWatchFaceOverlayUi: [SecWatchFaceOverlayUi] onScreenChanged(9) > No change in screen state
04-30 22:21:58.625   605   785 I DOLayout: canShowWatchFaceLayout: false
04-30 22:21:58.625   605   785 I DOLayout: computeNextLayout: next=NONE canShowWatchFace=false canShowActivity=false
04-30 22:21:58.632   605  1965 I DOLayout: canShowWatchFaceLayout: false
04-30 22:21:58.632   605  1965 I DOLayout: computeNextLayout: next=NONE canShowWatchFace=false canShowActivity=false
04-30 22:21:58.636   605  1969 I DOLayout: canShowWatchFaceLayout: false
04-30 22:21:58.636   605  1969 I DOLayout: computeNextLayout: next=NONE canShowWatchFace=false canShowActivity=false
04-30 22:21:58.639   605  1043 I DOLayout: canShowWatchFaceLayout: false
04-30 22:21:58.639   605  1043 I DOLayout: computeNextLayout: next=NONE canShowWatchFace=false canShowActivity=false
04-30 22:21:58.642   605  1043 I DOLayout: canShowWatchFaceLayout: false
04-30 22:21:58.642   605  1043 I DOLayout: computeNextLayout: next=NONE canShowWatchFace=false canShowActivity=false
04-30 22:21:58.645   605   862 I DOLayout: canShowWatchFaceLayout: false
04-30 22:21:58.645   605   862 I DOLayout: computeNextLayout: next=NONE canShowWatchFace=false canShowActivity=false
04-30 22:21:58.670   605 12472 D DisplayOffload: [DisplayOffloadService] isAvailableWatchFaceOffloading(23) > isSysUIMainActivityOnTop: false
04-30 22:22:03.045   605 12472 D DisplayOffload: [DisplayOffloadService] isAvailableWatchFaceOffloading(23) > isSysUIMainActivityOnTop: false
04-30 22:22:03.046   605 12472 I DisplayOffload: [DisplayOffloadService] recomputeDozeOverrideLocked(299) > ambientDreamScreenState: 1, shouldBlock: false, forceFallbackToDream: true, inAmbient: false, mCanDozeOverride: true, readyToDisplayLocked(): false, mDisplayOffloadIsControlling: false, mDisplayOffloadScreenStateOverride: 0, isAvailableWatchFaceOffloading(): false, isAvailableActivityOffloading(): false, mIsBrghtnessOnlyModeLikely: true, mDozeTimerExpiredCount: 0
04-30 22:22:12.528   324   324 D io_stats: !@ Read_top(KB): .gms.persistent(20003) 684 storaged(599) 120 e.watchface.rwf(5329) 36
04-30 22:22:19.296   605  1362 D DisplayOffload: [DisplayOffloadService] isAvailableWatchFaceOffloading(23) > isSysUIMainActivityOnTop: true
04-30 22:22:19.305  1031  1031 I SecWatchFaceOverlayUi: [SetViewToggleButtonReceiver$$ExternalSyntheticOutline0] m(13) > setResumeState : true
04-30 22:22:19.307  1031  1031 I SecWatchFaceOverlayUi: [SecWatchFaceOverlayUi] hideNowBar(53) > NowBar should be hidden. Visibility of secWFNowBarCueContainer : 8, Visibility of secWFNowBarCardContainer : 8
04-30 22:22:19.307  1031  1031 I SecWatchFaceOverlayUi: [SecWatchFaceOverlayUi] hideNowBar(85) > Hide NowBar cue
04-30 22:22:19.307  1031  1031 I SecWatchFaceOverlayUi: [SecWatchFaceOverlayUi] hideNowBar(97) > Hide NowBar card
04-30 22:22:19.308  1031  1031 I SecWatchFaceOverlayUi: [SecWatchFaceOverlayUi] updateOngoingActivityAnimation(43) > stop lottie icon animation
04-30 22:22:19.308  1031  1031 I SecWatchFaceOverlayUi: [SecWatchFaceOverlayUi] updateOngoingActivityAnimation(121) > Container : com.google.android.clockwork.sysui.mainui.module.watchfaceoverlay2.container.WfImageButtonContainer@931b1b1
04-30 22:22:19.309  1031  1031 I SecWatchFaceOverlayUi: [SecWatchFaceOverlayUi] updateOngoingActivityAnimation(162) > stop icon animation
04-30 22:22:19.314  1031  1031 I SecWatchFacePickerController: [WatchFacePickerModule] onResume(14) > onResume()
04-30 22:22:19.316  1031  1031 I SecWatchFacePickerController: [WatchFacePickerModule] onPause(12) > onPause
04-30 22:22:19.321  1031  1031 I SecWatchFaceOverlayUi: [SetViewToggleButtonReceiver$$ExternalSyntheticOutline0] m(13) > setResumeState : false
04-30 22:22:19.322  1031  1031 I SecWatchFaceOverlayUi: [SecWatchFaceOverlayUi] updateOngoingActivityAnimation(43) > stop lottie icon animation
04-30 22:22:19.322  1031  1031 I SecWatchFaceOverlayUi: [SecWatchFaceOverlayUi] updateOngoingActivityAnimation(121) > Container : com.google.android.clockwork.sysui.mainui.module.watchfaceoverlay2.container.WfImageButtonContainer@931b1b1
04-30 22:22:19.322  1031  1031 I SecWatchFaceOverlayUi: [SecWatchFaceOverlayUi] updateOngoingActivityAnimation(162) > stop icon animation
04-30 22:22:19.328  1031  1031 I SysUI   : [WatchFaceUiController]showWatchFace: showingWatchFace=false
04-30 22:22:19.328  1031  1031 I SysUI   : [WatchFaceUiController]Showing watch face wallpaper.
04-30 22:22:19.331  1031  1031 W SysUI   : [WatchfaceVisibleImpl] setVisible(114) > diff : 1 / show (1) hide (0)
04-30 22:22:19.331  1031  1031 W SysUI   : [WatchfaceVisibleImpl] setVisible(137) > Show watchface
04-30 22:22:19.332  1031  1230 I SysUI   : [WatchFaceUiController]run to show watchface
04-30 22:22:19.332  1031  1230 I AndroidXWFEngine: [AndroidXWatchFaceEngine] sendSystemState(6) > send system state in sub-thread
04-30 22:22:19.333  1031  1111 I AndroidXWFEngine: [AndroidXWatchFaceEngine$$ExternalSyntheticLambda0] run(28) > begin sendSystemStateInternal, WatchFaceSystemState{inAmbientMode=false, interruptionFilter=0, unreadNotificationCount=1, notificationCount=2, statusIndicator=Optional.absent()}
04-30 22:22:19.333  1031  1111 I AndroidXWFEngine: [AndroidXWatchFaceEngine$$ExternalSyntheticLambda0] run(66) > end sendSystemStateInternal
04-30 22:22:19.335  5329  5329 D WatchFaceService: Setting Watch Ui State with WatchUiState{ interruptionFilter=0, inAmbientMode=false } and fromSysUi=true. Existing state: firstSetWatchUiState=false, systemHasSentWatchUiState=true, mutableWatchState.interruptionFilter=0, mutableWatchState.isAmbient=false
04-30 22:22:19.335  1031  1031 I SecWatchFaceOverlayUi: [SetViewToggleButtonReceiver$$ExternalSyntheticOutline0] m(13) > setVisible: true
04-30 22:22:19.336  1031  1031 I SecWatchFaceOverlayUi: [SecWatchFaceOverlayUi] updateOngoingActivityAnimation(43) > stop lottie icon animation
04-30 22:22:19.337  1031  1031 I SecWatchFaceOverlayUi: [SecWatchFaceOverlayUi] updateOngoingActivityAnimation(121) > Container : com.google.android.clockwork.sysui.mainui.module.watchfaceoverlay2.container.WfImageButtonContainer@931b1b1
04-30 22:22:19.337  1031  1031 I SecWatchFaceOverlayUi: [SecWatchFaceOverlayUi] updateOngoingActivityAnimation(162) > stop icon animation
04-30 22:22:19.337  1031  1031 I SecWatchFaceOverlayUi: [SecWatchFaceOverlayUi] setWatchFaceShowState(71) > changed view z : 0.0
04-30 22:22:19.337  1031  1031 I SecWatchFaceOverlayUi: [SetViewToggleButtonReceiver$$ExternalSyntheticOutline0] m(13) > setVisible: true
04-30 22:22:19.340  1031  1792 I WNoti   : [WNotiPopupModule$$ExternalSyntheticLambda1] run(47) > WatchFaceVisibility: true
04-30 22:22:19.344  1175  1175 D WatchFaceUIModeProvider: UI mode is changed to WATCH_FACE
04-30 22:22:19.346   605 12472 D DisplayOffload: [DisplayOffloadService] isAvailableWatchFaceOffloading(23) > isSysUIMainActivityOnTop: true
04-30 22:22:19.349  1175  1175 D AmbientDream: updateBrightnessControl true, type=1, wf=true, offload state=0, from=com.google.android.clockwork.systemui.ambient.AmbientDream.onWatchFaceUIModeChanged:1 
04-30 22:23:36.992   605   699 D DisplayOffload: [DisplayOffloadService] isAvailableWatchFaceOffloading(23) > isSysUIMainActivityOnTop: true
04-30 22:23:36.993   605   699 I DisplayOffload: [DisplayOffloadService] recomputeDozeOverrideLocked(299) > ambientDreamScreenState: 2, shouldBlock: false, forceFallbackToDream: true, inAmbient: false, mCanDozeOverride: true, readyToDisplayLocked(): false, mDisplayOffloadIsControlling: false, mDisplayOffloadScreenStateOverride: 0, isAvailableWatchFaceOffloading(): true, isAvailableActivityOffloading(): false, mIsBrghtnessOnlyModeLikely: true, mDozeTimerExpiredCount: 0
04-30 22:23:37.029  1031  1031 I SecWatchFaceOverlayUi: [SetViewToggleButtonReceiver$$ExternalSyntheticOutline0] m(13) > setResumeState : true
04-30 22:23:37.029  1031  1031 I SecWatchFaceOverlayUi: [SecWatchFaceOverlayUi] hideNowBar(53) > NowBar should be hidden. Visibility of secWFNowBarCueContainer : 8, Visibility of secWFNowBarCardContainer : 8
04-30 22:23:37.029  1031  1031 I SecWatchFaceOverlayUi: [SecWatchFaceOverlayUi] hideNowBar(85) > Hide NowBar cue
04-30 22:23:37.030  1031  1031 I SecWatchFaceOverlayUi: [SecWatchFaceOverlayUi] hideNowBar(97) > Hide NowBar card
04-30 22:23:37.030  1031  1031 I SecWatchFaceOverlayUi: [SecWatchFaceOverlayUi] updateOngoingActivityAnimation(43) > stop lottie icon animation
04-30 22:23:37.030  1031  1031 I SecWatchFaceOverlayUi: [SecWatchFaceOverlayUi] updateOngoingActivityAnimation(121) > Container : com.google.android.clockwork.sysui.mainui.module.watchfaceoverlay2.container.WfImageButtonContainer@931b1b1
04-30 22:23:37.031  1031  1031 I SecWatchFaceOverlayUi: [SecWatchFaceOverlayUi] updateOngoingActivityAnimation(162) > stop icon animation
04-30 22:23:37.066  5329  5329 I DisplayOffloadManager: clearWatchFaceLayout, mShim: null, isPeleAvailable: false
04-30 22:23:37.069  5329  5329 I DisplayOffloadManager: clearWatchFaceLayout, mShim: null, isPeleAvailable: false
04-30 22:23:37.072  5329  5329 I DisplayOffloadManager: clearWatchFaceLayout, mShim: null, isPeleAvailable: false
04-30 22:23:37.075  5329  5329 I DisplayOffloadManager: clearWatchFaceLayout, mShim: null, isPeleAvailable: false
04-30 22:23:37.078  5329  5329 I DisplayOffloadManager: clearWatchFaceLayout, mShim: null, isPeleAvailable: false
04-30 22:23:37.080  1031  1031 I SecWatchFacePickerController: [WatchFacePickerModule] onResume(14) > onResume()
04-30 22:23:37.081  5329  5329 I DisplayOffloadManager: clearWatchFaceLayout, mShim: null, isPeleAvailable: false
04-30 22:23:37.084  5329  5329 I DisplayOffloadManager: clearWatchFaceLayout, mShim: null, isPeleAvailable: false
04-30 22:23:37.087  5329  5329 I DisplayOffloadManager: clearWatchFaceLayout, mShim: null, isPeleAvailable: false
04-30 22:23:37.097  1049 21496 D WearServices: [SynchronousComplicationSessionController]onWatchFaceStateChanged isWfInteractive=true
04-30 22:23:37.142   605   659 V WindowManager: Setting visibility of Window{86925e2 u0 com.google.android.wearable.watchface.koru.reveal.RevealWatchFaceService}: true, caller=com.android.server.wm.WindowContainer.sendAppVisibilityToClients:19 com.android.server.wm.WindowToken.setClientVisible:48 com.android.server.wm.WallpaperWindowToken.setVisible$1:3 com.android.server.wm.WallpaperWindowToken.commitVisibility:48 com.android.server.wm.WallpaperWindowToken.setVisibility:190 
04-30 22:23:37.143  5329  5329 I WatchFaceService: onVisibilityChanged(true)
04-30 22:23:37.165   605  1600 D DisplayOffload: [DisplayOffloadService] isAvailableWatchFaceOffloading(23) > isSysUIMainActivityOnTop: true
04-30 22:23:37.165   605  1600 I DisplayOffload: [DisplayOffloadService] recomputeDozeOverrideLocked(299) > ambientDreamScreenState: 2, shouldBlock: false, forceFallbackToDream: true, inAmbient: false, mCanDozeOverride: true, readyToDisplayLocked(): false, mDisplayOffloadIsControlling: false, mDisplayOffloadScreenStateOverride: 0, isAvailableWatchFaceOffloading(): true, isAvailableActivityOffloading(): false, mIsBrghtnessOnlyModeLikely: true, mDozeTimerExpiredCount: 0
04-30 22:23:37.219   605  1233 V WindowManager: Relayout Window{86925e2 u0 com.google.android.wearable.watchface.koru.reveal.RevealWatchFaceService}: viewVisibility=0 req=-1x-1 ty=2013 d0
04-30 22:23:37.228   605  1969 I DOLayout: canShowWatchFaceLayout: true
04-30 22:23:37.229   605  1969 I DOLayout: computeNextLayout: next=NONE canShowWatchFace=true canShowActivity=false
04-30 22:23:37.235   605  1233 D WindowManager: finishDrawingWindow: Window{86925e2 u0 com.google.android.wearable.watchface.koru.reveal.RevealWatchFaceService} mDrawState=DRAW_PENDING seqId=2147483647
04-30 22:23:37.235   605  1233 I WindowManager: finishDrawing of orientation change: Window{86925e2 u0 com.google.android.wearable.watchface.koru.reveal.RevealWatchFaceService} 91ms
04-30 22:23:37.243  1031  1031 I WFModule: [WatchFaceModule] onScreenOn(23) > ScreenOn should update display: false
04-30 22:23:37.245  1031  1031 I SecWatchFaceOverlayUi: [SecWatchFaceOverlayUi] updateOngoingActivityAnimation(43) > stop lottie icon animation
04-30 22:23:37.245  1031  1031 I SecWatchFaceOverlayUi: [SecWatchFaceOverlayUi] updateOngoingActivityAnimation(121) > Container : com.google.android.clockwork.sysui.mainui.module.watchfaceoverlay2.container.WfImageButtonContainer@931b1b1
04-30 22:23:37.245  1031  1031 I SecWatchFaceOverlayUi: [SecWatchFaceOverlayUi] updateOngoingActivityAnimation(162) > stop icon animation
04-30 22:23:37.251  1031  1031 I WFModule: [WatchFaceModule] onKeyguardState(21) > keyguard locked: false
04-30 22:23:37.252  1031  1031 I AndroidXWFEngine: [AndroidXWatchFaceEngine] sendSystemState(6) > send system state in sub-thread
04-30 22:23:37.253  1031  1111 I AndroidXWFEngine: [AndroidXWatchFaceEngine$$ExternalSyntheticLambda0] run(28) > begin sendSystemStateInternal, WatchFaceSystemState{inAmbientMode=false, interruptionFilter=0, unreadNotificationCount=1, notificationCount=2, statusIndicator=Optional.absent()}
04-30 22:23:37.254  1031  1111 I AndroidXWFEngine: [AndroidXWatchFaceEngine$$ExternalSyntheticLambda0] run(66) > end sendSystemStateInternal
04-30 22:23:37.255  5329  5329 D WatchFaceService: Setting Watch Ui State with WatchUiState{ interruptionFilter=0, inAmbientMode=false } and fromSysUi=true. Existing state: firstSetWatchUiState=false, systemHasSentWatchUiState=true, mutableWatchState.interruptionFilter=0, mutableWatchState.isAmbient=false
04-30 22:23:37.255  1031  1031 I SecWFOverlayController: [SecWatchFaceOverlayController] setScreenLockEnabled(27) > prev screenLockEnabled: false screenLockEnabled: false
04-30 22:23:37.258  1031  1031 I SecScreenOnOffSubjectImpl: [SecScreenOnOffSubjectImpl$$ExternalSyntheticLambda0] accept(26) > com.google.android.clockwork.sysui.mainui.module.watchfaceoverlay2.SecWatchFaceOverlayUi@16db1ac onScreenChanged()
04-30 22:23:37.264   605  1233 I DOLayout: canShowWatchFaceLayout: true
04-30 22:23:37.264   605  1233 I DOLayout: computeNextLayout: next=NONE canShowWatchFace=true canShowActivity=false
