04-30 22:17:20.657  5329  5329 D WatchFaceService: Setting Watch Ui State with WatchUiState{ interruptionFilter=0, inAmbientMode=false } and fromSysUi=true. Existing state: firstSetWatchUiState=false, systemHasSentWatchUiState=true, mutableWatchState.interruptionFilter=0, mutableWatchState.isAmbient=false
04-30 22:17:20.663   605  1362 V WindowManager: Relayout Window{86925e2 u0 com.google.android.wearable.watchface.koru.reveal.RevealWatchFaceService}: viewVisibility=0 req=-1x-1 ty=2013 d0
04-30 22:17:20.691  5329  5329 I DisplayOffloadManager: clearWatchFaceLayout, mShim: null, isPeleAvailable: false
04-30 22:17:20.693   324   324 D io_stats: !@ Read_top(KB): e.watchface.rwf(5329) 644 .wearable.sysui(1031) 644 system_server(605) 420
04-30 22:17:20.696  5329  5329 I DisplayOffloadManager: clearWatchFaceLayout, mShim: null, isPeleAvailable: false
04-30 22:17:20.699  5329  5329 I DisplayOffloadManager: clearWatchFaceLayout, mShim: null, isPeleAvailable: false
04-30 22:17:20.703  5329  5329 I DisplayOffloadManager: clearWatchFaceLayout, mShim: null, isPeleAvailable: false
04-30 22:17:20.706  5329  5329 I DisplayOffloadManager: clearWatchFaceLayout, mShim: null, isPeleAvailable: false
04-30 22:17:20.708  5329  5329 I DisplayOffloadManager: clearWatchFaceLayout, mShim: null, isPeleAvailable: false
04-30 22:17:20.711  5329  5329 I DisplayOffloadManager: clearWatchFaceLayout, mShim: null, isPeleAvailable: false
04-30 22:17:20.714  5329  5329 I DisplayOffloadManager: clearWatchFaceLayout, mShim: null, isPeleAvailable: false
04-30 22:17:20.714   605  3756 D WindowManager: finishDrawingWindow: Window{86925e2 u0 com.google.android.wearable.watchface.koru.reveal.RevealWatchFaceService} mDrawState=DRAW_PENDING seqId=2147483647
04-30 22:17:20.714   605  3756 I WindowManager: finishDrawing of orientation change: Window{86925e2 u0 com.google.android.wearable.watchface.koru.reveal.RevealWatchFaceService} 133ms
04-30 22:17:20.715   605  1216 I DOLayout: canShowWatchFaceLayout: true
04-30 22:17:20.715   605  1216 I DOLayout: computeNextLayout: next=NONE canShowWatchFace=true canShowActivity=false
04-30 22:17:20.718   605   659 V WindowManager: performShowLocked: mDrawState=HAS_DRAWN in Window{86925e2 u0 com.google.android.wearable.watchface.koru.reveal.RevealWatchFaceService}
04-30 22:17:20.819  1031  1031 I AndroidXWFEngine: [AndroidXWatchFaceEngine] sendSystemState(6) > send system state in sub-thread
04-30 22:17:20.819  1031  1031 I SecWatchFaceOverlayUi: [WatchFaceOverlayModule] onHomeActivityFocusChanged(50) > hasFocus : true isWearing : false
04-30 22:17:20.825  1031  1111 I AndroidXWFEngine: [AndroidXWatchFaceEngine$$ExternalSyntheticLambda0] run(28) > begin sendSystemStateInternal, WatchFaceSystemState{inAmbientMode=false, interruptionFilter=0, unreadNotificationCount=0, notificationCount=1, statusIndicator=Optional.absent()}
04-30 22:17:20.825  1031  1111 I AndroidXWFEngine: [AndroidXWatchFaceEngine$$ExternalSyntheticLambda0] run(66) > end sendSystemStateInternal
04-30 22:17:20.826  5329  5329 D WatchFaceService: Setting Watch Ui State with WatchUiState{ interruptionFilter=0, inAmbientMode=false } and fromSysUi=true. Existing state: firstSetWatchUiState=false, systemHasSentWatchUiState=true, mutableWatchState.interruptionFilter=0, mutableWatchState.isAmbient=false
04-30 22:17:20.841   605  1216 I DOLayout: canShowWatchFaceLayout: true
04-30 22:17:20.841   605  1216 I DOLayout: computeNextLayout: next=NONE canShowWatchFace=true canShowActivity=false
04-30 22:17:20.847   605  1362 I DOLayout: canShowWatchFaceLayout: true
04-30 22:17:20.847   605  1362 I DOLayout: computeNextLayout: next=NONE canShowWatchFace=true canShowActivity=false
04-30 22:17:20.855   605  1362 I DOLayout: canShowWatchFaceLayout: true
04-30 22:17:20.855   605  1362 I DOLayout: computeNextLayout: next=NONE canShowWatchFace=true canShowActivity=false
04-30 22:17:20.861   605  1216 I DOLayout: canShowWatchFaceLayout: true
04-30 22:17:20.861   605  1216 I DOLayout: computeNextLayout: next=NONE canShowWatchFace=true canShowActivity=false
04-30 22:17:20.863   605  1216 I DOLayout: canShowWatchFaceLayout: true
04-30 22:17:20.863   605  1216 I DOLayout: computeNextLayout: next=NONE canShowWatchFace=true canShowActivity=false
04-30 22:17:20.871   605  1362 I DOLayout: canShowWatchFaceLayout: true
04-30 22:17:20.871   605  1362 I DOLayout: computeNextLayout: next=NONE canShowWatchFace=true canShowActivity=false
04-30 22:17:20.873   605  2729 I DOLayout: canShowWatchFaceLayout: true
04-30 22:17:20.873   605  2729 I DOLayout: computeNextLayout: next=NONE canShowWatchFace=true canShowActivity=false
04-30 22:17:20.897   605   605 D DisplayOffload: [DisplayOffloadService] isAvailableWatchFaceOffloading(23) > isSysUIMainActivityOnTop: true
04-30 22:17:20.897   605   605 I DisplayOffload: [DisplayOffloadService] recomputeDozeOverrideLocked(299) > ambientDreamScreenState: 1, shouldBlock: true, forceFallbackToDream: true, inAmbient: false, mCanDozeOverride: true, readyToDisplayLocked(): false, mDisplayOffloadIsControlling: false, mDisplayOffloadScreenStateOverride: 0, isAvailableWatchFaceOffloading(): true, isAvailableActivityOffloading(): false, mIsBrghtnessOnlyModeLikely: true, mDozeTimerExpiredCount: 0
04-30 22:17:20.946   605   605 D DisplayOffload: [DisplayOffloadService] isAvailableWatchFaceOffloading(23) > isSysUIMainActivityOnTop: true
04-30 22:17:20.947   605   605 I DisplayOffload: [DisplayOffloadService] recomputeDozeOverrideLocked(299) > ambientDreamScreenState: 1, shouldBlock: false, forceFallbackToDream: true, inAmbient: false, mCanDozeOverride: true, readyToDisplayLocked(): false, mDisplayOffloadIsControlling: false, mDisplayOffloadScreenStateOverride: 0, isAvailableWatchFaceOffloading(): true, isAvailableActivityOffloading(): false, mIsBrghtnessOnlyModeLikely: true, mDozeTimerExpiredCount: 0
04-30 22:17:20.987   605   699 D DisplayOffload: [DisplayOffloadService] isAvailableWatchFaceOffloading(23) > isSysUIMainActivityOnTop: true
04-30 22:17:20.987   605   699 I DisplayOffload: [DisplayOffloadService] sendCustomCommand(71) > mDisplayOffloadIsControlling: false, mDisplayOffloadReady: false, mDisplayOffloadScreenStateOverride: 0, mUpdateOnNextDozeSuspend: false, isAvailableWatchFaceOffloading(): true, isAvailableActivityOffloading(): false
04-30 22:17:20.993   605   699 D DisplayOffload: [DisplayOffloadService] isAvailableWatchFaceOffloading(23) > isSysUIMainActivityOnTop: true
04-30 22:17:20.994   605   699 I DisplayOffload: [DisplayOffloadService] recomputeDozeOverrideLocked(299) > ambientDreamScreenState: 0, shouldBlock: true, forceFallbackToDream: true, inAmbient: false, mCanDozeOverride: true, readyToDisplayLocked(): false, mDisplayOffloadIsControlling: false, mDisplayOffloadScreenStateOverride: 0, isAvailableWatchFaceOffloading(): true, isAvailableActivityOffloading(): false, mIsBrghtnessOnlyModeLikely: true, mDozeTimerExpiredCount: 0
04-30 22:17:21.245   605  2729 V WindowManager: Relayout Window{86925e2 u0 com.google.android.wearable.watchface.koru.reveal.RevealWatchFaceService}: viewVisibility=0 req=-1x-1 ty=2013 d0
04-30 22:17:21.264   605  2879 D WindowManager: finishDrawingWindow: Window{86925e2 u0 com.google.android.wearable.watchface.koru.reveal.RevealWatchFaceService} mDrawState=DRAW_PENDING seqId=2147483647
04-30 22:17:21.264   605  2879 I WindowManager: finishDrawing of orientation change: Window{86925e2 u0 com.google.android.wearable.watchface.koru.reveal.RevealWatchFaceService} 28ms
04-30 22:17:21.268   605   659 V WindowManager: performShowLocked: mDrawState=HAS_DRAWN in Window{86925e2 u0 com.google.android.wearable.watchface.koru.reveal.RevealWatchFaceService}
04-30 22:17:21.289   605  1216 D DisplayOffload: [DisplayOffloadService] isAvailableWatchFaceOffloading(23) > isSysUIMainActivityOnTop: true
04-30 22:17:21.290  1031  1031 I SecScreenOnOffSubjectImpl: [SecScreenOnOffSubjectImpl$$ExternalSyntheticLambda0] accept(26) > com.google.android.clockwork.sysui.mainui.module.watchfaceoverlay2.SecWatchFaceOverlayUi@16db1ac onScreenChanged()
04-30 22:17:21.290  1031  1031 I SecWatchFaceOverlayUi: [SecWatchFaceOverlayUi] onScreenChanged(9) > No change in screen state
04-30 22:17:21.331  1031  1031 I SecScreenOnOffSubjectImpl: [SecScreenOnOffSubjectImpl$$ExternalSyntheticLambda0] accept(26) > com.google.android.clockwork.sysui.mainui.module.watchfaceoverlay2.SecWatchFaceOverlayUi@16db1ac onScreenChanged()
04-30 22:17:21.332  1031  1031 I SecWatchFaceOverlayUi: [SecWatchFaceOverlayUi] onScreenChanged(9) > No change in screen state
04-30 22:17:21.410  1175  1175 D WatchFaceUIModeProvider: UI mode is changed to WATCH_FACE
04-30 22:17:21.589   605  2729 D DisplayOffload: [DisplayOffloadService] isAvailableWatchFaceOffloading(23) > isSysUIMainActivityOnTop: true
04-30 22:17:21.589   605  2729 I DisplayOffload: [DisplayOffloadService] recomputeDozeOverrideLocked(299) > ambientDreamScreenState: 0, shouldBlock: false, forceFallbackToDream: true, inAmbient: false, mCanDozeOverride: true, readyToDisplayLocked(): false, mDisplayOffloadIsControlling: false, mDisplayOffloadScreenStateOverride: 0, isAvailableWatchFaceOffloading(): true, isAvailableActivityOffloading(): false, mIsBrghtnessOnlyModeLikely: true, mDozeTimerExpiredCount: 0
04-30 22:17:23.072  1031  1031 I SysUI   : [WatchFaceUiController]Watchface touch event : 0, 42509170
04-30 22:17:23.075  1031  1031 I AndroidXWFEngine: [AndroidXWatchFaceEngine] sendTouchEvent(22) > watchface client : androidx.wear.watchface.client.InteractiveWatchFaceClientImpl@ccf1595
04-30 22:17:23.075  1031  1031 I AndroidXWFEngine: [AndroidXWatchFaceEngine] sendTouchEvent(57) > Send touch event : 269, 446
04-30 22:17:23.146  1031  1031 I SecWatchFaceOverlayUi: [SetViewToggleButtonReceiver$$ExternalSyntheticOutline0] m(13) > setVisible: true
04-30 22:17:23.149  1031  1031 I SecWatchFaceOverlayUi: [SecWatchFaceOverlayUi] updateOngoingActivityAnimation(43) > stop lottie icon animation
04-30 22:17:23.150  1031  1031 I SecWatchFaceOverlayUi: [SecWatchFaceOverlayUi] updateOngoingActivityAnimation(121) > Container : com.google.android.clockwork.sysui.mainui.module.watchfaceoverlay2.container.WfImageButtonContainer@931b1b1
04-30 22:17:23.152  1031  1031 I SecWatchFaceOverlayUi: [SecWatchFaceOverlayUi] updateOngoingActivityAnimation(162) > stop icon animation
04-30 22:17:23.154  1031  1031 I SecWatchFaceOverlayUi: [SecWatchFaceOverlayUi] setWatchFaceShowState(71) > changed view z : -2.0
04-30 22:17:23.155  1031  1031 I SecWatchFaceOverlayUi: [SetViewToggleButtonReceiver$$ExternalSyntheticOutline0] m(13) > setVisible: false
04-30 22:17:23.156  1049 20924 D WearServices: [SynchronousComplicationSessionController]onWatchFaceStateChanged isWfInteractive=false
04-30 22:17:23.158  1031  1792 I WNoti   : [WNotiPopupModule$$ExternalSyntheticLambda1] run(47) > WatchFaceVisibility: false
04-30 22:17:23.163  1031  1031 I SysUI   : [WatchFaceUiController]showWatchFace: showingWatchFace=true
04-30 22:17:23.167  1031  1031 I SysUI   : [WatchFaceUiController]showWatchFace: showingWatchFace=true
04-30 22:17:23.167  1031  1031 I SysUI   : [WatchFaceUiController]Watchface touch event : 1, 42509271
04-30 22:17:23.169  1031  1031 I AndroidXWFEngine: [AndroidXWatchFaceEngine] sendTouchEvent(22) > watchface client : androidx.wear.watchface.client.InteractiveWatchFaceClientImpl@ccf1595
04-30 22:17:23.169  1031  1031 I AndroidXWFEngine: [AndroidXWatchFaceEngine] sendTouchEvent(57) > Send touch event : 263, 404
04-30 22:17:23.305  1175  1175 D WatchFaceUIModeProvider: UI mode is changed to APPS
04-30 22:17:23.320  1031  1031 I SysUI   : [WatchFaceUiController]hideWatchFace: showingWatchFace=true
04-30 22:17:23.320  1031  1031 I SysUI   : [WatchFaceUiController]Hiding watch face wallpaper.
04-30 22:17:23.320  1031  1031 W SysUI   : [WatchfaceVisibleImpl] setVisible(114) > diff : -1 / show (0) hide (1)
04-30 22:17:23.321  1031  1031 W SysUI   : [WatchfaceVisibleImpl] setVisible(164) > Hide watchface
04-30 22:17:23.362   605   659 V WindowManager: Setting visibility of Window{86925e2 u0 com.google.android.wearable.watchface.koru.reveal.RevealWatchFaceService}: false, caller=com.android.server.wm.WindowContainer.sendAppVisibilityToClients:19 com.android.server.wm.WindowToken.setClientVisible:48 com.android.server.wm.WallpaperWindowToken.setVisible$1:3 com.android.server.wm.WallpaperWindowToken.commitVisibility:48 com.android.server.wm.WallpaperWindowToken.setVisibility:190 
04-30 22:17:23.363  5329  5329 I WatchFaceService: onVisibilityChanged(false)
04-30 22:17:26.382  1031  1031 I SecWatchFacePickerController: [WatchFacePickerModule] onPause(12) > onPause
04-30 22:17:26.388  1031  1031 I SecWatchFaceOverlayUi: [SetViewToggleButtonReceiver$$ExternalSyntheticOutline0] m(13) > setResumeState : false
04-30 22:17:26.389  1031  1031 I SecWatchFaceOverlayUi: [SecWatchFaceOverlayUi] updateOngoingActivityAnimation(43) > stop lottie icon animation
04-30 22:17:26.389  1031  1031 I SecWatchFaceOverlayUi: [SecWatchFaceOverlayUi] updateOngoingActivityAnimation(121) > Container : com.google.android.clockwork.sysui.mainui.module.watchfaceoverlay2.container.WfImageButtonContainer@931b1b1
04-30 22:17:26.390  1031  1031 I SecWatchFaceOverlayUi: [SecWatchFaceOverlayUi] updateOngoingActivityAnimation(162) > stop icon animation
04-30 22:17:26.429  1031  1031 I SecWatchFaceOverlayUi: [WatchFaceOverlayModule] onHomeActivityFocusChanged(50) > hasFocus : false isWearing : false
04-30 22:17:26.429  1031  1031 I WFP2Module: [WatchFacePickerModule] onHomeActivityFocusEvent(11) > event.hasFocus() == false
04-30 22:17:26.429  1031  1031 I SecWatchFacePickerController: [WatchFacePickerModule] onHomeActivityFocusEvent(24) > shouldHidePicker false
04-30 22:17:26.564  1031  1031 I SecWatchFacePickerView2: [WatchFacePickerModule] onTrimMemory(25) > trimMemory
04-30 22:17:27.223   605  3756 D DisplayOffload: [DisplayOffloadService] isAvailableWatchFaceOffloading(23) > isSysUIMainActivityOnTop: false
04-30 22:17:27.225   605  3756 I DisplayOffload: [DisplayOffloadService] recomputeDozeOverrideLocked(299) > ambientDreamScreenState: 0, shouldBlock: false, forceFallbackToDream: true, inAmbient: false, mCanDozeOverride: true, readyToDisplayLocked(): false, mDisplayOffloadIsControlling: false, mDisplayOffloadScreenStateOverride: 0, isAvailableWatchFaceOffloading(): false, isAvailableActivityOffloading(): false, mIsBrghtnessOnlyModeLikely: true, mDozeTimerExpiredCount: 0
04-30 22:17:31.719 20989 21282 E ActivityThread: Failed to find provider info for com.samsung.android.watch.watchface.hideinformation.setting.provider
04-30 22:17:35.030  1031  1031 I SecScreenOnOffSubjectImpl: [SecScreenOnOffSubjectImpl$$ExternalSyntheticLambda0] accept(26) > com.google.android.clockwork.sysui.mainui.module.watchfaceoverlay2.SecWatchFaceOverlayUi@16db1ac onScreenChanged()
04-30 22:17:35.030  1031  1031 I SecWatchFaceOverlayUi: [SecWatchFaceOverlayUi] onScreenChanged(9) > No change in screen state
04-30 22:17:44.739   324   324 D io_stats: !@ Read_top(KB): .gms.persistent(20003) 1436 e.watchface.rwf(5329) 140 mediametrics(595) 64
04-30 22:17:52.102  1031  1031 I Dashboard: [DashboardViewImpl$initAdapter$1] updateWatchfacePosition(43) > onItemRangeInserted :: count : 7 / watchface position : 3
04-30 22:17:52.107  1031  1031 I Dashboard: [DashboardViewImpl] getPosition(169) > left : 2, right : 2, center : 2, watchface : 3, focusedNotificationPosition : -1, focusedTilePosition : -1, completelyVisibleItem : 2, focusedUiCategory : null, focusedViewHolder : null
04-30 22:17:52.116  1031  1031 I WFModule: [WatchFaceModule] onNotificationCount(34) > unread count: 1, total count: 2
04-30 22:17:52.116  1031  1031 I AndroidXWFEngine: [AndroidXWatchFaceEngine] sendSystemState(6) > send system state in sub-thread
04-30 22:17:52.117  1031  1111 I AndroidXWFEngine: [AndroidXWatchFaceEngine$$ExternalSyntheticLambda0] run(28) > begin sendSystemStateInternal, WatchFaceSystemState{inAmbientMode=false, interruptionFilter=0, unreadNotificationCount=1, notificationCount=2, statusIndicator=Optional.absent()}
04-30 22:17:52.117  1031  1031 I SecWatchFaceOverlayUi: [WatchFaceOverlayModule] onNotificationCount(26) > Unread count : 1
04-30 22:17:52.117  1031  1031 W SecWatchFaceOverlayUi: [SecWatchFaceOverlayUi] updateUnreadDot(42) > dot visibility: 0
04-30 22:17:52.117  1031  1111 I AndroidXWFEngine: [AndroidXWatchFaceEngine$$ExternalSyntheticLambda0] run(66) > end sendSystemStateInternal
04-30 22:17:52.126  5329  5329 D WatchFaceService: Setting Watch Ui State with WatchUiState{ interruptionFilter=0, inAmbientMode=false } and fromSysUi=true. Existing state: firstSetWatchUiState=false, systemHasSentWatchUiState=true, mutableWatchState.interruptionFilter=0, mutableWatchState.isAmbient=false
04-30 22:17:52.158   605   673 I ActivityManager: Start proc 21320:com.samsung.android.watch.watchface.companionhelper/u0a45 for broadcast {com.samsung.android.watch.watchface.companionhelper/com.samsung.android.watch.watchface.companionhelper.CommonDataBroadcastReceiver}
04-30 22:17:52.554 21320 21320 I Watchface: [SettingAndComplicationContentProvider] onCreate
04-30 22:17:52.571 21320 21320 I Watchface: [SettingAndComplicationContentProvider] registered name:TutorialSettingTable for path:settings
04-30 22:17:52.571 21320 21320 I Watchface: [SettingAndComplicationContentProvider] registered name:NotificationTable for path:notification_unread
04-30 22:17:52.572 21320 21320 I Watchface: [SettingAndComplicationContentProvider] registered name:PressureUnitTable for path:pressure_unit
04-30 22:17:52.572 21320 21320 I Watchface: [SettingAndComplicationContentProvider] registered name:MediaControllerTable for path:media_controller
04-30 22:17:52.572 21320 21320 I Watchface: [SettingAndComplicationContentProvider] registered name:MediaControllerTable for 5 methods
04-30 22:17:52.573 21320 21320 I Watchface: [SettingAndComplicationContentProvider] registered name:TimerTable for path:timer
04-30 22:17:52.573 21320 21320 I Watchface: [SettingAndComplicationContentProvider] registered name:AlarmTable for path:alarm
04-30 22:17:52.573 21320 21320 I Watchface: [SettingAndComplicationContentProvider] registered name:StopwatchTable for path:stopwatch
04-30 22:17:52.573 21320 21320 I Watchface: [SettingAndComplicationContentProvider] registered name:ReminderTable for path:reminder
04-30 22:17:52.573 21320 21320 I Watchface: [SettingAndComplicationContentProvider] registered name:ConditionalComplicationTable for path:conditional_complication
04-30 22:17:52.573 21320 21320 I Watchface: [SettingAndComplicationContentProvider] registered name:AltitudeUnitTable for path:altitude_unit
04-30 22:17:52.574 21320 21320 I Watchface: [SettingAndComplicationContentProvider] registered name:AccountTypeTable for path:account_type
04-30 22:17:52.574 21320 21320 I Watchface: [SettingAndComplicationContentProvider] registered name:WatchlistRestoreStateTable for path:watchlist_restore_state
04-30 22:17:52.574 21320 21320 I Watchface: [SettingAndComplicationContentProvider] registered name:KeyboardEmojiSupportTable for path:support_keyboard_emoji
04-30 22:17:52.574 21320 21320 I Watchface: [SettingAndComplicationContentProvider] registered name:CompanionInfoVendorTable for path:companion_info_vendor
04-30 22:17:52.574 21320 21320 I Watchface: [SettingAndComplicationContentProvider] registered name:BixbyLaunchTable for 1 methods
04-30 22:17:52.574 21320 21320 I Watchface: [SettingAndComplicationContentProvider] registered name:FrequentlyUsedComplicationsTable for path:frequently_used_complications
04-30 22:17:52.574 21320 21320 I Watchface: [SettingAndComplicationContentProvider] registered name:FrequentlyUsedComplicationsTable for 4 methods
04-30 22:17:52.574 21320 21320 I Watchface: [SettingAndComplicationContentProvider] registered name:AltitudeValueTable for path:altitude_value
04-30 22:17:55.624  5329  5333 I e.watchface.rwf: Background concurrent copying GC freed 1859KB AllocSpace bytes, 12(1376KB) LOS objects, 35% free, 10MB/16MB, paused 1.073ms,1.421ms total 495.036ms
04-30 22:17:56.565   605   699 D DisplayOffload: [DisplayOffloadService] isAvailableWatchFaceOffloading(23) > isSysUIMainActivityOnTop: false
04-30 22:17:56.566   605   699 I DisplayOffload: [DisplayOffloadService] sendCustomCommand(71) > mDisplayOffloadIsControlling: false, mDisplayOffloadReady: false, mDisplayOffloadScreenStateOverride: 0, mUpdateOnNextDozeSuspend: false, isAvailableWatchFaceOffloading(): false, isAvailableActivityOffloading(): false
04-30 22:17:56.569   605  2729 D DisplayOffload: [DisplayOffloadService] isAvailableWatchFaceOffloading(23) > isSysUIMainActivityOnTop: false
04-30 22:17:56.587   605   699 D DisplayOffload: [DisplayOffloadService] isAvailableWatchFaceOffloading(23) > isSysUIMainActivityOnTop: false
04-30 22:17:56.589   605   699 I DisplayOffload: [DisplayOffloadService] recomputeDozeOverrideLocked(299) > ambientDreamScreenState: 1, shouldBlock: false, forceFallbackToDream: true, inAmbient: false, mCanDozeOverride: true, readyToDisplayLocked(): false, mDisplayOffloadIsControlling: false, mDisplayOffloadScreenStateOverride: 0, isAvailableWatchFaceOffloading(): false, isAvailableActivityOffloading(): false, mIsBrghtnessOnlyModeLikely: true, mDozeTimerExpiredCount: 0
04-30 22:17:56.702  5329  5329 I DisplayOffloadManager: sendEmptyWatchFaceLayout
04-30 22:17:56.705   605  1650 I DOLayout: canShowWatchFaceLayout: false
04-30 22:17:56.705   605  1650 I DOLayout: computeNextLayout: next=NONE canShowWatchFace=false canShowActivity=false
04-30 22:17:56.708  5329  5329 I DisplayOffloadManager: sendEmptyWatchFaceLayout
04-30 22:17:56.710   605  1650 I DOLayout: canShowWatchFaceLayout: false
04-30 22:17:56.710   605  1650 I DOLayout: computeNextLayout: next=NONE canShowWatchFace=false canShowActivity=false
04-30 22:17:56.712  5329  5329 I DisplayOffloadManager: sendEmptyWatchFaceLayout
04-30 22:17:56.713   605  1086 I DOLayout: canShowWatchFaceLayout: false
04-30 22:17:56.713   605  1086 I DOLayout: computeNextLayout: next=NONE canShowWatchFace=false canShowActivity=false
04-30 22:17:56.715  5329  5329 I DisplayOffloadManager: sendEmptyWatchFaceLayout
04-30 22:17:56.718   605 12333 I DOLayout: canShowWatchFaceLayout: false
04-30 22:17:56.718   605 12333 I DOLayout: computeNextLayout: next=NONE canShowWatchFace=false canShowActivity=false
04-30 22:17:56.719  5329  5329 I DisplayOffloadManager: sendEmptyWatchFaceLayout
04-30 22:17:56.721   605  1600 I DOLayout: canShowWatchFaceLayout: false
04-30 22:17:56.721   605  1600 I DOLayout: computeNextLayout: next=NONE canShowWatchFace=false canShowActivity=false
04-30 22:17:56.722  5329  5329 I DisplayOffloadManager: sendEmptyWatchFaceLayout
04-30 22:17:56.726  5329  5329 I DisplayOffloadManager: sendEmptyWatchFaceLayout
04-30 22:17:56.726   605  8232 I DOLayout: canShowWatchFaceLayout: false
04-30 22:17:56.726   605  8232 I DOLayout: computeNextLayout: next=NONE canShowWatchFace=false canShowActivity=false
04-30 22:17:56.729   605  2881 I DOLayout: canShowWatchFaceLayout: false
04-30 22:17:56.729   605  2881 I DOLayout: computeNextLayout: next=NONE canShowWatchFace=false canShowActivity=false
04-30 22:17:56.729  5329  5329 I DisplayOffloadManager: sendEmptyWatchFaceLayout
04-30 22:17:56.732   605  1965 I DOLayout: canShowWatchFaceLayout: false
04-30 22:17:56.732   605  1965 I DOLayout: computeNextLayout: next=NONE canShowWatchFace=false canShowActivity=false
04-30 22:17:56.756  1031  1031 I WFModule: [WatchFaceModule] onScreenOff(23) > ScreenOff should update display: false
04-30 22:17:56.757  1031  1031 I SecWatchFaceOverlayUi: [SecWatchFaceOverlayUi] updateOngoingActivityAnimation(43) > stop lottie icon animation
04-30 22:17:56.757  1031  1031 I SecWatchFaceOverlayUi: [SecWatchFaceOverlayUi] updateOngoingActivityAnimation(121) > Container : com.google.android.clockwork.sysui.mainui.module.watchfaceoverlay2.container.WfImageButtonContainer@931b1b1
04-30 22:17:56.758  1031  1031 I SecWatchFaceOverlayUi: [SecWatchFaceOverlayUi] updateOngoingActivityAnimation(162) > stop icon animation
04-30 22:17:56.758  1031  1031 I SecWatchFacePickerController: [SecWatchFacePickerController] exitInteractive(21) > isOpen = false, isInCustomizeProgress = false
04-30 22:17:56.759  1031  1031 I SecWatchFacePickerController: [SecWatchFacePickerController] exitInteractive(42) > isAddFavoriteInProgress = false, watchfaceUpdateBlocked = false
04-30 22:17:56.759  1031  1031 I WFModule: [WatchFaceModule] onKeyguardState(21) > keyguard locked: false
04-30 22:17:56.759  1031  1031 I AndroidXWFEngine: [AndroidXWatchFaceEngine] sendSystemState(6) > send system state in sub-thread
04-30 22:17:56.773   324   324 D io_stats: !@ Read_top(KB): init(21341) 1476 kworker/u4:4(14589) 696 e.watchface.rwf(5329) 228
04-30 22:17:56.783  1031  1111 I AndroidXWFEngine: [AndroidXWatchFaceEngine$$ExternalSyntheticLambda0] run(28) > begin sendSystemStateInternal, WatchFaceSystemState{inAmbientMode=false, interruptionFilter=0, unreadNotificationCount=1, notificationCount=2, statusIndicator=Optional.absent()}
04-30 22:17:56.784  1031  1111 I AndroidXWFEngine: [AndroidXWatchFaceEngine$$ExternalSyntheticLambda0] run(66) > end sendSystemStateInternal
04-30 22:17:56.785  5329  5329 D WatchFaceService: Setting Watch Ui State with WatchUiState{ interruptionFilter=0, inAmbientMode=false } and fromSysUi=true. Existing state: firstSetWatchUiState=false, systemHasSentWatchUiState=true, mutableWatchState.interruptionFilter=0, mutableWatchState.isAmbient=false
04-30 22:17:56.787  1031  1031 I SecWFOverlayController: [SecWatchFaceOverlayController] setScreenLockEnabled(27) > prev screenLockEnabled: false screenLockEnabled: false
04-30 22:17:56.792  1031  1031 I SecScreenOnOffSubjectImpl: [SecScreenOnOffSubjectImpl$$ExternalSyntheticLambda0] accept(26) > com.google.android.clockwork.sysui.mainui.module.watchfaceoverlay2.SecWatchFaceOverlayUi@16db1ac onScreenChanged()
04-30 22:17:56.792  1031  1031 I SecWatchFaceOverlayUi: [SecWatchFaceOverlayUi] onScreenChanged(9) > No change in screen state
04-30 22:17:56.794   605   605 D DisplayOffload: [DisplayOffloadService] isAvailableWatchFaceOffloading(23) > isSysUIMainActivityOnTop: false
04-30 22:17:56.795   605   605 I DisplayOffload: [DisplayOffloadService] recomputeDozeOverrideLocked(299) > ambientDreamScreenState: 1, shouldBlock: false, forceFallbackToDream: true, inAmbient: false, mCanDozeOverride: true, readyToDisplayLocked(): false, mDisplayOffloadIsControlling: false, mDisplayOffloadScreenStateOverride: 0, isAvailableWatchFaceOffloading(): false, isAvailableActivityOffloading(): false, mIsBrghtnessOnlyModeLikely: true, mDozeTimerExpiredCount: 0
04-30 22:17:56.843   605  1362 D DisplayOffload: [DisplayOffloadService] isAvailableWatchFaceOffloading(23) > isSysUIMainActivityOnTop: false
04-30 22:18:17.158  1031  1031 I SecWatchFaceOverlayUi: [SetViewToggleButtonReceiver$$ExternalSyntheticOutline0] m(13) > setResumeState : true
04-30 22:18:17.159  1031  1031 I SecWatchFaceOverlayUi: [SecWatchFaceOverlayUi] hideNowBar(53) > NowBar should be hidden. Visibility of secWFNowBarCueContainer : 8, Visibility of secWFNowBarCardContainer : 8
04-30 22:18:17.159  1031  1031 I SecWatchFaceOverlayUi: [SecWatchFaceOverlayUi] hideNowBar(85) > Hide NowBar cue
04-30 22:18:17.159  1031  1031 I SecWatchFaceOverlayUi: [SecWatchFaceOverlayUi] hideNowBar(97) > Hide NowBar card
04-30 22:18:17.160  1031  1031 I SecWatchFaceOverlayUi: [SecWatchFaceOverlayUi] updateOngoingActivityAnimation(43) > stop lottie icon animation
04-30 22:18:17.160  1031  1031 I SecWatchFaceOverlayUi: [SecWatchFaceOverlayUi] updateOngoingActivityAnimation(121) > Container : com.google.android.clockwork.sysui.mainui.module.watchfaceoverlay2.container.WfImageButtonContainer@931b1b1
04-30 22:18:17.160  1031  1031 I SecWatchFaceOverlayUi: [SecWatchFaceOverlayUi] updateOngoingActivityAnimation(162) > stop icon animation
04-30 22:18:17.167  1031  1031 I SecWatchFacePickerController: [WatchFacePickerModule] onResume(14) > onResume()
04-30 22:18:17.169  1031  1031 I SecWatchFacePickerController: [WatchFacePickerModule] onPause(12) > onPause
04-30 22:18:17.174  1031  1031 I SecWatchFaceOverlayUi: [SetViewToggleButtonReceiver$$ExternalSyntheticOutline0] m(13) > setResumeState : false
04-30 22:18:17.174  1031  1031 I SecWatchFaceOverlayUi: [SecWatchFaceOverlayUi] updateOngoingActivityAnimation(43) > stop lottie icon animation
04-30 22:18:17.174  1031  1031 I SecWatchFaceOverlayUi: [SecWatchFaceOverlayUi] updateOngoingActivityAnimation(121) > Container : com.google.android.clockwork.sysui.mainui.module.watchfaceoverlay2.container.WfImageButtonContainer@931b1b1
04-30 22:18:17.175  1031  1031 I SecWatchFaceOverlayUi: [SecWatchFaceOverlayUi] updateOngoingActivityAnimation(162) > stop icon animation
04-30 22:18:17.178  1031  1031 I SysUI   : [WatchFaceUiController]showWatchFace: showingWatchFace=false
04-30 22:18:17.178  1031  1031 I SysUI   : [WatchFaceUiController]Showing watch face wallpaper.
04-30 22:18:17.178  1031  1031 W SysUI   : [WatchfaceVisibleImpl] setVisible(114) > diff : 1 / show (1) hide (0)
04-30 22:18:17.178  1031  1031 W SysUI   : [WatchfaceVisibleImpl] setVisible(137) > Show watchface
04-30 22:18:17.179  1031  1111 I SysUI   : [WatchFaceUiController]run to show watchface
04-30 22:18:17.179  1031  1111 I AndroidXWFEngine: [AndroidXWatchFaceEngine] sendSystemState(6) > send system state in sub-thread
04-30 22:18:17.180  1031  1031 I SecWatchFaceOverlayUi: [SetViewToggleButtonReceiver$$ExternalSyntheticOutline0] m(13) > setVisible: true
04-30 22:18:17.180  1031  1230 I AndroidXWFEngine: [AndroidXWatchFaceEngine$$ExternalSyntheticLambda0] run(28) > begin sendSystemStateInternal, WatchFaceSystemState{inAmbientMode=false, interruptionFilter=0, unreadNotificationCount=1, notificationCount=2, statusIndicator=Optional.absent()}
04-30 22:18:17.180  1031  1031 I SecWatchFaceOverlayUi: [SecWatchFaceOverlayUi] updateOngoingActivityAnimation(43) > stop lottie icon animation
04-30 22:18:17.181  1031  1031 I SecWatchFaceOverlayUi: [SecWatchFaceOverlayUi] updateOngoingActivityAnimation(121) > Container : com.google.android.clockwork.sysui.mainui.module.watchfaceoverlay2.container.WfImageButtonContainer@931b1b1
04-30 22:18:17.181  1031  1031 I SecWatchFaceOverlayUi: [SecWatchFaceOverlayUi] updateOngoingActivityAnimation(162) > stop icon animation
04-30 22:18:17.181  1031  1031 I SecWatchFaceOverlayUi: [SecWatchFaceOverlayUi] setWatchFaceShowState(71) > changed view z : 0.0
04-30 22:18:17.181  1031  1031 I SecWatchFaceOverlayUi: [SetViewToggleButtonReceiver$$ExternalSyntheticOutline0] m(13) > setVisible: true
04-30 22:18:17.182  1031  1230 I AndroidXWFEngine: [AndroidXWatchFaceEngine$$ExternalSyntheticLambda0] run(66) > end sendSystemStateInternal
04-30 22:18:17.185  1031  1792 I WNoti   : [WNotiPopupModule$$ExternalSyntheticLambda1] run(47) > WatchFaceVisibility: true
04-30 22:18:17.187  5329  5329 D WatchFaceService: Setting Watch Ui State with WatchUiState{ interruptionFilter=0, inAmbientMode=false } and fromSysUi=true. Existing state: firstSetWatchUiState=false, systemHasSentWatchUiState=true, mutableWatchState.interruptionFilter=0, mutableWatchState.isAmbient=false
04-30 22:18:17.191   605  1362 D DisplayOffload: [DisplayOffloadService] isAvailableWatchFaceOffloading(23) > isSysUIMainActivityOnTop: false
04-30 22:18:17.248  1031  1031 I Dashboard: [DashboardScrollListenerControllerImpl] notifyScrollEvent(26) > refreshScrollEvent (dx,dy=0,0) :: DashboardScrollEventData(eventType=[SCROLL_POSITION, FOCUSED_POSITION], leftPosition=3, rightPosition=3, watchfacePosition=3, centerPosition=3, count=7, scrollState=IDLE, uiCategory=WATCHFACE)
04-30 22:18:17.251  1031  1031 I Dashboard: [DashboardViewImpl] getPosition(169) > left : 3, right : 3, center : 3, watchface : 3, focusedNotificationPosition : -1, focusedTilePosition : -1, completelyVisibleItem : 3, focusedUiCategory : WATCHFACE, focusedViewHolder : WatchfaceRecyclerViewAdapter$onCreateViewHolder$1{430c754 position=3 id=-1, oldPos=-1, pLpos:-1}
04-30 22:18:17.269  1175  1175 D WatchFaceUIModeProvider: UI mode is changed to WATCH_FACE
04-30 22:18:17.278   605  2729 D DisplayOffload: [DisplayOffloadService] isAvailableWatchFaceOffloading(23) > isSysUIMainActivityOnTop: true
04-30 22:18:17.279  1175  1175 D AmbientDream: updateBrightnessControl true, type=1, wf=true, offload state=0, from=com.google.android.clockwork.systemui.ambient.AmbientDream.onWatchFaceUIModeChanged:1 
04-30 22:18:17.303  1031  1031 I SecScreenOnOffSubjectImpl: [SecScreenOnOffSubjectImpl$$ExternalSyntheticLambda0] accept(26) > com.google.android.clockwork.sysui.mainui.module.watchfaceoverlay2.SecWatchFaceOverlayUi@16db1ac onScreenChanged()
04-30 22:18:17.303  1031  1031 I SecWatchFaceOverlayUi: [SecWatchFaceOverlayUi] onScreenChanged(9) > No change in screen state
04-30 22:18:17.314  1031  1031 I SecScreenOnOffSubjectImpl: [SecScreenOnOffSubjectImpl$$ExternalSyntheticLambda0] accept(26) > com.google.android.clockwork.sysui.mainui.module.watchfaceoverlay2.SecWatchFaceOverlayUi@16db1ac onScreenChanged()
04-30 22:18:17.315  1031  1031 I SecWatchFaceOverlayUi: [SecWatchFaceOverlayUi] onScreenChanged(9) > No change in screen state
04-30 22:18:17.321  1031  1031 W Dashboard: [WatchfaceScrollVIDefault$updateWatchfaceScale$1] run(45) > watchface scale : 1.0 -> release(1)
04-30 22:18:30.368  1031  1031 I WFP2Module: [WatchFacePickerModule] onPackageStatusChanged(25) > [com.google.android.inputmethod.latin.overlay.wearmaterial.pixelwatch], android.intent.action.PACKAGE_ADDED (isReplacing = false)
04-30 22:18:30.368  1031  1031 I SecWatchFacePickerController: [WatchFacePickerModule] onPackageStatusChanged(65) > packageName: com.google.android.inputmethod.latin.overlay.wearmaterial.pixelwatch, isPackageUpdated: false
04-30 22:18:32.065  1613  1873 I WCSExt[1.0]: [PackageEventHandler] add the WatchfaceItemInfo
04-30 22:18:32.163  1031 21069 E SecWatchFacePickerController: [SecWatchFacePickerController$$ExternalSyntheticLambda10] run(53) > not DWF
04-30 22:18:32.276  1613  1873 E WCSExt[1.0]: [PackageEventHandler] dwf NameNotFoundException : null
04-30 22:18:32.632  1031  1031 I SecWatchFacePickerController: [SecWatchFacePickerController$11] onSuccess(11) > isWatchFacePackage: false
04-30 22:18:32.757  1031  1031 I WFP2FavManager: [WatchFacePickerFavoritesManagerImpl$$ExternalSyntheticLambda4] apply(149) > Group 0 = [57, 58]
04-30 22:18:32.880  1049 20924 D WearServices: [WatchFaceSystemPackagesMonitor]onPackageChanged: 0 for package name com.google.android.inputmethod.latin.overlay.wearmaterial.pixelwatch
04-30 22:18:32.961  1049 20924 D WearServices: [WatchFaceBackgroundJobs]Updating all watch faces in package: com.google.android.inputmethod.latin.overlay.wearmaterial.pixelwatch
04-30 22:18:33.004  1049  1095 I WearServices: [WatchFacesApi]Favorites Retrieval Successful. Number of Favorites : 2
04-30 22:18:33.013  1031  1031 I WFP2FavManager: [WatchFacePickerFavoritesManagerImpl] requestAllWatchFaceFamiliesWithCache(18) > [All Watchface reqeust] start
04-30 22:18:33.607  1049 21496 E WearServices: [ProviderGetter]Fetched empty list of supported providers: supportedTypes = null, packageName = com.google.android.inputmethod.latin.overlay.wearmaterial.pixelwatch, watchFaceId = null
04-30 22:18:33.834  1031  1031 I WFP2FavManager: [WatchFacePickerFavoritesManagerImpl$1] onSuccess(158) > [All Watchface reqeust] end 28
04-30 22:18:33.835  1031  1031 I WFP2FavManager: [WatchFacePickerFavoritesManagerImpl$$ExternalSyntheticLambda5] apply(19) > mapFavoritesWithFamily
04-30 22:18:33.840  1031  1031 I WFP2FavManager: [WatchFacePickerFavoritesManagerImpl$$ExternalSyntheticLambda5] apply(135) > current = SysUiWatchFaceId[com.google.android.wearable.watchface.rwf,com.google.android.wearable.watchface.koru.reveal.RevealWatchFaceService]
04-30 22:18:33.840  1031  1031 I WFP2FavManager: [WatchFacePickerFavoritesManagerImpl$$ExternalSyntheticLambda21] apply(33) > cachedMappedFavorites : [WFPFavInfo[Reveal:57:1], WFPFavInfo[Pixel Modular:58:1]], favorites : [WFPFavInfo[Reveal:57:1], WFPFavInfo[Pixel Modular:58:1]]
04-30 22:18:33.842  1031  1031 I SecWatchFacePickerController: [SecWatchFacePickerController$19] onSuccess(55) > Fetched 2 favorites in 1210ms, isChanged=true, state=true
04-30 22:18:33.843  1031  1031 I SecWatchFacePickerController: [SecWatchFacePickerController$19] onSuccess(173) > WFP_CHECK: NOT OOBE
04-30 22:18:33.847  1031  1031 I SecWatchFaceOrderRepository2: [SmartSwitchRestoreController$$ExternalSyntheticOutline0] m(8) > loadFavoritesFromCache, current order type : 1
04-30 22:18:33.848  1031  1031 I SecWatchFaceOrderRepository2: [SecWatchFaceOrderRepository2] loadFavorites(175) > Order List : size --> 2
04-30 22:18:33.848  1031  1031 I SecWatchFaceOrderRepository2: 	com.google.android.wearable.watchface.rwf/com.google.android.wearable.watchface.koru.reveal.RevealWatchFaceService : 57
04-30 22:18:33.848  1031  1031 I SecWatchFaceOrderRepository2: 	com.pixelwatchface.arcs/null : 58
04-30 22:18:33.849  1031  1031 I WFP2FavManager: [WatchFacePickerFavoritesManagerImpl] applyFavoritesOrder(23) > order : [com.google.android.wearable.watchface.rwf/com.google.android.wearable.watchface.koru.reveal.RevealWatchFaceService:57, com.pixelwatchface.arcs/null:58]
04-30 22:18:33.854  1031  1031 I SecWatchFaceUtil: [SmartSwitchRestoreController$$ExternalSyntheticOutline0] m(8) > model: 5
04-30 22:18:33.854  1031  1031 I SecWatchFaceUtil: [SmartSwitchRestoreController$$ExternalSyntheticOutline0] m(8) > model: 5
04-30 22:18:33.861  1031  1031 I SecWatchFacePickerView2: [SecWatchFacePickerController$19] onSuccess(501) > List<WatchFaceInfo> : []
04-30 22:18:33.862  1031  1031 I SecWatchFacePickerView2: [SecWatchFacePickerController$19] onSuccess(518) > List<WatchFacePickerFavoriteInfo> : [WFPFavInfo[Reveal:57:1], WFPFavInfo[Pixel Modular:58:1]]
04-30 22:18:33.862  1031  1031 I SecWatchFacePickerView2: [SecWatchFacePickerController$19] onSuccess(535) > currentIdx : 0
04-30 22:18:33.862  1031  1031 I WatchFacePreviewsCache: [SecWatchFacePickerController$19] onSuccess(548) > syncAvailableCaches
04-30 22:18:33.883  1031  1031 I WatchFacePreviewsCache: [WatchFacePreviewsCache] syncFavoriteCaches(6) > syncFavoriteCaches
04-30 22:18:33.883  1031  1031 I WatchFacePreviewsCache: [WatchFacePreviewsCache] syncFavoriteCaches(190) > [ 57 ] is already in our previewCache.
04-30 22:18:33.884  1031  1031 I WatchFacePreviewsCache: [WatchFacePreviewsCache] syncFavoriteCaches(190) > [ 58 ] is already in our previewCache.
04-30 22:18:33.885  1031  1031 I SecWatchFacePickerController: [SecWatchFacePickerController] notifyUiOfBackgroundFavoritesChange(23) > notifyUiOfBackgroundFavoritesChange, current=WFPFavInfo[Reveal:57:1], isUiSet=true
04-30 22:18:33.885  1031  1031 I SecWatchFaceOrderRepository2: [SmartSwitchRestoreController$$ExternalSyntheticOutline0] m(8) > loadFavoritesFromCache, current order type : 1
04-30 22:18:33.885  1031  1031 I SecWatchFaceOrderRepository2: [SecWatchFaceOrderRepository2] loadFavorites(175) > Order List : size --> 2
04-30 22:18:33.885  1031  1031 I SecWatchFaceOrderRepository2: 	com.google.android.wearable.watchface.rwf/com.google.android.wearable.watchface.koru.reveal.RevealWatchFaceService : 57
04-30 22:18:33.885  1031  1031 I SecWatchFaceOrderRepository2: 	com.pixelwatchface.arcs/null : 58
04-30 22:18:33.886  1031  1031 I WFP2FavManager: [WatchFacePickerFavoritesManagerImpl] applyFavoritesOrder(23) > order : [com.google.android.wearable.watchface.rwf/com.google.android.wearable.watchface.koru.reveal.RevealWatchFaceService:57, com.pixelwatchface.arcs/null:58]
04-30 22:18:33.886  1031  1031 I SecWatchFacePickerController: [SecWatchFacePickerController] notifyUiOfBackgroundFavoritesChange(48) > favoriteList : [WFPFavInfo[Reveal:57:1], WFPFavInfo[Pixel Modular:58:1]]
04-30 22:18:33.887  1031  1031 I SecWatchFacePickerView2: [SecWatchFacePickerView2] refreshFavoritesCache(17) > List<WatchFacePickerFavoriteInfo> : [WFPFavInfo[Reveal:57:1], WFPFavInfo[Pixel Modular:58:1]]
04-30 22:18:33.888  1031  1031 I SecWatchFacePickerView2: [SecWatchFacePickerView2] refreshFavoritesCache(34) > currentIdx : 0
04-30 22:18:33.888  1031  1031 I WatchFacePreviewsCache: [WatchFacePreviewsCache] syncFavoriteCaches(6) > syncFavoriteCaches
04-30 22:18:33.888  1031  1031 I WatchFacePreviewsCache: [WatchFacePreviewsCache] syncFavoriteCaches(190) > [ 57 ] is already in our previewCache.
04-30 22:18:33.889  1031  1031 I WatchFacePreviewsCache: [WatchFacePreviewsCache] syncFavoriteCaches(190) > [ 58 ] is already in our previewCache.
04-30 22:18:33.889  1031  1031 I SecWatchFacePickerView2: [SecWatchFacePickerView2] setFavoriteInfoListWithIndicator(30) > Favorite Watch Faces: 2, currentFaceIndex: 0, animateChanges: false, updatePosition: false
04-30 22:18:33.901  1031  1031 I SysUI   : [SecWatchFacePickerUtil] isShopDemo(27) > Shop demo : 0
04-30 22:18:33.902  1031  1031 W SecWatchFaceUtil: [SecWatchFacePickerUtil] isDetachedWithPhone(23) > device type: 1
04-30 22:18:33.903  1031  1031 W SecWatchFaceUtil: [SecBluetoothStateManager$$ExternalSyntheticOutline0] m(13) > isDeviceManaged: false
04-30 22:18:33.916  1031  1031 I SecWatchFacePickerView2: [SecWatchFacePickerView2] focusWatchFaceAtIndex(31) > focusFavoriteAtIndex=0, screenWidth=450, previewSize=254, totalPreviewWidth=276
04-30 22:18:33.917  1031  1031 I SecWatchFacePickerController: [SecWatchFacePickerController$20$1] onRetrieved(5) > onRetrieved
04-30 22:18:33.917  1031  1031 W CwExecutors: Finished  Q:     0 E:    75 SecWatchFacePickerController#fetchFavoritesFuture (Slow)
04-30 22:18:34.419  1031  1031 I SecWatchFacePickerView2: [SchoolModeStateImpl$$ExternalSyntheticOutline0] m(8) > animateCustomizeButton: false, false, false
04-30 22:19:03.153   324   324 D io_stats: !@ Read_top(KB): e.watchface.rwf(5329) 492 c.android.sdhms(1612) 16 f2fs_ckpt-254:4(355) 4
04-30 22:21:07.155   605   605 W ProcessStats: Tracking association SourceState{4fa1ce1 system/1000 BFgs #20303} whose proc state 4 is better than process ProcessState{8bc6b1f com.google.android.wearable.watchface.rwf/10214 pkg=com.google.android.wearable.watchface.rwf} proc state 5 (16 skipped)
04-30 22:21:07.165  1031  1031 I SecWatchFaceOverlayUi: [SetViewToggleButtonReceiver$$ExternalSyntheticOutline0] m(13) > setResumeState : true
04-30 22:21:07.165  1031  1031 I SecWatchFaceOverlayUi: [SecWatchFaceOverlayUi] hideNowBar(53) > NowBar should be hidden. Visibility of secWFNowBarCueContainer : 8, Visibility of secWFNowBarCardContainer : 8
04-30 22:21:07.165  1031  1031 I SecWatchFaceOverlayUi: [SecWatchFaceOverlayUi] hideNowBar(85) > Hide NowBar cue
04-30 22:21:07.166  1031  1031 I SecWatchFaceOverlayUi: [SecWatchFaceOverlayUi] hideNowBar(97) > Hide NowBar card
04-30 22:21:07.166  1031  1031 I SecWatchFaceOverlayUi: [SecWatchFaceOverlayUi] updateOngoingActivityAnimation(43) > stop lottie icon animation
04-30 22:21:07.167  1031  1031 I SecWatchFaceOverlayUi: [SecWatchFaceOverlayUi] updateOngoingActivityAnimation(121) > Container : com.google.android.clockwork.sysui.mainui.module.watchfaceoverlay2.container.WfImageButtonContainer@931b1b1
04-30 22:21:07.167  1031  1031 I SecWatchFaceOverlayUi: [SecWatchFaceOverlayUi] updateOngoingActivityAnimation(162) > stop icon animation
04-30 22:21:07.175  1031  1031 I SecWatchFacePickerController: [WatchFacePickerModule] onResume(14) > onResume()
04-30 22:21:07.225   605   659 V WindowManager: Setting visibility of Window{86925e2 u0 com.google.android.wearable.watchface.koru.reveal.RevealWatchFaceService}: true, caller=com.android.server.wm.WindowContainer.sendAppVisibilityToClients:19 com.android.server.wm.WindowToken.setClientVisible:48 com.android.server.wm.WallpaperWindowToken.setVisible$1:3 com.android.server.wm.WallpaperWindowToken.commitVisibility:48 com.android.server.wm.WallpaperWindowToken.setVisibility:190 
04-30 22:21:07.226  5329  5329 I WatchFaceService: onVisibilityChanged(true)
04-30 22:21:07.319   605   656 I WindowManager: Waiting for drawn Window{86925e2 u0 com.google.android.wearable.watchface.koru.reveal.RevealWatchFaceService}: removed=false visible=true mHasSurface=true drawState=1
04-30 22:21:07.447   605  2729 V WindowManager: Relayout Window{86925e2 u0 com.google.android.wearable.watchface.koru.reveal.RevealWatchFaceService}: viewVisibility=0 req=-1x-1 ty=2013 d0
04-30 22:21:07.448   605  2729 I WindowManager: Waiting for drawn Window{86925e2 u0 com.google.android.wearable.watchface.koru.reveal.RevealWatchFaceService}: removed=false visible=true mHasSurface=true drawState=1
04-30 22:21:07.449   605  2729 I WindowManager: Waiting for drawn Window{86925e2 u0 com.google.android.wearable.watchface.koru.reveal.RevealWatchFaceService}: removed=false visible=true mHasSurface=true drawState=1
04-30 22:21:07.465   605  2729 D WindowManager: finishDrawingWindow: Window{86925e2 u0 com.google.android.wearable.watchface.koru.reveal.RevealWatchFaceService} mDrawState=DRAW_PENDING seqId=2147483647
04-30 22:21:07.484  1031  1031 I WFModule: [WatchFaceModule] onScreenOn(23) > ScreenOn should update display: false
04-30 22:21:07.487  5329  5329 I DisplayOffloadManager: clearWatchFaceLayout, mShim: null, isPeleAvailable: false
04-30 22:21:07.490  5329  5329 I DisplayOffloadManager: clearWatchFaceLayout, mShim: null, isPeleAvailable: false
04-30 22:21:07.492   605   659 V WindowManager: performShowLocked: mDrawState=HAS_DRAWN in Window{86925e2 u0 com.google.android.wearable.watchface.koru.reveal.RevealWatchFaceService}
04-30 22:21:07.493  5329  5329 I DisplayOffloadManager: clearWatchFaceLayout, mShim: null, isPeleAvailable: false
04-30 22:21:07.496  5329  5329 I DisplayOffloadManager: clearWatchFaceLayout, mShim: null, isPeleAvailable: false
04-30 22:21:07.498  1031  1031 I SecWatchFaceOverlayUi: [SecWatchFaceOverlayUi] updateOngoingActivityAnimation(43) > stop lottie icon animation
04-30 22:21:07.498  1031  1031 I SecWatchFaceOverlayUi: [SecWatchFaceOverlayUi] updateOngoingActivityAnimation(121) > Container : com.google.android.clockwork.sysui.mainui.module.watchfaceoverlay2.container.WfImageButtonContainer@931b1b1
04-30 22:21:07.498  1031  1031 I SecWatchFaceOverlayUi: [SecWatchFaceOverlayUi] updateOngoingActivityAnimation(162) > stop icon animation
04-30 22:21:07.500  5329  5329 I DisplayOffloadManager: clearWatchFaceLayout, mShim: null, isPeleAvailable: false
04-30 22:21:07.503  5329  5329 I DisplayOffloadManager: clearWatchFaceLayout, mShim: null, isPeleAvailable: false
04-30 22:21:07.507  5329  5329 I DisplayOffloadManager: clearWatchFaceLayout, mShim: null, isPeleAvailable: false
04-30 22:21:07.510  5329  5329 I DisplayOffloadManager: clearWatchFaceLayout, mShim: null, isPeleAvailable: false
04-30 22:21:07.517  1031  1031 I WFModule: [WatchFaceModule] onKeyguardState(21) > keyguard locked: false
04-30 22:21:07.518  1031  1031 I AndroidXWFEngine: [AndroidXWatchFaceEngine] sendSystemState(6) > send system state in sub-thread
04-30 22:21:07.519  1031  1031 I SecWFOverlayController: [SecWatchFaceOverlayController] setScreenLockEnabled(27) > prev screenLockEnabled: false screenLockEnabled: false
04-30 22:21:07.521  1031  1230 I AndroidXWFEngine: [AndroidXWatchFaceEngine$$ExternalSyntheticLambda0] run(28) > begin sendSystemStateInternal, WatchFaceSystemState{inAmbientMode=false, interruptionFilter=0, unreadNotificationCount=1, notificationCount=2, statusIndicator=Optional.absent()}
04-30 22:21:07.523  1031  1031 I SecScreenOnOffSubjectImpl: [SecScreenOnOffSubjectImpl$$ExternalSyntheticLambda0] accept(26) > com.google.android.clockwork.sysui.mainui.module.watchfaceoverlay2.SecWatchFaceOverlayUi@16db1ac onScreenChanged()
04-30 22:21:07.525  1031  1031 I SecWatchFaceOverlayUi: [SecWatchFaceOverlayUi] onScreenChanged(9) > No change in screen state
04-30 22:21:07.538  1031  1031 W Dashboard: [WatchfaceScrollVIDefault$updateWatchfaceScale$1] run(45) > watchface scale : 1.0 -> release(1)
04-30 22:21:07.539  1031  1031 W Dashboard: [WatchfaceScrollVIDefault$updateWatchfaceScale$1] run(45) > watchface scale : 1.0 -> release(1)
04-30 22:21:07.542  1031  1230 I AndroidXWFEngine: [AndroidXWatchFaceEngine$$ExternalSyntheticLambda0] run(66) > end sendSystemStateInternal
04-30 22:21:07.556  5329  5329 D WatchFaceService: Setting Watch Ui State with WatchUiState{ interruptionFilter=0, inAmbientMode=false } and fromSysUi=true. Existing state: firstSetWatchUiState=false, systemHasSentWatchUiState=true, mutableWatchState.interruptionFilter=0, mutableWatchState.isAmbient=false
04-30 22:21:07.620   605   659 I WindowManager: Waiting for drawn Window{86925e2 u0 com.google.android.wearable.watchface.koru.reveal.RevealWatchFaceService}: removed=false visible=true mHasSurface=true drawState=4
04-30 22:21:07.620   605   659 D WindowManager: Window drawn win=Window{86925e2 u0 com.google.android.wearable.watchface.koru.reveal.RevealWatchFaceService}
04-30 22:21:07.657   605  1600 D DisplayOffload: [DisplayOffloadService] isAvailableWatchFaceOffloading(23) > isSysUIMainActivityOnTop: true
04-30 22:21:07.657   605  1600 I DisplayOffload: [DisplayOffloadService] recomputeDozeOverrideLocked(299) > ambientDreamScreenState: 1, shouldBlock: false, forceFallbackToDream: true, inAmbient: false, mCanDozeOverride: true, readyToDisplayLocked(): false, mDisplayOffloadIsControlling: false, mDisplayOffloadScreenStateOverride: 0, isAvailableWatchFaceOffloading(): true, isAvailableActivityOffloading(): false, mIsBrghtnessOnlyModeLikely: true, mDozeTimerExpiredCount: 0
04-30 22:21:07.658  1031  1031 I SecScreenOnOffSubjectImpl: [SecScreenOnOffSubjectImpl$$ExternalSyntheticLambda0] accept(26) > com.google.android.clockwork.sysui.mainui.module.watchfaceoverlay2.SecWatchFaceOverlayUi@16db1ac onScreenChanged()
04-30 22:21:07.659  1031  1031 I SecWatchFaceOverlayUi: [SecWatchFaceOverlayUi] onScreenChanged(9) > No change in screen state
